Archive member included to satisfy reference by file (symbol)

library.a(initialize.o)       obj/Lab2A-Main-c.o (InitializeHardware)
library.a(stm32f429i_discovery.o)
                              library.a(initialize.o) (BSP_PB_Init)
library.a(stm32f429i_discovery_lcd.o)
                              library.a(initialize.o) (BSP_LCD_LayerDefaultInit)
library.a(stm32f429i_discovery_sdram.o)
                              library.a(stm32f429i_discovery_lcd.o) (BSP_SDRAM_Init)
library.a(stm32f4xx_hal.o)    library.a(initialize.o) (HAL_Init)
library.a(stm32f4xx_hal_cortex.o)
                              library.a(stm32f4xx_hal.o) (HAL_NVIC_SetPriorityGrouping)
library.a(stm32f4xx_hal_dma.o)
                              library.a(stm32f429i_discovery_sdram.o) (HAL_DMA_Init)
library.a(stm32f4xx_hal_dma2d.o)
                              library.a(stm32f429i_discovery_lcd.o) (HAL_DMA2D_Init)
library.a(stm32f4xx_hal_gpio.o)
                              library.a(stm32f429i_discovery.o) (HAL_GPIO_Init)
library.a(stm32f4xx_hal_i2c.o)
                              library.a(stm32f429i_discovery.o) (HAL_I2C_Init)
library.a(stm32f4xx_hal_ltdc.o)
                              library.a(stm32f429i_discovery_lcd.o) (HAL_LTDC_Init)
library.a(stm32f4xx_hal_rcc.o)
                              library.a(initialize.o) (HAL_RCC_OscConfig)
library.a(stm32f4xx_hal_rcc_ex.o)
                              library.a(stm32f429i_discovery_lcd.o) (HAL_RCCEx_PeriphCLKConfig)
library.a(stm32f4xx_hal_sdram.o)
                              library.a(stm32f429i_discovery_sdram.o) (HAL_SDRAM_Init)
library.a(stm32f4xx_hal_spi.o)
                              library.a(stm32f429i_discovery.o) (HAL_SPI_Init)
library.a(stm32f4xx_it.o)     library.a(initialize.o) (IncludeThis)
library.a(stm32f4xx_ll_fmc.o)
                              library.a(stm32f4xx_hal_sdram.o) (FMC_SDRAM_Init)
library.a(svcHandler.o)       library.a(stm32f4xx_it.o) (SVC_Exception)
library.a(system_stm32f4xx.o)
                              library.a(stm32f4xx_hal_rcc.o) (SystemCoreClock)
library.a(startup_stm32f429xx.o)
                              library.a(initialize.o) (Reset_Handler)
library.a(ili9341.o)          library.a(stm32f429i_discovery_lcd.o) (ili9341_drv)
/Applications/ARM/bin/../lib/gcc/arm-none-eabi/10.3.1/../../../../arm-none-eabi/lib/thumb/v7e-m+fp/hard/libc.a(lib_a-exit.o)
                              /Applications/ARM/bin/../lib/gcc/arm-none-eabi/10.3.1/../../../../arm-none-eabi/lib/thumb/v7e-m+fp/hard/crt0.o (exit)
/Applications/ARM/bin/../lib/gcc/arm-none-eabi/10.3.1/../../../../arm-none-eabi/lib/thumb/v7e-m+fp/hard/libc.a(lib_a-impure.o)
                              /Applications/ARM/bin/../lib/gcc/arm-none-eabi/10.3.1/../../../../arm-none-eabi/lib/thumb/v7e-m+fp/hard/libc.a(lib_a-exit.o) (_global_impure_ptr)
/Applications/ARM/bin/../lib/gcc/arm-none-eabi/10.3.1/../../../../arm-none-eabi/lib/thumb/v7e-m+fp/hard/libc.a(lib_a-init.o)
                              /Applications/ARM/bin/../lib/gcc/arm-none-eabi/10.3.1/../../../../arm-none-eabi/lib/thumb/v7e-m+fp/hard/crt0.o (__libc_init_array)
/Applications/ARM/bin/../lib/gcc/arm-none-eabi/10.3.1/../../../../arm-none-eabi/lib/thumb/v7e-m+fp/hard/libc.a(lib_a-memcpy.o)
                              library.a(svcHandler.o) (memcpy)
/Applications/ARM/bin/../lib/gcc/arm-none-eabi/10.3.1/../../../../arm-none-eabi/lib/thumb/v7e-m+fp/hard/libc.a(lib_a-memset.o)
                              /Applications/ARM/bin/../lib/gcc/arm-none-eabi/10.3.1/../../../../arm-none-eabi/lib/thumb/v7e-m+fp/hard/crt0.o (memset)
/Applications/ARM/bin/../lib/gcc/arm-none-eabi/10.3.1/../../../../arm-none-eabi/lib/thumb/v7e-m+fp/hard/libc.a(lib_a-printf.o)
                              library.a(initialize.o) (printf)
/Applications/ARM/bin/../lib/gcc/arm-none-eabi/10.3.1/../../../../arm-none-eabi/lib/thumb/v7e-m+fp/hard/libc.a(lib_a-sprintf.o)
                              library.a(svcHandler.o) (sprintf)
/Applications/ARM/bin/../lib/gcc/arm-none-eabi/10.3.1/../../../../arm-none-eabi/lib/thumb/v7e-m+fp/hard/libc.a(lib_a-strcpy.o)
                              library.a(initialize.o) (strcpy)
/Applications/ARM/bin/../lib/gcc/arm-none-eabi/10.3.1/../../../../arm-none-eabi/lib/thumb/v7e-m+fp/hard/libc.a(lib_a-strlen.o)
                              obj/Lab2A-Main-c.o (strlen)
/Applications/ARM/bin/../lib/gcc/arm-none-eabi/10.3.1/../../../../arm-none-eabi/lib/thumb/v7e-m+fp/hard/libc.a(lib_a-svfprintf.o)
                              /Applications/ARM/bin/../lib/gcc/arm-none-eabi/10.3.1/../../../../arm-none-eabi/lib/thumb/v7e-m+fp/hard/libc.a(lib_a-sprintf.o) (_svfprintf_r)
/Applications/ARM/bin/../lib/gcc/arm-none-eabi/10.3.1/../../../../arm-none-eabi/lib/thumb/v7e-m+fp/hard/libc.a(lib_a-vfprintf.o)
                              /Applications/ARM/bin/../lib/gcc/arm-none-eabi/10.3.1/../../../../arm-none-eabi/lib/thumb/v7e-m+fp/hard/libc.a(lib_a-printf.o) (_vfprintf_r)
[...]
Memory Configuration

Name             Origin             Length             Attributes
ROM              0x0000000008000000 0x0000000000200000 xr
RAM              0x0000000020000000 0x0000000000030000 xrw
CCM              0x0000000010000000 0x0000000000010000 xrw
*default*        0x0000000000000000 0xffffffffffffffff

Linker script and memory map

LOAD /Applications/ARM/bin/../lib/gcc/arm-none-eabi/10.3.1/thumb/v7e-m+fp/hard/crti.o
LOAD /Applications/ARM/bin/../lib/gcc/arm-none-eabi/10.3.1/thumb/v7e-m+fp/hard/crtbegin.o
LOAD /Applications/ARM/bin/../lib/gcc/arm-none-eabi/10.3.1/../../../../arm-none-eabi/lib/thumb/v7e-m+fp/hard/crt0.o
LOAD obj/Lab2A-Func-c.o
LOAD obj/Lab2A-Main-c.o
LOAD library.a
LOAD library.a
LOAD /Applications/ARM/bin/../lib/gcc/arm-none-eabi/10.3.1/../../../../arm-none-eabi/lib/thumb/v7e-m+fp/hard/libm.a
LOAD /Applications/ARM/bin/../lib/gcc/arm-none-eabi/10.3.1/../../../../arm-none-eabi/lib/thumb/v7e-m+fp/hard/libc.a
LOAD /Applications/ARM/bin/../lib/gcc/arm-none-eabi/10.3.1/../../../../arm-none-eabi/lib/thumb/v7e-m+fp/hard/libnosys.a
LOAD /Applications/ARM/bin/../lib/gcc/arm-none-eabi/10.3.1/../../../../arm-none-eabi/lib/thumb/v7e-m+fp/hard/libc.a
START GROUP
LOAD /Applications/ARM/bin/../lib/gcc/arm-none-eabi/10.3.1/thumb/v7e-m+fp/hard/libgcc.a
LOAD /Applications/ARM/bin/../lib/gcc/arm-none-eabi/10.3.1/../../../../arm-none-eabi/lib/thumb/v7e-m+fp/hard/libc.a
END GROUP
LOAD /Applications/ARM/bin/../lib/gcc/arm-none-eabi/10.3.1/thumb/v7e-m+fp/hard/crtend.o
LOAD /Applications/ARM/bin/../lib/gcc/arm-none-eabi/10.3.1/thumb/v7e-m+fp/hard/crtn.o

.text           0x0000000008000000    0x108ec
 *(.isr_vector)
 .isr_vector    0x0000000008000000      0x1ac library.a(startup_stm32f429xx.o)
                0x0000000008000000                __isr_vector
 *(.text*)
 .text          0x00000000080001ac       0x40 /Applications/ARM/bin/../lib/gcc/arm-none-eabi/10.3.1/thumb/v7e-m+fp/hard/crtbegin.o
 .text          0x00000000080001ec       0x7c /Applications/ARM/bin/../lib/gcc/arm-none-eabi/10.3.1/../../../../arm-none-eabi/lib/thumb/v7e-m+fp/hard/crt0.o
                0x00000000080001ec                _stack_init
                0x00000000080001f4                _mainCRTStartup
                0x00000000080001f4                _start
 .text.Bits2Signed
                0x0000000008000268       0x4c obj/Lab2A-Func-c.o
                0x0000000008000268                Bits2Signed
 .text.Bits2Unsigned
                0x00000000080002b4       0x40 obj/Lab2A-Func-c.o
                0x00000000080002b4                Bits2Unsigned
 .text.Increment
                0x00000000080002f4       0x60 obj/Lab2A-Func-c.o
                0x00000000080002f4                Increment
 .text.Unsigned2Bits
                0x0000000008000354       0x40 obj/Lab2A-Func-c.o
                0x0000000008000354                Unsigned2Bits
 .text.PutStringAt
                0x0000000008000394       0x30 obj/Lab2A-Main-c.o
 .text.Error    0x00000000080003c4      0x14c obj/Lab2A-Main-c.o
 .text.startup.main
                0x0000000008000510      0xce4 obj/Lab2A-Main-c.o
                0x0000000008000510                main
 .text.TextRows
                0x00000000080011f4       0x12 library.a(initialize.o)
 *fill*         0x0000000008001206        0x2 
 .text.ClearDisplay
                0x0000000008001208       0x34 library.a(initialize.o)
                0x0000000008001208                ClearDisplay
 .text.DisplayHeader
                0x000000000800123c       0x7c library.a(initialize.o)
                0x000000000800123c                DisplayHeader
 .text.DisplayFooter
                0x00000000080012b8       0x58 library.a(initialize.o)
                0x00000000080012b8                DisplayFooter
 .text._write   0x0000000008001310      0x104 library.a(initialize.o)
                0x0000000008001310                _write
 .text.InitializeHardware
                0x0000000008001414      0x124 library.a(initialize.o)
                0x0000000008001414                InitializeHardware
 .text.WaitForPushButton
                0x0000000008001538       0x18 library.a(initialize.o)
                0x0000000008001538                WaitForPushButton
 .text.GetClockCycleCount
                0x0000000008001550        0xc library.a(initialize.o)
                0x0000000008001550                GetClockCycleCount
 .text.SPIx_Init
                0x000000000800155c       0x98 library.a(stm32f429i_discovery.o)
 .text.SPIx_Write
                0x00000000080015f4       0x30 library.a(stm32f429i_discovery.o)
 .text.BSP_PB_Init
                0x0000000008001624       0x70 library.a(stm32f429i_discovery.o)
                0x0000000008001624                BSP_PB_Init
 .text.BSP_PB_GetState
                0x0000000008001694       0x14 library.a(stm32f429i_discovery.o)
                0x0000000008001694                BSP_PB_GetState
 .text.LCD_IO_Init
                0x00000000080016a8       0xb0 library.a(stm32f429i_discovery.o)
                0x00000000080016a8                LCD_IO_Init
 .text.LCD_IO_WriteData
                0x0000000008001758       0x38 library.a(stm32f429i_discovery.o)
                0x0000000008001758                LCD_IO_WriteData
 .text.LCD_IO_WriteReg
                0x0000000008001790       0x38 library.a(stm32f429i_discovery.o)
                0x0000000008001790                LCD_IO_WriteReg
 .text.LCD_IO_ReadData
                0x00000000080017c8       0x6c library.a(stm32f429i_discovery.o)
                0x00000000080017c8                LCD_IO_ReadData
 .text.LCD_Delay
                0x0000000008001834        0x4 library.a(stm32f429i_discovery.o)
                0x0000000008001834                LCD_Delay
 .text.FillBuffer
                0x0000000008001838       0x64 library.a(stm32f429i_discovery_lcd.o)
 .text.BSP_LCD_GetXSize
                0x000000000800189c       0x10 library.a(stm32f429i_discovery_lcd.o)
                0x000000000800189c                BSP_LCD_GetXSize
 .text.BSP_LCD_GetYSize
                0x00000000080018ac       0x10 library.a(stm32f429i_discovery_lcd.o)
                0x00000000080018ac                BSP_LCD_GetYSize
 .text.BSP_LCD_LayerDefaultInit
                0x00000000080018bc       0x7c library.a(stm32f429i_discovery_lcd.o)
                0x00000000080018bc                BSP_LCD_LayerDefaultInit
 .text.BSP_LCD_SelectLayer
                0x0000000008001938        0xc library.a(stm32f429i_discovery_lcd.o)
                0x0000000008001938                BSP_LCD_SelectLayer
 .text.BSP_LCD_GetTextColor
                0x0000000008001944       0x18 library.a(stm32f429i_discovery_lcd.o)
                0x0000000008001944                BSP_LCD_GetTextColor
 .text.BSP_LCD_GetBackColor
                0x000000000800195c       0x18 library.a(stm32f429i_discovery_lcd.o)
                0x000000000800195c                BSP_LCD_GetBackColor
 .text.BSP_LCD_SetTextColor
                0x0000000008001974       0x18 library.a(stm32f429i_discovery_lcd.o)
                0x0000000008001974                BSP_LCD_SetTextColor
 .text.BSP_LCD_SetBackColor
                0x000000000800198c       0x18 library.a(stm32f429i_discovery_lcd.o)
                0x000000000800198c                BSP_LCD_SetBackColor
 .text.BSP_LCD_SetFont
                0x00000000080019a4       0x18 library.a(stm32f429i_discovery_lcd.o)
                0x00000000080019a4                BSP_LCD_SetFont
 .text.BSP_LCD_Init
                0x00000000080019bc      0x1bc library.a(stm32f429i_discovery_lcd.o)
                0x00000000080019bc                BSP_LCD_Init
 .text.BSP_LCD_GetFont
                0x0000000008001b78       0x18 library.a(stm32f429i_discovery_lcd.o)
                0x0000000008001b78                BSP_LCD_GetFont
 .text.BSP_LCD_Clear
                0x0000000008001b90       0x40 library.a(stm32f429i_discovery_lcd.o)
                0x0000000008001b90                BSP_LCD_Clear
 .text.BSP_LCD_DrawHLine
                0x0000000008001bd0       0x50 library.a(stm32f429i_discovery_lcd.o)
                0x0000000008001bd0                BSP_LCD_DrawHLine
 .text.BSP_LCD_DrawVLine
                0x0000000008001c20       0x5c library.a(stm32f429i_discovery_lcd.o)
                0x0000000008001c20                BSP_LCD_DrawVLine
 .text.BSP_LCD_DrawRect
                0x0000000008001c7c       0x34 library.a(stm32f429i_discovery_lcd.o)
                0x0000000008001c7c                BSP_LCD_DrawRect
 .text.BSP_LCD_FillRect
                0x0000000008001cb0       0x74 library.a(stm32f429i_discovery_lcd.o)
                0x0000000008001cb0                BSP_LCD_FillRect
 .text.BSP_LCD_DisplayOn
                0x0000000008001d24       0x10 library.a(stm32f429i_discovery_lcd.o)
                0x0000000008001d24                BSP_LCD_DisplayOn
 .text.BSP_LCD_DrawPixel
                0x0000000008001d34       0x2c library.a(stm32f429i_discovery_lcd.o)
                0x0000000008001d34                BSP_LCD_DrawPixel
 .text.BSP_LCD_DisplayChar
                0x0000000008001d60       0xd4 library.a(stm32f429i_discovery_lcd.o)
                0x0000000008001d60                BSP_LCD_DisplayChar
 .text.BSP_LCD_DisplayStringAt
                0x0000000008001e34       0x9c library.a(stm32f429i_discovery_lcd.o)
                0x0000000008001e34                BSP_LCD_DisplayStringAt
 .text.BSP_LCD_DrawLine
                0x0000000008001ed0       0xa4 library.a(stm32f429i_discovery_lcd.o)
                0x0000000008001ed0                BSP_LCD_DrawLine
 .text.BSP_LCD_FillTriangle
                0x0000000008001f74       0xae library.a(stm32f429i_discovery_lcd.o)
                0x0000000008001f74                BSP_LCD_FillTriangle
 *fill*         0x0000000008002022        0x2 
 .text.BSP_LCD_DrawCircle
                0x0000000008002024      0x120 library.a(stm32f429i_discovery_lcd.o)
                0x0000000008002024                BSP_LCD_DrawCircle
 .text.BSP_SDRAM_Initialization_sequence
                0x0000000008002144       0x94 library.a(stm32f429i_discovery_sdram.o)
                0x0000000008002144                BSP_SDRAM_Initialization_sequence
 .text.BSP_SDRAM_Init
                0x00000000080021d8      0x1c8 library.a(stm32f429i_discovery_sdram.o)
                0x00000000080021d8                BSP_SDRAM_Init
 .text.HAL_MspInit
                0x00000000080023a0        0x2 library.a(stm32f4xx_hal.o)
                0x00000000080023a0                HAL_MspInit
 .text.HAL_InitTick
                0x00000000080023a2       0x28 library.a(stm32f4xx_hal.o)
                0x00000000080023a2                HAL_InitTick
 *fill*         0x00000000080023ca        0x2 
 .text.HAL_Init
                0x00000000080023cc       0x34 library.a(stm32f4xx_hal.o)
                0x00000000080023cc                HAL_Init
 .text.HAL_IncTick
                0x0000000008002400       0x10 library.a(stm32f4xx_hal.o)
                0x0000000008002400                HAL_IncTick
 .text.HAL_GetTick
                0x0000000008002410        0xc library.a(stm32f4xx_hal.o)
                0x0000000008002410                HAL_GetTick
 .text.HAL_Delay
                0x000000000800241c       0x1a library.a(stm32f4xx_hal.o)
                0x000000000800241c                HAL_Delay
 *fill*         0x0000000008002436        0x2 
 .text.HAL_NVIC_SetPriorityGrouping
                0x0000000008002438       0x24 library.a(stm32f4xx_hal_cortex.o)
                0x0000000008002438                HAL_NVIC_SetPriorityGrouping
 .text.HAL_NVIC_SetPriority
                0x000000000800245c       0x68 library.a(stm32f4xx_hal_cortex.o)
                0x000000000800245c                HAL_NVIC_SetPriority
 .text.HAL_NVIC_EnableIRQ
                0x00000000080024c4       0x18 library.a(stm32f4xx_hal_cortex.o)
                0x00000000080024c4                HAL_NVIC_EnableIRQ
 .text.HAL_SYSTICK_Config
                0x00000000080024dc       0x28 library.a(stm32f4xx_hal_cortex.o)
                0x00000000080024dc                HAL_SYSTICK_Config
 .text.HAL_DMA_Init
                0x0000000008002504       0x78 library.a(stm32f4xx_hal_dma.o)
                0x0000000008002504                HAL_DMA_Init
 .text.HAL_DMA_DeInit
                0x000000000800257c      0xacc library.a(stm32f4xx_hal_dma.o)
                0x000000000800257c                HAL_DMA_DeInit
 .text.DMA2D_SetConfig
                0x0000000008003048       0x80 library.a(stm32f4xx_hal_dma2d.o)
 .text.HAL_DMA2D_MspInit
                0x00000000080030c8        0x2 library.a(stm32f4xx_hal_dma2d.o)
                0x00000000080030c8                HAL_DMA2D_MspInit
 .text.HAL_DMA2D_Init
                0x00000000080030ca       0x5c library.a(stm32f4xx_hal_dma2d.o)
                0x00000000080030ca                HAL_DMA2D_Init
 .text.HAL_DMA2D_Start
                0x0000000008003126       0x40 library.a(stm32f4xx_hal_dma2d.o)
                0x0000000008003126                HAL_DMA2D_Start
 .text.HAL_DMA2D_PollForTransfer
                0x0000000008003166       0xc4 library.a(stm32f4xx_hal_dma2d.o)
                0x0000000008003166                HAL_DMA2D_PollForTransfer
 *fill*         0x000000000800322a        0x2 
 .text.HAL_DMA2D_ConfigLayer
                0x000000000800322c       0xd8 library.a(stm32f4xx_hal_dma2d.o)
                0x000000000800322c                HAL_DMA2D_ConfigLayer
 .text.HAL_GPIO_Init
                0x0000000008003304      0x1d8 library.a(stm32f4xx_hal_gpio.o)
                0x0000000008003304                HAL_GPIO_Init
 .text.HAL_GPIO_ReadPin
                0x00000000080034dc        0xc library.a(stm32f4xx_hal_gpio.o)
                0x00000000080034dc                HAL_GPIO_ReadPin
 .text.HAL_GPIO_WritePin
                0x00000000080034e8        0xa library.a(stm32f4xx_hal_gpio.o)
                0x00000000080034e8                HAL_GPIO_WritePin
 .text.LTDC_SetConfig
                0x00000000080034f2      0x148 library.a(stm32f4xx_hal_ltdc.o)
 .text.HAL_LTDC_MspInit
                0x000000000800363a        0x2 library.a(stm32f4xx_hal_ltdc.o)
                0x000000000800363a                HAL_LTDC_MspInit
 .text.HAL_LTDC_Init
                0x000000000800363c       0xfc library.a(stm32f4xx_hal_ltdc.o)
                0x000000000800363c                HAL_LTDC_Init
 .text.HAL_LTDC_ConfigLayer
                0x0000000008003738       0x5c library.a(stm32f4xx_hal_ltdc.o)
                0x0000000008003738                HAL_LTDC_ConfigLayer
 .text.HAL_LTDC_EnableDither
                0x0000000008003794       0x34 library.a(stm32f4xx_hal_ltdc.o)
                0x0000000008003794                HAL_LTDC_EnableDither
 .text.HAL_RCC_OscConfig
                0x00000000080037c8      0x330 library.a(stm32f4xx_hal_rcc.o)
                0x00000000080037c8                HAL_RCC_OscConfig
 .text.HAL_RCC_ClockConfig
                0x0000000008003af8      0x1f8 library.a(stm32f4xx_hal_rcc.o)
                0x0000000008003af8                HAL_RCC_ClockConfig
 .text.HAL_RCC_GetSysClockFreq
                0x0000000008003cf0       0x78 library.a(stm32f4xx_hal_rcc.o)
                0x0000000008003cf0                HAL_RCC_GetSysClockFreq
 .text.HAL_RCC_GetHCLKFreq
                0x0000000008003d68       0x38 library.a(stm32f4xx_hal_rcc.o)
                0x0000000008003d68                HAL_RCC_GetHCLKFreq
 .text.HAL_RCCEx_PeriphCLKConfig
                0x0000000008003da0      0x2dc library.a(stm32f4xx_hal_rcc_ex.o)
                0x0000000008003da0                HAL_RCCEx_PeriphCLKConfig
 .text.HAL_SDRAM_MspInit
                0x000000000800407c        0x2 library.a(stm32f4xx_hal_sdram.o)
                0x000000000800407c                HAL_SDRAM_MspInit
 .text.HAL_SDRAM_Init
                0x000000000800407e       0x40 library.a(stm32f4xx_hal_sdram.o)
                0x000000000800407e                HAL_SDRAM_Init
 .text.HAL_SDRAM_SendCommand
                0x00000000080040be       0x2e library.a(stm32f4xx_hal_sdram.o)
                0x00000000080040be                HAL_SDRAM_SendCommand
 .text.HAL_SDRAM_ProgramRefreshRate
                0x00000000080040ec       0x24 library.a(stm32f4xx_hal_sdram.o)
                0x00000000080040ec                HAL_SDRAM_ProgramRefreshRate
 .text.SPI_WaitOnFlagUntilTimeout
                0x0000000008004110       0x94 library.a(stm32f4xx_hal_spi.o)
 .text.HAL_SPI_MspInit
                0x00000000080041a4        0x2 library.a(stm32f4xx_hal_spi.o)
                0x00000000080041a4                HAL_SPI_MspInit
 .text.HAL_SPI_Init
                0x00000000080041a6       0x82 library.a(stm32f4xx_hal_spi.o)
                0x00000000080041a6                HAL_SPI_Init
 .text.HAL_SPI_MspDeInit
                0x0000000008004228        0x2 library.a(stm32f4xx_hal_spi.o)
                0x0000000008004228                HAL_SPI_MspDeInit
 .text.HAL_SPI_DeInit
                0x000000000800422a       0x26 library.a(stm32f4xx_hal_spi.o)
                0x000000000800422a                HAL_SPI_DeInit
 .text.HAL_SPI_Transmit
                0x0000000008004250      0x164 library.a(stm32f4xx_hal_spi.o)
                0x0000000008004250                HAL_SPI_Transmit
 .text.HAL_SPI_TransmitReceive
                0x00000000080043b4      0x2c2 library.a(stm32f4xx_hal_spi.o)
                0x00000000080043b4                HAL_SPI_TransmitReceive
 .text.HAL_SPI_Receive
                0x0000000008004676      0x1d2 library.a(stm32f4xx_hal_spi.o)
                0x0000000008004676                HAL_SPI_Receive
 .text.HAL_SPI_GetState
                0x0000000008004848        0x6 library.a(stm32f4xx_hal_spi.o)
                0x0000000008004848                HAL_SPI_GetState
 .text.NMI_Handler
                0x000000000800484e        0x2 library.a(stm32f4xx_it.o)
                0x000000000800484e                NMI_Handler
 .text.SVC_Handler
                0x0000000008004850       0x20 library.a(stm32f4xx_it.o)
                0x0000000008004850                SVC_Handler
 .text.DebugMon_Handler
                0x0000000008004870        0x2 library.a(stm32f4xx_it.o)
                0x0000000008004870                DebugMon_Handler
 .text.PendSV_Handler
                0x0000000008004872        0x2 library.a(stm32f4xx_it.o)
                0x0000000008004872                PendSV_Handler
 .text.SysTick_Handler
                0x0000000008004874        0x4 library.a(stm32f4xx_it.o)
                0x0000000008004874                SysTick_Handler
 .text.FMC_SDRAM_Init
                0x0000000008004878       0x6c library.a(stm32f4xx_ll_fmc.o)
                0x0000000008004878                FMC_SDRAM_Init
 .text.FMC_SDRAM_Timing_Init
                0x00000000080048e4       0x70 library.a(stm32f4xx_ll_fmc.o)
                0x00000000080048e4                FMC_SDRAM_Timing_Init
 .text.FMC_SDRAM_SendCommand
                0x0000000008004954       0x50 library.a(stm32f4xx_ll_fmc.o)
                0x0000000008004954                FMC_SDRAM_SendCommand
 .text.FMC_SDRAM_ProgramRefreshRate
                0x00000000080049a4        0xc library.a(stm32f4xx_ll_fmc.o)
                0x00000000080049a4                FMC_SDRAM_ProgramRefreshRate
 .text.SVC_Label
                0x00000000080049b0       0x58 library.a(svcHandler.o)
 .text.Preserve
                0x0000000008004a08       0xa8 library.a(svcHandler.o)
 .text.HardStopHandler
                0x0000000008004ab0       0x94 library.a(svcHandler.o)
 .text.Restore  0x0000000008004b44       0x5c library.a(svcHandler.o)
 .text.FlPtRegs
                0x0000000008004ba0       0xa4 library.a(svcHandler.o)
 .text._MemManageHandler
                0x0000000008004c44       0x10 library.a(svcHandler.o)
                0x0000000008004c44                _MemManageHandler
 .text.MemManage_Handler
                0x0000000008004c54        0xc library.a(svcHandler.o)
                0x0000000008004c54                MemManage_Handler
 .text._BusFault_Handler
                0x0000000008004c60       0x10 library.a(svcHandler.o)
                0x0000000008004c60                _BusFault_Handler
 .text.BusFault_Handler
                0x0000000008004c70        0xc library.a(svcHandler.o)
                0x0000000008004c70                BusFault_Handler
 .text._HardFault_Handler
                0x0000000008004c7c       0x10 library.a(svcHandler.o)
                0x0000000008004c7c                _HardFault_Handler
 .text.HardFault_Handler
                0x0000000008004c8c        0xc library.a(svcHandler.o)
                0x0000000008004c8c                HardFault_Handler
 .text._UsageFault_Handler
                0x0000000008004c98       0x38 library.a(svcHandler.o)
                0x0000000008004c98                _UsageFault_Handler
 .text.UsageFault_Handler
                0x0000000008004cd0        0xc library.a(svcHandler.o)
                0x0000000008004cd0                UsageFault_Handler
 .text.SVC_Exception
                0x0000000008004cdc       0xd8 library.a(svcHandler.o)
                0x0000000008004cdc                SVC_Exception
 .text.SystemInit
                0x0000000008004db4       0x4c library.a(system_stm32f4xx.o)
                0x0000000008004db4                SystemInit
 .text          0x0000000008004e00      0x118 library.a(startup_stm32f429xx.o)
                0x0000000008004e00                Reset_Handler
                0x0000000008004e58                Default_Handler
                0x0000000008004e5a                WWDG_IRQHandler
                0x0000000008004e5c                PVD_IRQHandler
                0x0000000008004e5e                TAMP_STAMP_IRQHandler
                0x0000000008004e60                RTC_WKUP_IRQHandler
                0x0000000008004e62                FLASH_IRQHandler
                0x0000000008004e64                RCC_IRQHandler
                0x0000000008004e66                EXTI0_IRQHandler
                0x0000000008004e68                EXTI1_IRQHandler
                0x0000000008004e6a                EXTI2_IRQHandler
                0x0000000008004e6c                EXTI3_IRQHandler
                0x0000000008004e6e                EXTI4_IRQHandler
                0x0000000008004e70                DMA1_Stream0_IRQHandler
                0x0000000008004e72                DMA1_Stream1_IRQHandler
                0x0000000008004e74                DMA1_Stream2_IRQHandler
                0x0000000008004e76                DMA1_Stream3_IRQHandler
                0x0000000008004e78                DMA1_Stream4_IRQHandler
                0x0000000008004e7a                DMA1_Stream5_IRQHandler
                0x0000000008004e7c                DMA1_Stream6_IRQHandler
                0x0000000008004e7e                ADC_IRQHandler
                0x0000000008004e80                CAN1_TX_IRQHandler
                0x0000000008004e82                CAN1_RX0_IRQHandler
                0x0000000008004e84                CAN1_RX1_IRQHandler
                0x0000000008004e86                CAN1_SCE_IRQHandler
                0x0000000008004e88                EXTI9_5_IRQHandler
                0x0000000008004e8a                TIM1_BRK_TIM9_IRQHandler
                0x0000000008004e8c                TIM1_UP_TIM10_IRQHandler
                0x0000000008004e8e                TIM1_TRG_COM_TIM11_IRQHandler
                0x0000000008004e90                TIM1_CC_IRQHandler
                0x0000000008004e92                TIM2_IRQHandler
                0x0000000008004e94                TIM3_IRQHandler
                0x0000000008004e96                TIM4_IRQHandler
                0x0000000008004e98                I2C1_EV_IRQHandler
                0x0000000008004e9a                I2C1_ER_IRQHandler
                0x0000000008004e9c                I2C2_EV_IRQHandler
                0x0000000008004e9e                I2C2_ER_IRQHandler
                0x0000000008004ea0                SPI1_IRQHandler
                0x0000000008004ea2                SPI2_IRQHandler
                0x0000000008004ea4                USART1_IRQHandler
                0x0000000008004ea6                USART2_IRQHandler
                0x0000000008004ea8                USART3_IRQHandler
                0x0000000008004eaa                EXTI15_10_IRQHandler
                0x0000000008004eac                RTC_Alarm_IRQHandler
                0x0000000008004eae                OTG_FS_WKUP_IRQHandler
                0x0000000008004eb0                TIM8_BRK_TIM12_IRQHandler
                0x0000000008004eb2                TIM8_UP_TIM13_IRQHandler
                0x0000000008004eb4                TIM8_TRG_COM_TIM14_IRQHandler
                0x0000000008004eb6                TIM8_CC_IRQHandler
                0x0000000008004eb8                DMA1_Stream7_IRQHandler
                0x0000000008004eba                FSMC_IRQHandler
                0x0000000008004ebc                SDIO_IRQHandler
                0x0000000008004ebe                TIM5_IRQHandler
                0x0000000008004ec0                SPI3_IRQHandler
                0x0000000008004ec2                UART4_IRQHandler
                0x0000000008004ec4                UART5_IRQHandler
                0x0000000008004ec6                TIM6_DAC_IRQHandler
                0x0000000008004ec8                TIM7_IRQHandler
                0x0000000008004eca                DMA2_Stream0_IRQHandler
                0x0000000008004ecc                DMA2_Stream1_IRQHandler
                0x0000000008004ece                DMA2_Stream2_IRQHandler
                0x0000000008004ed0                DMA2_Stream3_IRQHandler
                0x0000000008004ed2                DMA2_Stream4_IRQHandler
                0x0000000008004ed4                ETH_IRQHandler
                0x0000000008004ed6                ETH_WKUP_IRQHandler
                0x0000000008004ed8                CAN2_TX_IRQHandler
                0x0000000008004eda                CAN2_RX0_IRQHandler
                0x0000000008004edc                CAN2_RX1_IRQHandler
                0x0000000008004ede                CAN2_SCE_IRQHandler
                0x0000000008004ee0                OTG_FS_IRQHandler
                0x0000000008004ee2                DMA2_Stream5_IRQHandler
                0x0000000008004ee4                DMA2_Stream6_IRQHandler
                0x0000000008004ee6                DMA2_Stream7_IRQHandler
                0x0000000008004ee8                USART6_IRQHandler
                0x0000000008004eea                I2C3_EV_IRQHandler
                0x0000000008004eec                I2C3_ER_IRQHandler
                0x0000000008004eee                OTG_HS_EP1_OUT_IRQHandler
                0x0000000008004ef0                OTG_HS_EP1_IN_IRQHandler
                0x0000000008004ef2                OTG_HS_WKUP_IRQHandler
                0x0000000008004ef4                OTG_HS_IRQHandler
                0x0000000008004ef6                DCMI_IRQHandler
                0x0000000008004ef8                CRYP_IRQHandler
                0x0000000008004efa                HASH_RNG_IRQHandler
                0x0000000008004efc                FPU_IRQHandler
                0x0000000008004efe                UART7_IRQHandler
                0x0000000008004f00                UART8_IRQHandler
                0x0000000008004f02                SPI4_IRQHandler
                0x0000000008004f04                SPI5_IRQHandler
                0x0000000008004f06                SPI6_IRQHandler
                0x0000000008004f08                SAI1_IRQHandler
                0x0000000008004f0a                LTDC_IRQHandler
                0x0000000008004f0c                LTDC_ER_IRQHandler
                0x0000000008004f0e                DMA2D_IRQHandler
 .text.ili9341_GetLcdPixelWidth
                0x0000000008004f18        0x4 library.a(ili9341.o)
                0x0000000008004f18                ili9341_GetLcdPixelWidth
 .text.ili9341_GetLcdPixelHeight
                0x0000000008004f1c        0x6 library.a(ili9341.o)
                0x0000000008004f1c                ili9341_GetLcdPixelHeight
 .text.ili9341_DisplayOn
                0x0000000008004f22        0x6 library.a(ili9341.o)
                0x0000000008004f22                ili9341_DisplayOn
 .text.ili9341_DisplayOff
                0x0000000008004f28        0x6 library.a(ili9341.o)
                0x0000000008004f28                ili9341_DisplayOff
 .text.ili9341_Init
                0x0000000008004f2e      0x292 library.a(ili9341.o)
                0x0000000008004f2e                ili9341_Init
 .text.ili9341_ReadID
                0x00000000080051c0       0x12 library.a(ili9341.o)
                0x00000000080051c0                ili9341_ReadID
 *fill*         0x00000000080051d2        0x2 
 .text.exit     0x00000000080051d4       0x20 /Applications/ARM/bin/../lib/gcc/arm-none-eabi/10.3.1/../../../../arm-none-eabi/lib/thumb/v7e-m+fp/hard/libc.a(lib_a-exit.o)
                0x00000000080051d4                exit
 .text.__libc_init_array
                0x00000000080051f4       0x48 /Applications/ARM/bin/../lib/gcc/arm-none-eabi/10.3.1/../../../../arm-none-eabi/lib/thumb/v7e-m+fp/hard/libc.a(lib_a-init.o)
                0x00000000080051f4                __libc_init_array
 .text          0x000000000800523c      0x134 /Applications/ARM/bin/../lib/gcc/arm-none-eabi/10.3.1/../../../../arm-none-eabi/lib/thumb/v7e-m+fp/hard/libc.a(lib_a-memcpy.o)
                0x000000000800523c                memcpy
 .text.memset   0x0000000008005370       0xa4 /Applications/ARM/bin/../lib/gcc/arm-none-eabi/10.3.1/../../../../arm-none-eabi/lib/thumb/v7e-m+fp/hard/libc.a(lib_a-memset.o)
                0x0000000008005370                memset
 .text.sprintf  0x0000000008005414       0x40 /Applications/ARM/bin/../lib/gcc/arm-none-eabi/10.3.1/../../../../arm-none-eabi/lib/thumb/v7e-m+fp/hard/libc.a(lib_a-sprintf.o)
                0x0000000008005414                sprintf
 .text.strcpy   0x0000000008005454       0xbc /Applications/ARM/bin/../lib/gcc/arm-none-eabi/10.3.1/../../../../arm-none-eabi/lib/thumb/v7e-m+fp/hard/libc.a(lib_a-strcpy.o)
                0x0000000008005454                strcpy
 *fill*         0x0000000008005510       0x30 
 .text          0x0000000008005540       0xdc /Applications/ARM/bin/../lib/gcc/arm-none-eabi/10.3.1/../../../../arm-none-eabi/lib/thumb/v7e-m+fp/hard/libc.a(lib_a-strlen.o)
                0x0000000008005540                strlen
 *fill*         0x000000000800561c        0x4 
 .text._svfprintf_r
                0x0000000008005620     0x1acc /Applications/ARM/bin/../lib/gcc/arm-none-eabi/10.3.1/../../../../arm-none-eabi/lib/thumb/v7e-m+fp/hard/libc.a(lib_a-svfprintf.o)
                0x0000000008005620                _svfprintf_r
 .text.vsprintf
                0x00000000080070ec       0x38 /Applications/ARM/bin/../lib/gcc/arm-none-eabi/10.3.1/../../../../arm-none-eabi/lib/thumb/v7e-m+fp/hard/libc.a(lib_a-vsprintf.o)
                0x00000000080070ec                vsprintf
 .text.__swsetup_r
                0x0000000008007124       0xd4 /Applications/ARM/bin/../lib/gcc/arm-none-eabi/10.3.1/../../../../arm-none-eabi/lib/thumb/v7e-m+fp/hard/libc.a(lib_a-wsetup.o)
                0x0000000008007124                __swsetup_r
 .text.startup.register_fini
                0x00000000080071f8       0x14 /Applications/ARM/bin/../lib/gcc/arm-none-eabi/10.3.1/../../../../arm-none-eabi/lib/thumb/v7e-m+fp/hard/libc.a(lib_a-__call_atexit.o)
 .text.__call_exitprocs
                0x000000000800720c       0xcc /Applications/ARM/bin/../lib/gcc/arm-none-eabi/10.3.1/../../../../arm-none-eabi/lib/thumb/v7e-m+fp/hard/libc.a(lib_a-__call_atexit.o)
                0x000000000800720c                __call_exitprocs
 .text.atexit   0x00000000080072d8        0xc /Applications/ARM/bin/../lib/gcc/arm-none-eabi/10.3.1/../../../../arm-none-eabi/lib/thumb/v7e-m+fp/hard/libc.a(lib_a-atexit.o)
                0x00000000080072d8                atexit
 .text.quorem   0x00000000080072e4      0x128 /Applications/ARM/bin/../lib/gcc/arm-none-eabi/10.3.1/../../../../arm-none-eabi/lib/thumb/v7e-m+fp/hard/libc.a(lib_a-dtoa.o)
 *fill*         0x000000000800740c        0x4 
 .text._dtoa_r  0x0000000008007410      0xf3c /Applications/ARM/bin/../lib/gcc/arm-none-eabi/10.3.1/../../../../arm-none-eabi/lib/thumb/v7e-m+fp/hard/libc.a(lib_a-dtoa.o)
                0x0000000008007410                _dtoa_r
 .text.__sflush_r
                0x000000000800834c      0x130 /Applications/ARM/bin/../lib/gcc/arm-none-eabi/10.3.1/../../../../arm-none-eabi/lib/thumb/v7e-m+fp/hard/libc.a(lib_a-fflush.o)
                0x000000000800834c                __sflush_r
 .text._fflush_r
                0x000000000800847c       0x5c /Applications/ARM/bin/../lib/gcc/arm-none-eabi/10.3.1/../../../../arm-none-eabi/lib/thumb/v7e-m+fp/hard/libc.a(lib_a-fflush.o)
                0x000000000800847c                _fflush_r
 .text._cleanup_r
                0x00000000080084d8        0xc /Applications/ARM/bin/../lib/gcc/arm-none-eabi/10.3.1/../../../../arm-none-eabi/lib/thumb/v7e-m+fp/hard/libc.a(lib_a-findfp.o)
                0x00000000080084d8                _cleanup_r
 .text.__sinit  0x00000000080084e4      0x10c /Applications/ARM/bin/../lib/gcc/arm-none-eabi/10.3.1/../../../../arm-none-eabi/lib/thumb/v7e-m+fp/hard/libc.a(lib_a-findfp.o)
                0x00000000080084e4                __sinit
 .text.__sfp_lock_acquire
                0x00000000080085f0        0xc /Applications/ARM/bin/../lib/gcc/arm-none-eabi/10.3.1/../../../../arm-none-eabi/lib/thumb/v7e-m+fp/hard/libc.a(lib_a-findfp.o)
                0x00000000080085f0                __sfp_lock_acquire
 .text.__sfp_lock_release
                0x00000000080085fc        0xc /Applications/ARM/bin/../lib/gcc/arm-none-eabi/10.3.1/../../../../arm-none-eabi/lib/thumb/v7e-m+fp/hard/libc.a(lib_a-findfp.o)
                0x00000000080085fc                __sfp_lock_release
 .text.__libc_fini_array
                0x0000000008008608       0x2c /Applications/ARM/bin/../lib/gcc/arm-none-eabi/10.3.1/../../../../arm-none-eabi/lib/thumb/v7e-m+fp/hard/libc.a(lib_a-fini.o)
                0x0000000008008608                __libc_fini_array
 .text._malloc_trim_r
                0x0000000008008634       0xa0 /Applications/ARM/bin/../lib/gcc/arm-none-eabi/10.3.1/../../../../arm-none-eabi/lib/thumb/v7e-m+fp/hard/libc.a(lib_a-freer.o)
                0x0000000008008634                _malloc_trim_r
 .text._free_r  0x00000000080086d4      0x20c /Applications/ARM/bin/../lib/gcc/arm-none-eabi/10.3.1/../../../../arm-none-eabi/lib/thumb/v7e-m+fp/hard/libc.a(lib_a-freer.o)
                0x00000000080086d4                _free_r
 .text._fwalk_reent
                0x00000000080088e0       0x48 /Applications/ARM/bin/../lib/gcc/arm-none-eabi/10.3.1/../../../../arm-none-eabi/lib/thumb/v7e-m+fp/hard/libc.a(lib_a-fwalk.o)
                0x00000000080088e0                _fwalk_reent
 .text._localeconv_r
                0x0000000008008928        0x8 /Applications/ARM/bin/../lib/gcc/arm-none-eabi/10.3.1/../../../../arm-none-eabi/lib/thumb/v7e-m+fp/hard/libc.a(lib_a-localeconv.o)
                0x0000000008008928                _localeconv_r
 .text.__retarget_lock_init_recursive
                0x0000000008008930        0x4 /Applications/ARM/bin/../lib/gcc/arm-none-eabi/10.3.1/../../../../arm-none-eabi/lib/thumb/v7e-m+fp/hard/libc.a(lib_a-lock.o)
                0x0000000008008930                __retarget_lock_init_recursive
 .text.__retarget_lock_close_recursive
                0x0000000008008934        0x4 /Applications/ARM/bin/../lib/gcc/arm-none-eabi/10.3.1/../../../../arm-none-eabi/lib/thumb/v7e-m+fp/hard/libc.a(lib_a-lock.o)
                0x0000000008008934                __retarget_lock_close_recursive
 .text.__retarget_lock_acquire_recursive
                0x0000000008008938        0x4 /Applications/ARM/bin/../lib/gcc/arm-none-eabi/10.3.1/../../../../arm-none-eabi/lib/thumb/v7e-m+fp/hard/libc.a(lib_a-lock.o)
                0x0000000008008938                __retarget_lock_acquire_recursive
 .text.__retarget_lock_release_recursive
                0x000000000800893c        0x4 /Applications/ARM/bin/../lib/gcc/arm-none-eabi/10.3.1/../../../../arm-none-eabi/lib/thumb/v7e-m+fp/hard/libc.a(lib_a-lock.o)
                0x000000000800893c                __retarget_lock_release_recursive
 .text.__smakebuf_r
                0x0000000008008940       0xe0 /Applications/ARM/bin/../lib/gcc/arm-none-eabi/10.3.1/../../../../arm-none-eabi/lib/thumb/v7e-m+fp/hard/libc.a(lib_a-makebuf.o)
                0x0000000008008940                __smakebuf_r
 .text._malloc_r
                0x0000000008008a20      0x560 /Applications/ARM/bin/../lib/gcc/arm-none-eabi/10.3.1/../../../../arm-none-eabi/lib/thumb/v7e-m+fp/hard/libc.a(lib_a-mallocr.o)
                0x0000000008008a20                _malloc_r
 .text          0x0000000008008f80       0xa0 /Applications/ARM/bin/../lib/gcc/arm-none-eabi/10.3.1/../../../../arm-none-eabi/lib/thumb/v7e-m+fp/hard/libc.a(lib_a-memchr.o)
                0x0000000008008f80                memchr
 .text.__malloc_lock
                0x0000000008009020        0xc /Applications/ARM/bin/../lib/gcc/arm-none-eabi/10.3.1/../../../../arm-none-eabi/lib/thumb/v7e-m+fp/hard/libc.a(lib_a-mlock.o)
                0x0000000008009020                __malloc_lock
 .text.__malloc_unlock
                0x000000000800902c        0xc /Applications/ARM/bin/../lib/gcc/arm-none-eabi/10.3.1/../../../../arm-none-eabi/lib/thumb/v7e-m+fp/hard/libc.a(lib_a-mlock.o)
                0x000000000800902c                __malloc_unlock
 .text._Balloc  0x0000000008009038       0x4c /Applications/ARM/bin/../lib/gcc/arm-none-eabi/10.3.1/../../../../arm-none-eabi/lib/thumb/v7e-m+fp/hard/libc.a(lib_a-mprec.o)
                0x0000000008009038                _Balloc
 .text._Bfree   0x0000000008009084       0x14 /Applications/ARM/bin/../lib/gcc/arm-none-eabi/10.3.1/../../../../arm-none-eabi/lib/thumb/v7e-m+fp/hard/libc.a(lib_a-mprec.o)
                0x0000000008009084                _Bfree
 .text.__multadd
                0x0000000008009098       0xa8 /Applications/ARM/bin/../lib/gcc/arm-none-eabi/10.3.1/../../../../arm-none-eabi/lib/thumb/v7e-m+fp/hard/libc.a(lib_a-mprec.o)
                0x0000000008009098                __multadd
 .text.__hi0bits
                0x0000000008009140       0x40 /Applications/ARM/bin/../lib/gcc/arm-none-eabi/10.3.1/../../../../arm-none-eabi/lib/thumb/v7e-m+fp/hard/libc.a(lib_a-mprec.o)
                0x0000000008009140                __hi0bits
 .text.__lo0bits
                0x0000000008009180       0x60 /Applications/ARM/bin/../lib/gcc/arm-none-eabi/10.3.1/../../../../arm-none-eabi/lib/thumb/v7e-m+fp/hard/libc.a(lib_a-mprec.o)
                0x0000000008009180                __lo0bits
 .text.__i2b    0x00000000080091e0       0x5c /Applications/ARM/bin/../lib/gcc/arm-none-eabi/10.3.1/../../../../arm-none-eabi/lib/thumb/v7e-m+fp/hard/libc.a(lib_a-mprec.o)
                0x00000000080091e0                __i2b
 .text.__multiply
                0x000000000800923c      0x15c /Applications/ARM/bin/../lib/gcc/arm-none-eabi/10.3.1/../../../../arm-none-eabi/lib/thumb/v7e-m+fp/hard/libc.a(lib_a-mprec.o)
                0x000000000800923c                __multiply
 .text.__pow5mult
                0x0000000008009398       0xc0 /Applications/ARM/bin/../lib/gcc/arm-none-eabi/10.3.1/../../../../arm-none-eabi/lib/thumb/v7e-m+fp/hard/libc.a(lib_a-mprec.o)
                0x0000000008009398                __pow5mult
 .text.__lshift
                0x0000000008009458       0xf0 /Applications/ARM/bin/../lib/gcc/arm-none-eabi/10.3.1/../../../../arm-none-eabi/lib/thumb/v7e-m+fp/hard/libc.a(lib_a-mprec.o)
                0x0000000008009458                __lshift
 .text.__mcmp   0x0000000008009548       0x44 /Applications/ARM/bin/../lib/gcc/arm-none-eabi/10.3.1/../../../../arm-none-eabi/lib/thumb/v7e-m+fp/hard/libc.a(lib_a-mprec.o)
                0x0000000008009548                __mcmp
 .text.__mdiff  0x000000000800958c      0x14c /Applications/ARM/bin/../lib/gcc/arm-none-eabi/10.3.1/../../../../arm-none-eabi/lib/thumb/v7e-m+fp/hard/libc.a(lib_a-mprec.o)
                0x000000000800958c                __mdiff
 .text.__d2b    0x00000000080096d8       0xd0 /Applications/ARM/bin/../lib/gcc/arm-none-eabi/10.3.1/../../../../arm-none-eabi/lib/thumb/v7e-m+fp/hard/libc.a(lib_a-mprec.o)
                0x00000000080096d8                __d2b
 .text.frexp    0x00000000080097a8       0x6c /Applications/ARM/bin/../lib/gcc/arm-none-eabi/10.3.1/../../../../arm-none-eabi/lib/thumb/v7e-m+fp/hard/libc.a(lib_a-s_frexp.o)
                0x00000000080097a8                frexp
 .text._sbrk_r  0x0000000008009814       0x24 /Applications/ARM/bin/../lib/gcc/arm-none-eabi/10.3.1/../../../../arm-none-eabi/lib/thumb/v7e-m+fp/hard/libc.a(lib_a-sbrkr.o)
                0x0000000008009814                _sbrk_r
 .text.__sread  0x0000000008009838       0x24 /Applications/ARM/bin/../lib/gcc/arm-none-eabi/10.3.1/../../../../arm-none-eabi/lib/thumb/v7e-m+fp/hard/libc.a(lib_a-stdio.o)
                0x0000000008009838                __sread
 .text.__swrite
                0x000000000800985c       0x40 /Applications/ARM/bin/../lib/gcc/arm-none-eabi/10.3.1/../../../../arm-none-eabi/lib/thumb/v7e-m+fp/hard/libc.a(lib_a-stdio.o)
                0x000000000800985c                __swrite
 .text.__sseek  0x000000000800989c       0x20 /Applications/ARM/bin/../lib/gcc/arm-none-eabi/10.3.1/../../../../arm-none-eabi/lib/thumb/v7e-m+fp/hard/libc.a(lib_a-stdio.o)
                0x000000000800989c                __sseek
 .text.__sclose
                0x00000000080098bc        0x8 /Applications/ARM/bin/../lib/gcc/arm-none-eabi/10.3.1/../../../../arm-none-eabi/lib/thumb/v7e-m+fp/hard/libc.a(lib_a-stdio.o)
                0x00000000080098bc                __sclose
 .text.strncpy  0x00000000080098c4       0x64 /Applications/ARM/bin/../lib/gcc/arm-none-eabi/10.3.1/../../../../arm-none-eabi/lib/thumb/v7e-m+fp/hard/libc.a(lib_a-strncpy.o)
                0x00000000080098c4                strncpy
 .text.__ssprint_r
                0x0000000008009928       0xf8 /Applications/ARM/bin/../lib/gcc/arm-none-eabi/10.3.1/../../../../arm-none-eabi/lib/thumb/v7e-m+fp/hard/libc.a(lib_a-svfiprintf.o)
                0x0000000008009928                __ssprint_r
 .text.__sprint_r.part.0
                0x0000000008009a20       0x78 /Applications/ARM/bin/../lib/gcc/arm-none-eabi/10.3.1/../../../../arm-none-eabi/lib/thumb/v7e-m+fp/hard/libc.a(lib_a-vfiprintf.o)
 .text._vfiprintf_r
                0x0000000008009a98      0xdfc /Applications/ARM/bin/../lib/gcc/arm-none-eabi/10.3.1/../../../../arm-none-eabi/lib/thumb/v7e-m+fp/hard/libc.a(lib_a-vfiprintf.o)
                0x0000000008009a98                _vfiprintf_r
 .text.__sbprintf
                0x000000000800a894       0x80 /Applications/ARM/bin/../lib/gcc/arm-none-eabi/10.3.1/../../../../arm-none-eabi/lib/thumb/v7e-m+fp/hard/libc.a(lib_a-vfiprintf.o)
 .text._write_r
                0x000000000800a914       0x2c /Applications/ARM/bin/../lib/gcc/arm-none-eabi/10.3.1/../../../../arm-none-eabi/lib/thumb/v7e-m+fp/hard/libc.a(lib_a-writer.o)
                0x000000000800a914                _write_r
 .text.__register_exitproc
                0x000000000800a940       0x8c /Applications/ARM/bin/../lib/gcc/arm-none-eabi/10.3.1/../../../../arm-none-eabi/lib/thumb/v7e-m+fp/hard/libc.a(lib_a-__atexit.o)
                0x000000000800a940                __register_exitproc
 .text.__assert_func
                0x000000000800a9cc       0x40 /Applications/ARM/bin/../lib/gcc/arm-none-eabi/10.3.1/../../../../arm-none-eabi/lib/thumb/v7e-m+fp/hard/libc.a(lib_a-assert.o)
                0x000000000800a9cc                __assert_func
 .text._calloc_r
                0x000000000800aa0c       0x78 /Applications/ARM/bin/../lib/gcc/arm-none-eabi/10.3.1/../../../../arm-none-eabi/lib/thumb/v7e-m+fp/hard/libc.a(lib_a-callocr.o)
                0x000000000800aa0c                _calloc_r
 .text._close_r
                0x000000000800aa84       0x24 /Applications/ARM/bin/../lib/gcc/arm-none-eabi/10.3.1/../../../../arm-none-eabi/lib/thumb/v7e-m+fp/hard/libc.a(lib_a-closer.o)
                0x000000000800aa84                _close_r
 .text.__errno  0x000000000800aaa8        0xc /Applications/ARM/bin/../lib/gcc/arm-none-eabi/10.3.1/../../../../arm-none-eabi/lib/thumb/v7e-m+fp/hard/libc.a(lib_a-errno.o)
                0x000000000800aaa8                __errno
 .text._fclose_r
                0x000000000800aab4       0xcc /Applications/ARM/bin/../lib/gcc/arm-none-eabi/10.3.1/../../../../arm-none-eabi/lib/thumb/v7e-m+fp/hard/libc.a(lib_a-fclose.o)
                0x000000000800aab4                _fclose_r
 .text.fiprintf
                0x000000000800ab80       0x28 /Applications/ARM/bin/../lib/gcc/arm-none-eabi/10.3.1/../../../../arm-none-eabi/lib/thumb/v7e-m+fp/hard/libc.a(lib_a-fiprintf.o)
                0x000000000800ab80                fiprintf
 .text.__fputwc
                0x000000000800aba8       0xa8 /Applications/ARM/bin/../lib/gcc/arm-none-eabi/10.3.1/../../../../arm-none-eabi/lib/thumb/v7e-m+fp/hard/libc.a(lib_a-fputwc.o)
                0x000000000800aba8                __fputwc
 .text._fputwc_r
                0x000000000800ac50       0x68 /Applications/ARM/bin/../lib/gcc/arm-none-eabi/10.3.1/../../../../arm-none-eabi/lib/thumb/v7e-m+fp/hard/libc.a(lib_a-fputwc.o)
                0x000000000800ac50                _fputwc_r
 .text._fstat_r
                0x000000000800acb8       0x2c /Applications/ARM/bin/../lib/gcc/arm-none-eabi/10.3.1/../../../../arm-none-eabi/lib/thumb/v7e-m+fp/hard/libc.a(lib_a-fstatr.o)
                0x000000000800acb8                _fstat_r
 .text.__sfvwrite_r
                0x000000000800ace4      0x2f0 /Applications/ARM/bin/../lib/gcc/arm-none-eabi/10.3.1/../../../../arm-none-eabi/lib/thumb/v7e-m+fp/hard/libc.a(lib_a-fvwrite.o)
                0x000000000800ace4                __sfvwrite_r
 .text._isatty_r
                0x000000000800afd4       0x24 /Applications/ARM/bin/../lib/gcc/arm-none-eabi/10.3.1/../../../../arm-none-eabi/lib/thumb/v7e-m+fp/hard/libc.a(lib_a-isattyr.o)
                0x000000000800afd4                _isatty_r
 .text.__locale_mb_cur_max
                0x000000000800aff8        0xc /Applications/ARM/bin/../lib/gcc/arm-none-eabi/10.3.1/../../../../arm-none-eabi/lib/thumb/v7e-m+fp/hard/libc.a(lib_a-locale.o)
                0x000000000800aff8                __locale_mb_cur_max
 .text._lseek_r
                0x000000000800b004       0x2c /Applications/ARM/bin/../lib/gcc/arm-none-eabi/10.3.1/../../../../arm-none-eabi/lib/thumb/v7e-m+fp/hard/libc.a(lib_a-lseekr.o)
                0x000000000800b004                _lseek_r
 .text.__ascii_mbtowc
                0x000000000800b030       0x2c /Applications/ARM/bin/../lib/gcc/arm-none-eabi/10.3.1/../../../../arm-none-eabi/lib/thumb/v7e-m+fp/hard/libc.a(lib_a-mbtowc_r.o)
                0x000000000800b030                __ascii_mbtowc
 .text.memmove  0x000000000800b05c       0xf8 /Applications/ARM/bin/../lib/gcc/arm-none-eabi/10.3.1/../../../../arm-none-eabi/lib/thumb/v7e-m+fp/hard/libc.a(lib_a-memmove.o)
                0x000000000800b05c                memmove
 .text._read_r  0x000000000800b154       0x2c /Applications/ARM/bin/../lib/gcc/arm-none-eabi/10.3.1/../../../../arm-none-eabi/lib/thumb/v7e-m+fp/hard/libc.a(lib_a-readr.o)
                0x000000000800b154                _read_r
 .text._realloc_r
                0x000000000800b180      0x3d8 /Applications/ARM/bin/../lib/gcc/arm-none-eabi/10.3.1/../../../../arm-none-eabi/lib/thumb/v7e-m+fp/hard/libc.a(lib_a-reallocr.o)
                0x000000000800b180                _realloc_r
 .text.__swbuf_r
                0x000000000800b558       0xb0 /Applications/ARM/bin/../lib/gcc/arm-none-eabi/10.3.1/../../../../arm-none-eabi/lib/thumb/v7e-m+fp/hard/libc.a(lib_a-wbuf.o)
                0x000000000800b558                __swbuf_r
 .text._wcrtomb_r
                0x000000000800b608       0x3c /Applications/ARM/bin/../lib/gcc/arm-none-eabi/10.3.1/../../../../arm-none-eabi/lib/thumb/v7e-m+fp/hard/libc.a(lib_a-wcrtomb.o)
                0x000000000800b608                _wcrtomb_r
 .text.__ascii_wctomb
                0x000000000800b644       0x1c /Applications/ARM/bin/../lib/gcc/arm-none-eabi/10.3.1/../../../../arm-none-eabi/lib/thumb/v7e-m+fp/hard/libc.a(lib_a-wctomb_r.o)
                0x000000000800b644                __ascii_wctomb
 .text.abort    0x000000000800b660       0x10 /Applications/ARM/bin/../lib/gcc/arm-none-eabi/10.3.1/../../../../arm-none-eabi/lib/thumb/v7e-m+fp/hard/libc.a(lib_a-abort.o)
                0x000000000800b660                abort
 .text.raise    0x000000000800b670       0x5c /Applications/ARM/bin/../lib/gcc/arm-none-eabi/10.3.1/../../../../arm-none-eabi/lib/thumb/v7e-m+fp/hard/libc.a(lib_a-signal.o)
                0x000000000800b670                raise
 .text._kill_r  0x000000000800b6cc       0x2c /Applications/ARM/bin/../lib/gcc/arm-none-eabi/10.3.1/../../../../arm-none-eabi/lib/thumb/v7e-m+fp/hard/libc.a(lib_a-signalr.o)
                0x000000000800b6cc                _kill_r
 .text._getpid_r
                0x000000000800b6f8        0x4 /Applications/ARM/bin/../lib/gcc/arm-none-eabi/10.3.1/../../../../arm-none-eabi/lib/thumb/v7e-m+fp/hard/libc.a(lib_a-signalr.o)
                0x000000000800b6f8                _getpid_r
 .text._close   0x000000000800b6fc       0x10 /Applications/ARM/bin/../lib/gcc/arm-none-eabi/10.3.1/../../../../arm-none-eabi/lib/thumb/v7e-m+fp/hard/libnosys.a(close.o)
                0x000000000800b6fc                _close
 .text._fstat   0x000000000800b70c       0x10 /Applications/ARM/bin/../lib/gcc/arm-none-eabi/10.3.1/../../../../arm-none-eabi/lib/thumb/v7e-m+fp/hard/libnosys.a(fstat.o)
                0x000000000800b70c                _fstat
 .text._getpid  0x000000000800b71c       0x10 /Applications/ARM/bin/../lib/gcc/arm-none-eabi/10.3.1/../../../../arm-none-eabi/lib/thumb/v7e-m+fp/hard/libnosys.a(getpid.o)
                0x000000000800b71c                _getpid
 .text._isatty  0x000000000800b72c       0x10 /Applications/ARM/bin/../lib/gcc/arm-none-eabi/10.3.1/../../../../arm-none-eabi/lib/thumb/v7e-m+fp/hard/libnosys.a(isatty.o)
                0x000000000800b72c                _isatty
 .text._kill    0x000000000800b73c       0x10 /Applications/ARM/bin/../lib/gcc/arm-none-eabi/10.3.1/../../../../arm-none-eabi/lib/thumb/v7e-m+fp/hard/libnosys.a(kill.o)
                0x000000000800b73c                _kill
 .text._lseek   0x000000000800b74c       0x10 /Applications/ARM/bin/../lib/gcc/arm-none-eabi/10.3.1/../../../../arm-none-eabi/lib/thumb/v7e-m+fp/hard/libnosys.a(lseek.o)
                0x000000000800b74c                _lseek
 .text._read    0x000000000800b75c       0x10 /Applications/ARM/bin/../lib/gcc/arm-none-eabi/10.3.1/../../../../arm-none-eabi/lib/thumb/v7e-m+fp/hard/libnosys.a(read.o)
                0x000000000800b75c                _read
 .text._sbrk    0x000000000800b76c       0x1c /Applications/ARM/bin/../lib/gcc/arm-none-eabi/10.3.1/../../../../arm-none-eabi/lib/thumb/v7e-m+fp/hard/libnosys.a(sbrk.o)
                0x000000000800b76c                _sbrk
 .text._exit    0x000000000800b788        0x4 /Applications/ARM/bin/../lib/gcc/arm-none-eabi/10.3.1/../../../../arm-none-eabi/lib/thumb/v7e-m+fp/hard/libnosys.a(_exit.o)
                0x000000000800b788                _exit
 .text          0x000000000800b78c      0x378 /Applications/ARM/bin/../lib/gcc/arm-none-eabi/10.3.1/thumb/v7e-m+fp/hard/libgcc.a(_arm_addsubdf3.o)
                0x000000000800b78c                __aeabi_drsub
                0x000000000800b794                __subdf3
                0x000000000800b794                __aeabi_dsub
                0x000000000800b798                __aeabi_dadd
                0x000000000800b798                __adddf3
                0x000000000800ba10                __aeabi_ui2d
                0x000000000800ba10                __floatunsidf
                0x000000000800ba30                __floatsidf
                0x000000000800ba30                __aeabi_i2d
                0x000000000800ba54                __extendsfdf2
                0x000000000800ba54                __aeabi_f2d
                0x000000000800ba98                __aeabi_ul2d
                0x000000000800ba98                __floatundidf
                0x000000000800baa8                __aeabi_l2d
                0x000000000800baa8                __floatdidf
 .text          0x000000000800bb04      0x424 /Applications/ARM/bin/../lib/gcc/arm-none-eabi/10.3.1/thumb/v7e-m+fp/hard/libgcc.a(_arm_muldivdf3.o)
                0x000000000800bb04                __aeabi_dmul
                0x000000000800bb04                __muldf3
                0x000000000800bd58                __aeabi_ddiv
                0x000000000800bd58                __divdf3
 .text          0x000000000800bf28      0x110 /Applications/ARM/bin/../lib/gcc/arm-none-eabi/10.3.1/thumb/v7e-m+fp/hard/libgcc.a(_arm_cmpdf2.o)
                0x000000000800bf28                __gedf2
                0x000000000800bf28                __gtdf2
                0x000000000800bf30                __ledf2
                0x000000000800bf30                __ltdf2
                0x000000000800bf38                __cmpdf2
                0x000000000800bf38                __eqdf2
                0x000000000800bf38                __nedf2
                0x000000000800bfb4                __aeabi_cdrcmple
                0x000000000800bfc4                __aeabi_cdcmple
                0x000000000800bfc4                __aeabi_cdcmpeq
                0x000000000800bfd4                __aeabi_dcmpeq
                0x000000000800bfe8                __aeabi_dcmplt
                0x000000000800bffc                __aeabi_dcmple
                0x000000000800c010                __aeabi_dcmpge
                0x000000000800c024                __aeabi_dcmpgt
 .text          0x000000000800c038       0x2c /Applications/ARM/bin/../lib/gcc/arm-none-eabi/10.3.1/thumb/v7e-m+fp/hard/libgcc.a(_arm_unorddf2.o)
                0x000000000800c038                __aeabi_dcmpun
                0x000000000800c038                __unorddf2
 .text          0x000000000800c064       0x50 /Applications/ARM/bin/../lib/gcc/arm-none-eabi/10.3.1/thumb/v7e-m+fp/hard/libgcc.a(_arm_fixdfsi.o)
                0x000000000800c064                __fixdfsi
                0x000000000800c064                __aeabi_d2iz
 .text          0x000000000800c0b4       0x30 /Applications/ARM/bin/../lib/gcc/arm-none-eabi/10.3.1/thumb/v7e-m+fp/hard/libgcc.a(_aeabi_uldivmod.o)
                0x000000000800c0b4                __aeabi_uldivmod
 .text          0x000000000800c0e4      0x2d0 /Applications/ARM/bin/../lib/gcc/arm-none-eabi/10.3.1/thumb/v7e-m+fp/hard/libgcc.a(_udivmoddi4.o)
                0x000000000800c0e4                __udivmoddi4
 .text          0x000000000800c3b4        0x4 /Applications/ARM/bin/../lib/gcc/arm-none-eabi/10.3.1/thumb/v7e-m+fp/hard/libgcc.a(_dvmd_tls.o)
                0x000000000800c3b4                __aeabi_ldiv0
                0x000000000800c3b4                __aeabi_idiv0
 *(.init)
 .init          0x000000000800c3b8        0x4 /Applications/ARM/bin/../lib/gcc/arm-none-eabi/10.3.1/thumb/v7e-m+fp/hard/crti.o
                0x000000000800c3b8                _init
 .init          0x000000000800c3bc        0x8 /Applications/ARM/bin/../lib/gcc/arm-none-eabi/10.3.1/thumb/v7e-m+fp/hard/crtn.o
 *(.fini)
 .fini          0x000000000800c3c4        0x4 /Applications/ARM/bin/../lib/gcc/arm-none-eabi/10.3.1/thumb/v7e-m+fp/hard/crti.o
                0x000000000800c3c4                _fini
 .fini          0x000000000800c3c8        0x8 /Applications/ARM/bin/../lib/gcc/arm-none-eabi/10.3.1/thumb/v7e-m+fp/hard/crtn.o
 *crtbegin.o(.ctors)
 *crtbegin?.o(.ctors)
 *(EXCLUDE_FILE(*crtend.o *crtend?.o) .ctors)
 *(SORT_BY_NAME(.ctors.*))
 *(.ctors)
 *crtbegin.o(.dtors)
 *crtbegin?.o(.dtors)
 *(EXCLUDE_FILE(*crtend.o *crtend?.o) .dtors)
 *(SORT_BY_NAME(.dtors.*))
 *(.dtors)
 *(.rodata*)
 .rodata.Error.str1.4
                0x000000000800c3d0       0x3d obj/Lab2A-Main-c.o
 *fill*         0x000000000800c40d        0x3 
 .rodata.main.str1.4
                0x000000000800c410       0xd0 obj/Lab2A-Main-c.o
 .rodata.DisplayHeader.str1.1
                0x000000000800c4e0       0x27 library.a(initialize.o)
 .rodata._write.str1.1
                0x000000000800c507       0x27 library.a(initialize.o)
                                          0x1 (size before relaxing)
 .rodata.Font12_Table
                0x000000000800c507      0x474 library.a(stm32f429i_discovery_lcd.o)
                0x000000000800c507                Font12_Table
 .rodata.Font16_Table
                0x000000000800c97b      0xbe0 library.a(stm32f429i_discovery_lcd.o)
                0x000000000800c97b                Font16_Table
 .rodata.Font20_Table
                0x000000000800d55b      0xed8 library.a(stm32f429i_discovery_lcd.o)
                0x000000000800d55b                Font20_Table
 .rodata.Font24_Table
                0x000000000800e433     0x1ab8 library.a(stm32f429i_discovery_lcd.o)
                0x000000000800e433                Font24_Table
 .rodata.Font8_Table
                0x000000000800feeb      0x2f8 library.a(stm32f429i_discovery_lcd.o)
                0x000000000800feeb                Font8_Table
 .rodata.APBAHBPrescTable
                0x00000000080101e3       0x10 library.a(stm32f4xx_hal_rcc.o)
                0x00000000080101e3                APBAHBPrescTable
 .rodata.SVC_Label.str1.1
                0x00000000080101f3        0xe library.a(svcHandler.o)
 .rodata._MemManageHandler.str1.1
                0x0000000008010201       0x10 library.a(svcHandler.o)
 .rodata._BusFault_Handler.str1.1
                0x0000000008010211        0xb library.a(svcHandler.o)
 .rodata._HardFault_Handler.str1.1
                0x000000000801021c        0xc library.a(svcHandler.o)
 .rodata._UsageFault_Handler.str1.1
                0x0000000008010228       0x3f library.a(svcHandler.o)
 .rodata.SVC_Exception.str1.1
                0x0000000008010267       0x15 library.a(svcHandler.o)
 .rodata.str1.1
                0x000000000801027c      0x2b6 library.a(svcHandler.o)
 *fill*         0x0000000008010532        0x2 
 .rodata._global_impure_ptr
                0x0000000008010534        0x4 /Applications/ARM/bin/../lib/gcc/arm-none-eabi/10.3.1/../../../../arm-none-eabi/lib/thumb/v7e-m+fp/hard/libc.a(lib_a-impure.o)
                0x0000000008010534                _global_impure_ptr
 .rodata._svfprintf_r.str1.4
                0x0000000008010538       0x3f /Applications/ARM/bin/../lib/gcc/arm-none-eabi/10.3.1/../../../../arm-none-eabi/lib/thumb/v7e-m+fp/hard/libc.a(lib_a-svfprintf.o)
                                         0x42 (size before relaxing)
 *fill*         0x0000000008010577        0x1 
 .rodata.blanks.1
                0x0000000008010578       0x10 /Applications/ARM/bin/../lib/gcc/arm-none-eabi/10.3.1/../../../../arm-none-eabi/lib/thumb/v7e-m+fp/hard/libc.a(lib_a-svfprintf.o)
 .rodata.zeroes.0
                0x0000000008010588       0x10 /Applications/ARM/bin/../lib/gcc/arm-none-eabi/10.3.1/../../../../arm-none-eabi/lib/thumb/v7e-m+fp/hard/libc.a(lib_a-svfprintf.o)
 .rodata._dtoa_r.str1.4
                0x0000000008010598       0x7e /Applications/ARM/bin/../lib/gcc/arm-none-eabi/10.3.1/../../../../arm-none-eabi/lib/thumb/v7e-m+fp/hard/libc.a(lib_a-dtoa.o)
                                         0x82 (size before relaxing)
 *fill*         0x0000000008010616        0x2 
 .rodata.__multadd.str1.4
                0x0000000008010618       0x5b /Applications/ARM/bin/../lib/gcc/arm-none-eabi/10.3.1/../../../../arm-none-eabi/lib/thumb/v7e-m+fp/hard/libc.a(lib_a-mprec.o)
                                         0x6f (size before relaxing)
 *fill*         0x0000000008010673        0x5 
 .rodata.__mprec_bigtens
                0x0000000008010678       0x28 /Applications/ARM/bin/../lib/gcc/arm-none-eabi/10.3.1/../../../../arm-none-eabi/lib/thumb/v7e-m+fp/hard/libc.a(lib_a-mprec.o)
                0x0000000008010678                __mprec_bigtens
 .rodata.__mprec_tens
                0x00000000080106a0       0xc8 /Applications/ARM/bin/../lib/gcc/arm-none-eabi/10.3.1/../../../../arm-none-eabi/lib/thumb/v7e-m+fp/hard/libc.a(lib_a-mprec.o)
                0x00000000080106a0                __mprec_tens
 .rodata.p05.0  0x0000000008010768        0xc /Applications/ARM/bin/../lib/gcc/arm-none-eabi/10.3.1/../../../../arm-none-eabi/lib/thumb/v7e-m+fp/hard/libc.a(lib_a-mprec.o)
 .rodata._vfiprintf_r.str1.4
                0x0000000008010774       0x2f /Applications/ARM/bin/../lib/gcc/arm-none-eabi/10.3.1/../../../../arm-none-eabi/lib/thumb/v7e-m+fp/hard/libc.a(lib_a-vfiprintf.o)
 .rodata.blanks.1
                0x0000000008010774       0x10 /Applications/ARM/bin/../lib/gcc/arm-none-eabi/10.3.1/../../../../arm-none-eabi/lib/thumb/v7e-m+fp/hard/libc.a(lib_a-vfiprintf.o)
 .rodata.zeroes.0
                0x0000000008010784       0x10 /Applications/ARM/bin/../lib/gcc/arm-none-eabi/10.3.1/../../../../arm-none-eabi/lib/thumb/v7e-m+fp/hard/libc.a(lib_a-vfiprintf.o)
 .rodata.__assert_func.str1.4
                0x0000000008010794       0x3f /Applications/ARM/bin/../lib/gcc/arm-none-eabi/10.3.1/../../../../arm-none-eabi/lib/thumb/v7e-m+fp/hard/libc.a(lib_a-assert.o)
                                         0x43 (size before relaxing)
 *fill*         0x00000000080107d3        0x1 
 .rodata._setlocale_r.str1.4
                0x00000000080107d4        0xa /Applications/ARM/bin/../lib/gcc/arm-none-eabi/10.3.1/../../../../arm-none-eabi/lib/thumb/v7e-m+fp/hard/libc.a(lib_a-locale.o)
                                          0xd (size before relaxing)
 *fill*         0x00000000080107de        0x2 
 .rodata.str1.4
                0x00000000080107e0        0x2 /Applications/ARM/bin/../lib/gcc/arm-none-eabi/10.3.1/../../../../arm-none-eabi/lib/thumb/v7e-m+fp/hard/libc.a(lib_a-locale.o)
 *fill*         0x00000000080107e2        0x2 
 .rodata._ctype_
                0x00000000080107e4      0x101 /Applications/ARM/bin/../lib/gcc/arm-none-eabi/10.3.1/../../../../arm-none-eabi/lib/thumb/v7e-m+fp/hard/libc.a(lib_a-ctype_.o)
                0x00000000080107e4                _ctype_
 *(.eh_frame*)
 *fill*         0x00000000080108e5        0x3 
 .eh_frame      0x00000000080108e8        0x0 /Applications/ARM/bin/../lib/gcc/arm-none-eabi/10.3.1/thumb/v7e-m+fp/hard/crtbegin.o
 .eh_frame      0x00000000080108e8        0x4 /Applications/ARM/bin/../lib/gcc/arm-none-eabi/10.3.1/thumb/v7e-m+fp/hard/crtend.o

.glue_7         0x00000000080108ec        0x0
 .glue_7        0x00000000080108ec        0x0 linker stubs

.glue_7t        0x00000000080108ec        0x0
 .glue_7t       0x00000000080108ec        0x0 linker stubs

.vfp11_veneer   0x00000000080108ec        0x0
 .vfp11_veneer  0x00000000080108ec        0x0 linker stubs

.v4_bx          0x00000000080108ec        0x0
 .v4_bx         0x00000000080108ec        0x0 linker stubs

.iplt           0x00000000080108ec        0x0
 .iplt          0x00000000080108ec        0x0 /Applications/ARM/bin/../lib/gcc/arm-none-eabi/10.3.1/thumb/v7e-m+fp/hard/crtbegin.o

.ARM.extab
 *(.ARM.extab* .gnu.linkonce.armextab.*)
                0x00000000080108ec                __exidx_start = .

.ARM.exidx      0x00000000080108ec        0x8
 *(.ARM.exidx* .gnu.linkonce.armexidx.*)
 .ARM.exidx     0x00000000080108ec        0x8 /Applications/ARM/bin/../lib/gcc/arm-none-eabi/10.3.1/../../../../arm-none-eabi/lib/thumb/v7e-m+fp/hard/crt0.o
                                         0x10 (size before relaxing)
 .ARM.exidx     0x00000000080108f4        0x0 /Applications/ARM/bin/../lib/gcc/arm-none-eabi/10.3.1/thumb/v7e-m+fp/hard/libgcc.a(_udivmoddi4.o)
                                          0x8 (size before relaxing)
                0x00000000080108f4                __exidx_end = .
                0x00000000080108f4                __etext = .

.rel.dyn        0x00000000080108f4        0x0
 .rel.iplt      0x00000000080108f4        0x0 /Applications/ARM/bin/../lib/gcc/arm-none-eabi/10.3.1/thumb/v7e-m+fp/hard/crtbegin.o

.data           0x0000000020000000      0xbc0 load address 0x00000000080108f4
                0x0000000020000000                __data_start__ = .
 *(vtable)
 *(.data*)
 .data.coef.4   0x0000000020000000       0x20 obj/Lab2A-Main-c.o
 .data.oldY.0   0x0000000020000020        0x4 obj/Lab2A-Main-c.o
 .data.oldY.2   0x0000000020000024        0x4 obj/Lab2A-Main-c.o
 .data.BUTTON_PORT
                0x0000000020000028        0x4 library.a(stm32f429i_discovery.o)
                0x0000000020000028                BUTTON_PORT
 .data.SpixTimeout
                0x000000002000002c        0x4 library.a(stm32f429i_discovery.o)
                0x000000002000002c                SpixTimeout
 .data.Font12   0x0000000020000030        0x8 library.a(stm32f429i_discovery_lcd.o)
                0x0000000020000030                Font12
 .data.Font16   0x0000000020000038        0x8 library.a(stm32f429i_discovery_lcd.o)
                0x0000000020000038                Font16
 .data.Font20   0x0000000020000040        0x8 library.a(stm32f429i_discovery_lcd.o)
                0x0000000020000040                Font20
 .data.Font24   0x0000000020000048        0x8 library.a(stm32f429i_discovery_lcd.o)
                0x0000000020000048                Font24
 .data.Font8    0x0000000020000050        0x8 library.a(stm32f429i_discovery_lcd.o)
                0x0000000020000050                Font8
 .data.context.0
                0x0000000020000058       0x20 library.a(svcHandler.o)
 .data.context.2
                0x0000000020000078       0x20 library.a(svcHandler.o)
 .data.context.4
                0x0000000020000098       0x20 library.a(svcHandler.o)
 .data.context.7
                0x00000000200000b8       0x20 library.a(svcHandler.o)
 .data.lines.1  0x00000000200000d8       0x80 library.a(svcHandler.o)
 .data.lines.3  0x0000000020000158       0x30 library.a(svcHandler.o)
 .data.lines.6  0x0000000020000188       0x40 library.a(svcHandler.o)
 .data.SystemCoreClock
                0x00000000200001c8        0x4 library.a(system_stm32f4xx.o)
                0x00000000200001c8                SystemCoreClock
 .data.ili9341_drv
                0x00000000200001cc       0x38 library.a(ili9341.o)
                0x00000000200001cc                ili9341_drv
 .data._impure_ptr
                0x0000000020000204        0x4 /Applications/ARM/bin/../lib/gcc/arm-none-eabi/10.3.1/../../../../arm-none-eabi/lib/thumb/v7e-m+fp/hard/libc.a(lib_a-impure.o)
                0x0000000020000204                _impure_ptr
 .data.impure_data
                0x0000000020000208      0x428 /Applications/ARM/bin/../lib/gcc/arm-none-eabi/10.3.1/../../../../arm-none-eabi/lib/thumb/v7e-m+fp/hard/libc.a(lib_a-impure.o)
 .data.__atexit_recursive_mutex
                0x0000000020000630        0x4 /Applications/ARM/bin/../lib/gcc/arm-none-eabi/10.3.1/../../../../arm-none-eabi/lib/thumb/v7e-m+fp/hard/libc.a(lib_a-__call_atexit.o)
                0x0000000020000630                __atexit_recursive_mutex
 .data.__malloc_av_
                0x0000000020000634      0x408 /Applications/ARM/bin/../lib/gcc/arm-none-eabi/10.3.1/../../../../arm-none-eabi/lib/thumb/v7e-m+fp/hard/libc.a(lib_a-mallocr.o)
                0x0000000020000634                __malloc_av_
 .data.__malloc_sbrk_base
                0x0000000020000a3c        0x4 /Applications/ARM/bin/../lib/gcc/arm-none-eabi/10.3.1/../../../../arm-none-eabi/lib/thumb/v7e-m+fp/hard/libc.a(lib_a-mallocr.o)
                0x0000000020000a3c                __malloc_sbrk_base
 .data.__malloc_trim_threshold
                0x0000000020000a40        0x4 /Applications/ARM/bin/../lib/gcc/arm-none-eabi/10.3.1/../../../../arm-none-eabi/lib/thumb/v7e-m+fp/hard/libc.a(lib_a-mallocr.o)
                0x0000000020000a40                __malloc_trim_threshold
 .data.__global_locale
                0x0000000020000a44      0x16c /Applications/ARM/bin/../lib/gcc/arm-none-eabi/10.3.1/../../../../arm-none-eabi/lib/thumb/v7e-m+fp/hard/libc.a(lib_a-locale.o)
                0x0000000020000a44                __global_locale
                0x0000000020000bb0                . = ALIGN (0x4)
                0x0000000020000bb0                PROVIDE (__preinit_array_start = .)
 *(.preinit_array)
                0x0000000020000bb0                PROVIDE (__preinit_array_end = .)
                0x0000000020000bb0                . = ALIGN (0x4)
                0x0000000020000bb0                PROVIDE (__init_array_start = .)
 *(SORT_BY_NAME(.init_array.*))
 .init_array.00000
                0x0000000020000bb0        0x4 /Applications/ARM/bin/../lib/gcc/arm-none-eabi/10.3.1/../../../../arm-none-eabi/lib/thumb/v7e-m+fp/hard/libc.a(lib_a-__call_atexit.o)
 *(.init_array)
 .init_array    0x0000000020000bb4        0x4 /Applications/ARM/bin/../lib/gcc/arm-none-eabi/10.3.1/thumb/v7e-m+fp/hard/crtbegin.o
                0x0000000020000bb8                PROVIDE (__init_array_end = .)
                0x0000000020000bb8                . = ALIGN (0x8)
                0x0000000020000bb8                PROVIDE (__fini_array_start = .)
 *(SORT_BY_NAME(.fini_array.*))
 *(.fini_array)
 .fini_array    0x0000000020000bb8        0x4 /Applications/ARM/bin/../lib/gcc/arm-none-eabi/10.3.1/thumb/v7e-m+fp/hard/crtbegin.o
                0x0000000020000bbc                PROVIDE (__fini_array_end = .)
                0x0000000020000bc0                . = ALIGN (0x8)
 *fill*         0x0000000020000bbc        0x4 
                0x0000000020000bc0                __data_end__ = .

.igot.plt       0x0000000020000bc0        0x0 load address 0x00000000080114b4
 .igot.plt      0x0000000020000bc0        0x0 /Applications/ARM/bin/../lib/gcc/arm-none-eabi/10.3.1/thumb/v7e-m+fp/hard/crtbegin.o

.bss            0x0000000020000bc0    0x1cb70 load address 0x00000000080114b4
                0x0000000020000bc0                __bss_start__ = .
 *(.bss*)
 .bss           0x0000000020000bc0       0x1c /Applications/ARM/bin/../lib/gcc/arm-none-eabi/10.3.1/thumb/v7e-m+fp/hard/crtbegin.o
 .bss.bfr.12    0x0000000020000bdc        0x9 obj/Lab2A-Main-c.o
 *fill*         0x0000000020000be5        0x3 
 .bss.erase.11  0x0000000020000be8        0x4 obj/Lab2A-Main-c.o
 .bss.step.13   0x0000000020000bec        0x4 obj/Lab2A-Main-c.o
 .bss.timeout.1
                0x0000000020000bf0        0x4 obj/Lab2A-Main-c.o
 .bss.timeout.3
                0x0000000020000bf4        0x4 obj/Lab2A-Main-c.o
 .bss.x1.10     0x0000000020000bf8        0x4 obj/Lab2A-Main-c.o
 .bss.x2.9      0x0000000020000bfc        0x4 obj/Lab2A-Main-c.o
 .bss.x3.8      0x0000000020000c00        0x4 obj/Lab2A-Main-c.o
 .bss.y1.7      0x0000000020000c04        0x4 obj/Lab2A-Main-c.o
 .bss.y2.6      0x0000000020000c08        0x4 obj/Lab2A-Main-c.o
 .bss.y3.5      0x0000000020000c0c        0x4 obj/Lab2A-Main-c.o
 .bss.buffer    0x0000000020000c10      0x620 library.a(initialize.o)
 .bss.txtCol    0x0000000020001230        0x4 library.a(initialize.o)
 .bss.txtRow    0x0000000020001234        0x4 library.a(initialize.o)
 .bss.Is_LCD_IO_Initialized
                0x0000000020001238        0x1 library.a(stm32f429i_discovery.o)
 *fill*         0x0000000020001239        0x3 
 .bss.SpiHandle
                0x000000002000123c       0x58 library.a(stm32f429i_discovery.o)
 .bss.ActiveLayer
                0x0000000020001294        0x4 library.a(stm32f429i_discovery_lcd.o)
 .bss.Dma2dHandler
                0x0000000020001298       0x40 library.a(stm32f429i_discovery_lcd.o)
 .bss.DrawProp  0x00000000200012d8       0x18 library.a(stm32f429i_discovery_lcd.o)
 .bss.LcdDrv    0x00000000200012f0        0x4 library.a(stm32f429i_discovery_lcd.o)
                0x00000000200012f0                LcdDrv
 .bss.LtdcHandler
                0x00000000200012f4       0xa8 library.a(stm32f429i_discovery_lcd.o)
 .bss.PeriphClkInitStruct
                0x000000002000139c       0x30 library.a(stm32f429i_discovery_lcd.o)
 .bss.Command   0x00000000200013cc       0x10 library.a(stm32f429i_discovery_sdram.o)
 .bss.SdramHandle
                0x00000000200013dc       0x34 library.a(stm32f429i_discovery_sdram.o)
 .bss.Timing    0x0000000020001410       0x1c library.a(stm32f429i_discovery_sdram.o)
 .bss.dmaHandle.0
                0x000000002000142c       0x50 library.a(stm32f429i_discovery_sdram.o)
 .bss.uwTick    0x000000002000147c        0x4 library.a(stm32f4xx_hal.o)
 .bss.rgb       0x0000000020001480    0x1c200 library.a(svcHandler.o)
                0x0000000020001480                rgb
 .bss.text.5    0x000000002001d680       0x64 library.a(svcHandler.o)
 .bss.__lock___atexit_recursive_mutex
                0x000000002001d6e4        0x1 /Applications/ARM/bin/../lib/gcc/arm-none-eabi/10.3.1/../../../../arm-none-eabi/lib/thumb/v7e-m+fp/hard/libc.a(lib_a-lock.o)
                0x000000002001d6e4                __lock___atexit_recursive_mutex
 *fill*         0x000000002001d6e5        0x3 
 .bss.__lock___malloc_recursive_mutex
                0x000000002001d6e8        0x1 /Applications/ARM/bin/../lib/gcc/arm-none-eabi/10.3.1/../../../../arm-none-eabi/lib/thumb/v7e-m+fp/hard/libc.a(lib_a-lock.o)
                0x000000002001d6e8                __lock___malloc_recursive_mutex
 *fill*         0x000000002001d6e9        0x3 
 .bss.__lock___sfp_recursive_mutex
                0x000000002001d6ec        0x1 /Applications/ARM/bin/../lib/gcc/arm-none-eabi/10.3.1/../../../../arm-none-eabi/lib/thumb/v7e-m+fp/hard/libc.a(lib_a-lock.o)
                0x000000002001d6ec                __lock___sfp_recursive_mutex
 *fill*         0x000000002001d6ed        0x3 
 .bss.__lock___sinit_recursive_mutex
                0x000000002001d6f0        0x1 /Applications/ARM/bin/../lib/gcc/arm-none-eabi/10.3.1/../../../../arm-none-eabi/lib/thumb/v7e-m+fp/hard/libc.a(lib_a-lock.o)
                0x000000002001d6f0                __lock___sinit_recursive_mutex
 *fill*         0x000000002001d6f1        0x3 
 .bss.__malloc_current_mallinfo
                0x000000002001d6f4       0x28 /Applications/ARM/bin/../lib/gcc/arm-none-eabi/10.3.1/../../../../arm-none-eabi/lib/thumb/v7e-m+fp/hard/libc.a(lib_a-mallocr.o)
                0x000000002001d6f4                __malloc_current_mallinfo
 .bss.__malloc_max_sbrked_mem
                0x000000002001d71c        0x4 /Applications/ARM/bin/../lib/gcc/arm-none-eabi/10.3.1/../../../../arm-none-eabi/lib/thumb/v7e-m+fp/hard/libc.a(lib_a-mallocr.o)
                0x000000002001d71c                __malloc_max_sbrked_mem
 .bss.__malloc_max_total_mem
                0x000000002001d720        0x4 /Applications/ARM/bin/../lib/gcc/arm-none-eabi/10.3.1/../../../../arm-none-eabi/lib/thumb/v7e-m+fp/hard/libc.a(lib_a-mallocr.o)
                0x000000002001d720                __malloc_max_total_mem
 .bss.__malloc_top_pad
                0x000000002001d724        0x4 /Applications/ARM/bin/../lib/gcc/arm-none-eabi/10.3.1/../../../../arm-none-eabi/lib/thumb/v7e-m+fp/hard/libc.a(lib_a-mallocr.o)
                0x000000002001d724                __malloc_top_pad
 .bss.errno     0x000000002001d728        0x4 /Applications/ARM/bin/../lib/gcc/arm-none-eabi/10.3.1/../../../../arm-none-eabi/lib/thumb/v7e-m+fp/hard/libc.a(lib_a-reent.o)
                0x000000002001d728                errno
 .bss.heap_end.0
                0x000000002001d72c        0x4 /Applications/ARM/bin/../lib/gcc/arm-none-eabi/10.3.1/../../../../arm-none-eabi/lib/thumb/v7e-m+fp/hard/libnosys.a(sbrk.o)
 *(COMMON)
                0x000000002001d730                __bss_end__ = .

.ccm            0x0000000010000000        0x0
                0x0000000010000000                . = ALIGN (0x4)
                0x0000000010000000                __ccm_start__ = .
 *(.ccm*)
                0x0000000010000000                . = ALIGN (0x4)
                0x0000000010000000                __ccm_end__ = .

.heap           0x0000000010000000      0xc00
                0x0000000010000000                __end__ = .
                0x0000000010000000                end = __end__
 *(.heap*)
 .heap          0x0000000010000000      0xc00 library.a(startup_stm32f429xx.o)
                0x0000000010000000                __HeapBase
                0x0000000010000c00                __HeapLimit = .

.stack_dummy    0x0000000010000000     0x1000
 *(.stack)
 .stack         0x0000000010000000     0x1000 library.a(startup_stm32f429xx.o)
                0x0000000010010000                __StackTop = (ORIGIN (CCM) + LENGTH (CCM))
                0x000000001000f000                __StackLimit = (__StackTop - SIZEOF (.stack_dummy))
                0x0000000010010000                PROVIDE (__stack = __StackTop)
                0x0000000000000001                ASSERT ((__StackLimit >= __HeapLimit), region CCM overflowed with stack)
OUTPUT(output.elf elf32-littlearm)
LOAD linker stubs

.ARM.attributes
                0x0000000000000000       0x30
 .ARM.attributes
                0x0000000000000000       0x1e /Applications/ARM/bin/../lib/gcc/arm-none-eabi/10.3.1/thumb/v7e-m+fp/hard/crti.o
 .ARM.attributes
                0x000000000000001e       0x34 /Applications/ARM/bin/../lib/gcc/arm-none-eabi/10.3.1/thumb/v7e-m+fp/hard/crtbegin.o
 .ARM.attributes
                0x0000000000000052       0x1c /Applications/ARM/bin/../lib/gcc/arm-none-eabi/10.3.1/../../../../arm-none-eabi/lib/thumb/v7e-m+fp/hard/crt0.o
 .ARM.attributes
                0x000000000000006e       0x34 obj/Lab2A-Func-c.o
 .ARM.attributes
                0x00000000000000a2       0x34 obj/Lab2A-Main-c.o
 .ARM.attributes
                0x00000000000000d6       0x34 library.a(initialize.o)
 .ARM.attributes
                0x000000000000010a       0x34 library.a(stm32f429i_discovery.o)
 .ARM.attributes
                0x000000000000013e       0x34 library.a(stm32f429i_discovery_lcd.o)
 .ARM.attributes
                0x0000000000000172       0x34 library.a(stm32f429i_discovery_sdram.o)
 .ARM.attributes
                0x00000000000001a6       0x34 library.a(stm32f4xx_hal.o)
 .ARM.attributes
                0x00000000000001da       0x34 library.a(stm32f4xx_hal_cortex.o)
 .ARM.attributes
                0x000000000000020e       0x34 library.a(stm32f4xx_hal_dma.o)
 .ARM.attributes
                0x0000000000000242       0x34 library.a(stm32f4xx_hal_dma2d.o)
 .ARM.attributes
                0x0000000000000276       0x34 library.a(stm32f4xx_hal_gpio.o)
 .ARM.attributes
                0x00000000000002aa       0x34 library.a(stm32f4xx_hal_ltdc.o)
 .ARM.attributes
                0x00000000000002de       0x34 library.a(stm32f4xx_hal_rcc.o)
 .ARM.attributes
                0x0000000000000312       0x34 library.a(stm32f4xx_hal_rcc_ex.o)
 .ARM.attributes
                0x0000000000000346       0x34 library.a(stm32f4xx_hal_sdram.o)
 .ARM.attributes
                0x000000000000037a       0x34 library.a(stm32f4xx_hal_spi.o)
 .ARM.attributes
                0x00000000000003ae       0x34 library.a(stm32f4xx_it.o)
 .ARM.attributes
                0x00000000000003e2       0x34 library.a(stm32f4xx_ll_fmc.o)
 .ARM.attributes
                0x0000000000000416       0x34 library.a(svcHandler.o)
 .ARM.attributes
                0x000000000000044a       0x34 library.a(system_stm32f4xx.o)
 .ARM.attributes
                0x000000000000047e       0x1f library.a(startup_stm32f429xx.o)
 .ARM.attributes
                0x000000000000049d       0x34 library.a(ili9341.o)
 .ARM.attributes
                0x00000000000004d1       0x34 /Applications/ARM/bin/../lib/gcc/arm-none-eabi/10.3.1/../../../../arm-none-eabi/lib/thumb/v7e-m+fp/hard/libc.a(lib_a-exit.o)
 .ARM.attributes
                0x0000000000000505       0x32 /Applications/ARM/bin/../lib/gcc/arm-none-eabi/10.3.1/../../../../arm-none-eabi/lib/thumb/v7e-m+fp/hard/libc.a(lib_a-impure.o)
 .ARM.attributes
                0x0000000000000537       0x34 /Applications/ARM/bin/../lib/gcc/arm-none-eabi/10.3.1/../../../../arm-none-eabi/lib/thumb/v7e-m+fp/hard/libc.a(lib_a-init.o)
 .ARM.attributes
                0x000000000000056b       0x1c /Applications/ARM/bin/../lib/gcc/arm-none-eabi/10.3.1/../../../../arm-none-eabi/lib/thumb/v7e-m+fp/hard/libc.a(lib_a-memcpy.o)
 .ARM.attributes
                0x0000000000000587       0x34 /Applications/ARM/bin/../lib/gcc/arm-none-eabi/10.3.1/../../../../arm-none-eabi/lib/thumb/v7e-m+fp/hard/libc.a(lib_a-memset.o)
 .ARM.attributes
                0x00000000000005bb       0x34 /Applications/ARM/bin/../lib/gcc/arm-none-eabi/10.3.1/../../../../arm-none-eabi/lib/thumb/v7e-m+fp/hard/libc.a(lib_a-sprintf.o)
 .ARM.attributes
                0x00000000000005ef       0x34 /Applications/ARM/bin/../lib/gcc/arm-none-eabi/10.3.1/../../../../arm-none-eabi/lib/thumb/v7e-m+fp/hard/libc.a(lib_a-strcpy.o)
 .ARM.attributes
                0x0000000000000623       0x1c /Applications/ARM/bin/../lib/gcc/arm-none-eabi/10.3.1/../../../../arm-none-eabi/lib/thumb/v7e-m+fp/hard/libc.a(lib_a-strlen.o)
 .ARM.attributes
                0x000000000000063f       0x34 /Applications/ARM/bin/../lib/gcc/arm-none-eabi/10.3.1/../../../../arm-none-eabi/lib/thumb/v7e-m+fp/hard/libc.a(lib_a-svfprintf.o)
 .ARM.attributes
                0x0000000000000673       0x34 /Applications/ARM/bin/../lib/gcc/arm-none-eabi/10.3.1/../../../../arm-none-eabi/lib/thumb/v7e-m+fp/hard/libc.a(lib_a-vsprintf.o)
 .ARM.attributes
                0x00000000000006a7       0x34 /Applications/ARM/bin/../lib/gcc/arm-none-eabi/10.3.1/../../../../arm-none-eabi/lib/thumb/v7e-m+fp/hard/libc.a(lib_a-wsetup.o)
 .ARM.attributes
                0x00000000000006db       0x34 /Applications/ARM/bin/../lib/gcc/arm-none-eabi/10.3.1/../../../../arm-none-eabi/lib/thumb/v7e-m+fp/hard/libc.a(lib_a-__call_atexit.o)
 .ARM.attributes
                0x000000000000070f       0x34 /Applications/ARM/bin/../lib/gcc/arm-none-eabi/10.3.1/../../../../arm-none-eabi/lib/thumb/v7e-m+fp/hard/libc.a(lib_a-atexit.o)
 .ARM.attributes
                0x0000000000000743       0x34 /Applications/ARM/bin/../lib/gcc/arm-none-eabi/10.3.1/../../../../arm-none-eabi/lib/thumb/v7e-m+fp/hard/libc.a(lib_a-dtoa.o)
 .ARM.attributes
                0x0000000000000777       0x34 /Applications/ARM/bin/../lib/gcc/arm-none-eabi/10.3.1/../../../../arm-none-eabi/lib/thumb/v7e-m+fp/hard/libc.a(lib_a-fflush.o)
 .ARM.attributes
                0x00000000000007ab       0x34 /Applications/ARM/bin/../lib/gcc/arm-none-eabi/10.3.1/../../../../arm-none-eabi/lib/thumb/v7e-m+fp/hard/libc.a(lib_a-findfp.o)
 .ARM.attributes
                0x00000000000007df       0x34 /Applications/ARM/bin/../lib/gcc/arm-none-eabi/10.3.1/../../../../arm-none-eabi/lib/thumb/v7e-m+fp/hard/libc.a(lib_a-fini.o)
 .ARM.attributes
                0x0000000000000813       0x34 /Applications/ARM/bin/../lib/gcc/arm-none-eabi/10.3.1/../../../../arm-none-eabi/lib/thumb/v7e-m+fp/hard/libc.a(lib_a-freer.o)
 .ARM.attributes
                0x0000000000000847       0x34 /Applications/ARM/bin/../lib/gcc/arm-none-eabi/10.3.1/../../../../arm-none-eabi/lib/thumb/v7e-m+fp/hard/libc.a(lib_a-fwalk.o)
 .ARM.attributes
                0x000000000000087b       0x34 /Applications/ARM/bin/../lib/gcc/arm-none-eabi/10.3.1/../../../../arm-none-eabi/lib/thumb/v7e-m+fp/hard/libc.a(lib_a-localeconv.o)
 .ARM.attributes
                0x00000000000008af       0x34 /Applications/ARM/bin/../lib/gcc/arm-none-eabi/10.3.1/../../../../arm-none-eabi/lib/thumb/v7e-m+fp/hard/libc.a(lib_a-lock.o)
 .ARM.attributes
                0x00000000000008e3       0x34 /Applications/ARM/bin/../lib/gcc/arm-none-eabi/10.3.1/../../../../arm-none-eabi/lib/thumb/v7e-m+fp/hard/libc.a(lib_a-makebuf.o)
 .ARM.attributes
                0x0000000000000917       0x34 /Applications/ARM/bin/../lib/gcc/arm-none-eabi/10.3.1/../../../../arm-none-eabi/lib/thumb/v7e-m+fp/hard/libc.a(lib_a-mallocr.o)
 .ARM.attributes
                0x000000000000094b       0x1c /Applications/ARM/bin/../lib/gcc/arm-none-eabi/10.3.1/../../../../arm-none-eabi/lib/thumb/v7e-m+fp/hard/libc.a(lib_a-memchr.o)
 .ARM.attributes
                0x0000000000000967       0x34 /Applications/ARM/bin/../lib/gcc/arm-none-eabi/10.3.1/../../../../arm-none-eabi/lib/thumb/v7e-m+fp/hard/libc.a(lib_a-mlock.o)
 .ARM.attributes
                0x000000000000099b       0x34 /Applications/ARM/bin/../lib/gcc/arm-none-eabi/10.3.1/../../../../arm-none-eabi/lib/thumb/v7e-m+fp/hard/libc.a(lib_a-mprec.o)
 .ARM.attributes
                0x00000000000009cf       0x34 /Applications/ARM/bin/../lib/gcc/arm-none-eabi/10.3.1/../../../../arm-none-eabi/lib/thumb/v7e-m+fp/hard/libc.a(lib_a-s_frexp.o)
 .ARM.attributes
                0x0000000000000a03       0x34 /Applications/ARM/bin/../lib/gcc/arm-none-eabi/10.3.1/../../../../arm-none-eabi/lib/thumb/v7e-m+fp/hard/libc.a(lib_a-sbrkr.o)
 .ARM.attributes
                0x0000000000000a37       0x34 /Applications/ARM/bin/../lib/gcc/arm-none-eabi/10.3.1/../../../../arm-none-eabi/lib/thumb/v7e-m+fp/hard/libc.a(lib_a-stdio.o)
 .ARM.attributes
                0x0000000000000a6b       0x34 /Applications/ARM/bin/../lib/gcc/arm-none-eabi/10.3.1/../../../../arm-none-eabi/lib/thumb/v7e-m+fp/hard/libc.a(lib_a-strncpy.o)
 .ARM.attributes
                0x0000000000000a9f       0x34 /Applications/ARM/bin/../lib/gcc/arm-none-eabi/10.3.1/../../../../arm-none-eabi/lib/thumb/v7e-m+fp/hard/libc.a(lib_a-svfiprintf.o)
 .ARM.attributes
                0x0000000000000ad3       0x34 /Applications/ARM/bin/../lib/gcc/arm-none-eabi/10.3.1/../../../../arm-none-eabi/lib/thumb/v7e-m+fp/hard/libc.a(lib_a-vfiprintf.o)
 .ARM.attributes
                0x0000000000000b07       0x34 /Applications/ARM/bin/../lib/gcc/arm-none-eabi/10.3.1/../../../../arm-none-eabi/lib/thumb/v7e-m+fp/hard/libc.a(lib_a-writer.o)
 .ARM.attributes
                0x0000000000000b3b       0x34 /Applications/ARM/bin/../lib/gcc/arm-none-eabi/10.3.1/../../../../arm-none-eabi/lib/thumb/v7e-m+fp/hard/libc.a(lib_a-__atexit.o)
 .ARM.attributes
                0x0000000000000b6f       0x34 /Applications/ARM/bin/../lib/gcc/arm-none-eabi/10.3.1/../../../../arm-none-eabi/lib/thumb/v7e-m+fp/hard/libc.a(lib_a-assert.o)
 .ARM.attributes
                0x0000000000000ba3       0x34 /Applications/ARM/bin/../lib/gcc/arm-none-eabi/10.3.1/../../../../arm-none-eabi/lib/thumb/v7e-m+fp/hard/libc.a(lib_a-callocr.o)
 .ARM.attributes
                0x0000000000000bd7       0x34 /Applications/ARM/bin/../lib/gcc/arm-none-eabi/10.3.1/../../../../arm-none-eabi/lib/thumb/v7e-m+fp/hard/libc.a(lib_a-closer.o)
 .ARM.attributes
                0x0000000000000c0b       0x34 /Applications/ARM/bin/../lib/gcc/arm-none-eabi/10.3.1/../../../../arm-none-eabi/lib/thumb/v7e-m+fp/hard/libc.a(lib_a-errno.o)
 .ARM.attributes
                0x0000000000000c3f       0x34 /Applications/ARM/bin/../lib/gcc/arm-none-eabi/10.3.1/../../../../arm-none-eabi/lib/thumb/v7e-m+fp/hard/libc.a(lib_a-fclose.o)
 .ARM.attributes
                0x0000000000000c73       0x34 /Applications/ARM/bin/../lib/gcc/arm-none-eabi/10.3.1/../../../../arm-none-eabi/lib/thumb/v7e-m+fp/hard/libc.a(lib_a-fiprintf.o)
 .ARM.attributes
                0x0000000000000ca7       0x34 /Applications/ARM/bin/../lib/gcc/arm-none-eabi/10.3.1/../../../../arm-none-eabi/lib/thumb/v7e-m+fp/hard/libc.a(lib_a-fputwc.o)
 .ARM.attributes
                0x0000000000000cdb       0x34 /Applications/ARM/bin/../lib/gcc/arm-none-eabi/10.3.1/../../../../arm-none-eabi/lib/thumb/v7e-m+fp/hard/libc.a(lib_a-fstatr.o)
 .ARM.attributes
                0x0000000000000d0f       0x34 /Applications/ARM/bin/../lib/gcc/arm-none-eabi/10.3.1/../../../../arm-none-eabi/lib/thumb/v7e-m+fp/hard/libc.a(lib_a-fvwrite.o)
 .ARM.attributes
                0x0000000000000d43       0x34 /Applications/ARM/bin/../lib/gcc/arm-none-eabi/10.3.1/../../../../arm-none-eabi/lib/thumb/v7e-m+fp/hard/libc.a(lib_a-isattyr.o)
 .ARM.attributes
                0x0000000000000d77       0x34 /Applications/ARM/bin/../lib/gcc/arm-none-eabi/10.3.1/../../../../arm-none-eabi/lib/thumb/v7e-m+fp/hard/libc.a(lib_a-locale.o)
 .ARM.attributes
                0x0000000000000dab       0x34 /Applications/ARM/bin/../lib/gcc/arm-none-eabi/10.3.1/../../../../arm-none-eabi/lib/thumb/v7e-m+fp/hard/libc.a(lib_a-lseekr.o)
 .ARM.attributes
                0x0000000000000ddf       0x34 /Applications/ARM/bin/../lib/gcc/arm-none-eabi/10.3.1/../../../../arm-none-eabi/lib/thumb/v7e-m+fp/hard/libc.a(lib_a-mbtowc_r.o)
 .ARM.attributes
                0x0000000000000e13       0x34 /Applications/ARM/bin/../lib/gcc/arm-none-eabi/10.3.1/../../../../arm-none-eabi/lib/thumb/v7e-m+fp/hard/libc.a(lib_a-memmove.o)
 .ARM.attributes
                0x0000000000000e47       0x34 /Applications/ARM/bin/../lib/gcc/arm-none-eabi/10.3.1/../../../../arm-none-eabi/lib/thumb/v7e-m+fp/hard/libc.a(lib_a-readr.o)
 .ARM.attributes
                0x0000000000000e7b       0x34 /Applications/ARM/bin/../lib/gcc/arm-none-eabi/10.3.1/../../../../arm-none-eabi/lib/thumb/v7e-m+fp/hard/libc.a(lib_a-reallocr.o)
 .ARM.attributes
                0x0000000000000eaf       0x34 /Applications/ARM/bin/../lib/gcc/arm-none-eabi/10.3.1/../../../../arm-none-eabi/lib/thumb/v7e-m+fp/hard/libc.a(lib_a-reent.o)
 .ARM.attributes
                0x0000000000000ee3       0x34 /Applications/ARM/bin/../lib/gcc/arm-none-eabi/10.3.1/../../../../arm-none-eabi/lib/thumb/v7e-m+fp/hard/libc.a(lib_a-wbuf.o)
 .ARM.attributes
                0x0000000000000f17       0x34 /Applications/ARM/bin/../lib/gcc/arm-none-eabi/10.3.1/../../../../arm-none-eabi/lib/thumb/v7e-m+fp/hard/libc.a(lib_a-wcrtomb.o)
 .ARM.attributes
                0x0000000000000f4b       0x34 /Applications/ARM/bin/../lib/gcc/arm-none-eabi/10.3.1/../../../../arm-none-eabi/lib/thumb/v7e-m+fp/hard/libc.a(lib_a-wctomb_r.o)
 .ARM.attributes
                0x0000000000000f7f       0x34 /Applications/ARM/bin/../lib/gcc/arm-none-eabi/10.3.1/../../../../arm-none-eabi/lib/thumb/v7e-m+fp/hard/libc.a(lib_a-abort.o)
 .ARM.attributes
                0x0000000000000fb3       0x32 /Applications/ARM/bin/../lib/gcc/arm-none-eabi/10.3.1/../../../../arm-none-eabi/lib/thumb/v7e-m+fp/hard/libc.a(lib_a-ctype_.o)
 .ARM.attributes
                0x0000000000000fe5       0x34 /Applications/ARM/bin/../lib/gcc/arm-none-eabi/10.3.1/../../../../arm-none-eabi/lib/thumb/v7e-m+fp/hard/libc.a(lib_a-signal.o)
 .ARM.attributes
                0x0000000000001019       0x34 /Applications/ARM/bin/../lib/gcc/arm-none-eabi/10.3.1/../../../../arm-none-eabi/lib/thumb/v7e-m+fp/hard/libc.a(lib_a-signalr.o)
 .ARM.attributes
                0x000000000000104d       0x34 /Applications/ARM/bin/../lib/gcc/arm-none-eabi/10.3.1/../../../../arm-none-eabi/lib/thumb/v7e-m+fp/hard/libnosys.a(close.o)
 .ARM.attributes
                0x0000000000001081       0x34 /Applications/ARM/bin/../lib/gcc/arm-none-eabi/10.3.1/../../../../arm-none-eabi/lib/thumb/v7e-m+fp/hard/libnosys.a(fstat.o)
 .ARM.attributes
                0x00000000000010b5       0x34 /Applications/ARM/bin/../lib/gcc/arm-none-eabi/10.3.1/../../../../arm-none-eabi/lib/thumb/v7e-m+fp/hard/libnosys.a(getpid.o)
 .ARM.attributes
                0x00000000000010e9       0x34 /Applications/ARM/bin/../lib/gcc/arm-none-eabi/10.3.1/../../../../arm-none-eabi/lib/thumb/v7e-m+fp/hard/libnosys.a(isatty.o)
 .ARM.attributes
                0x000000000000111d       0x34 /Applications/ARM/bin/../lib/gcc/arm-none-eabi/10.3.1/../../../../arm-none-eabi/lib/thumb/v7e-m+fp/hard/libnosys.a(kill.o)
 .ARM.attributes
                0x0000000000001151       0x34 /Applications/ARM/bin/../lib/gcc/arm-none-eabi/10.3.1/../../../../arm-none-eabi/lib/thumb/v7e-m+fp/hard/libnosys.a(lseek.o)
 .ARM.attributes
                0x0000000000001185       0x34 /Applications/ARM/bin/../lib/gcc/arm-none-eabi/10.3.1/../../../../arm-none-eabi/lib/thumb/v7e-m+fp/hard/libnosys.a(read.o)
 .ARM.attributes
                0x00000000000011b9       0x34 /Applications/ARM/bin/../lib/gcc/arm-none-eabi/10.3.1/../../../../arm-none-eabi/lib/thumb/v7e-m+fp/hard/libnosys.a(sbrk.o)
 .ARM.attributes
                0x00000000000011ed       0x34 /Applications/ARM/bin/../lib/gcc/arm-none-eabi/10.3.1/../../../../arm-none-eabi/lib/thumb/v7e-m+fp/hard/libnosys.a(_exit.o)
 .ARM.attributes
                0x0000000000001221       0x1e /Applications/ARM/bin/../lib/gcc/arm-none-eabi/10.3.1/thumb/v7e-m+fp/hard/libgcc.a(_arm_addsubdf3.o)
 .ARM.attributes
                0x000000000000123f       0x1e /Applications/ARM/bin/../lib/gcc/arm-none-eabi/10.3.1/thumb/v7e-m+fp/hard/libgcc.a(_arm_muldivdf3.o)
 .ARM.attributes
                0x000000000000125d       0x1e /Applications/ARM/bin/../lib/gcc/arm-none-eabi/10.3.1/thumb/v7e-m+fp/hard/libgcc.a(_arm_cmpdf2.o)
 .ARM.attributes
                0x000000000000127b       0x1e /Applications/ARM/bin/../lib/gcc/arm-none-eabi/10.3.1/thumb/v7e-m+fp/hard/libgcc.a(_arm_unorddf2.o)
 .ARM.attributes
                0x0000000000001299       0x1e /Applications/ARM/bin/../lib/gcc/arm-none-eabi/10.3.1/thumb/v7e-m+fp/hard/libgcc.a(_arm_fixdfsi.o)
 .ARM.attributes
                0x00000000000012b7       0x1e /Applications/ARM/bin/../lib/gcc/arm-none-eabi/10.3.1/thumb/v7e-m+fp/hard/libgcc.a(_aeabi_uldivmod.o)
 .ARM.attributes
                0x00000000000012d5       0x34 /Applications/ARM/bin/../lib/gcc/arm-none-eabi/10.3.1/thumb/v7e-m+fp/hard/libgcc.a(_udivmoddi4.o)
 .ARM.attributes
                0x0000000000001309       0x1e /Applications/ARM/bin/../lib/gcc/arm-none-eabi/10.3.1/thumb/v7e-m+fp/hard/libgcc.a(_dvmd_tls.o)
 .ARM.attributes
                0x0000000000001327       0x32 /Applications/ARM/bin/../lib/gcc/arm-none-eabi/10.3.1/thumb/v7e-m+fp/hard/crtend.o
 .ARM.attributes
                0x0000000000001359       0x1e /Applications/ARM/bin/../lib/gcc/arm-none-eabi/10.3.1/thumb/v7e-m+fp/hard/crtn.o

.comment        0x0000000000000000       0x96
 .comment       0x0000000000000000       0x49 obj/Lab2A-Func-c.o
                                         0x4a (size before relaxing)
 .comment       0x0000000000000049       0x4a obj/Lab2A-Main-c.o
 .comment       0x0000000000000049       0x4d library.a(initialize.o)
                                         0x4e (size before relaxing)
 .comment       0x0000000000000096       0x4e library.a(stm32f429i_discovery.o)
 .comment       0x0000000000000096       0x4e library.a(stm32f429i_discovery_lcd.o)
 .comment       0x0000000000000096       0x4e library.a(stm32f429i_discovery_sdram.o)
 .comment       0x0000000000000096       0x4e library.a(stm32f4xx_hal.o)
 .comment       0x0000000000000096       0x4e library.a(stm32f4xx_hal_cortex.o)