Archive member included to satisfy reference by file (symbol)

library.a(initialize.o)       obj/Lab7A-Main-c.o (InitializeHardware)
library.a(stm32f429i_discovery.o)
                              library.a(initialize.o) (BSP_PB_Init)
library.a(stm32f429i_discovery_lcd.o)
                              library.a(initialize.o) (BSP_LCD_LayerDefaultInit)
library.a(stm32f429i_discovery_sdram.o)
                              library.a(stm32f429i_discovery_lcd.o) (BSP_SDRAM_Init)
library.a(stm32f4xx_hal.o)    library.a(initialize.o) (HAL_Init)
library.a(stm32f4xx_hal_cortex.o)
                              library.a(stm32f4xx_hal.o) (HAL_NVIC_SetPriorityGrouping)
library.a(stm32f4xx_hal_dma.o)
                              library.a(stm32f429i_discovery_sdram.o) (HAL_DMA_Init)
library.a(stm32f4xx_hal_dma2d.o)
                              library.a(stm32f429i_discovery_lcd.o) (HAL_DMA2D_Init)
library.a(stm32f4xx_hal_gpio.o)
                              library.a(stm32f429i_discovery.o) (HAL_GPIO_Init)
library.a(stm32f4xx_hal_i2c.o)
                              library.a(stm32f429i_discovery.o) (HAL_I2C_Init)
library.a(stm32f4xx_hal_ltdc.o)
                              library.a(stm32f429i_discovery_lcd.o) (HAL_LTDC_Init)
library.a(stm32f4xx_hal_rcc.o)
                              library.a(initialize.o) (HAL_RCC_OscConfig)
library.a(stm32f4xx_hal_rcc_ex.o)
                              library.a(stm32f429i_discovery_lcd.o) (HAL_RCCEx_PeriphCLKConfig)
library.a(stm32f4xx_hal_sdram.o)
                              library.a(stm32f429i_discovery_sdram.o) (HAL_SDRAM_Init)
library.a(stm32f4xx_hal_spi.o)
                              library.a(stm32f429i_discovery.o) (HAL_SPI_Init)
library.a(stm32f4xx_it.o)     library.a(initialize.o) (IncludeThis)
library.a(stm32f4xx_ll_fmc.o)
                              library.a(stm32f4xx_hal_sdram.o) (FMC_SDRAM_Init)
library.a(svcHandler.o)       library.a(stm32f4xx_it.o) (SVC_Exception)
library.a(system_stm32f4xx.o)
                              library.a(stm32f4xx_hal_rcc.o) (SystemCoreClock)
library.a(startup_stm32f429xx.o)
                              library.a(initialize.o) (Reset_Handler)
library.a(ili9341.o)          library.a(stm32f429i_discovery_lcd.o) (ili9341_drv)
/Applications/ARM/bin/../lib/gcc/arm-none-eabi/10.3.1/../../../../arm-none-eabi/lib/thumb/v7e-m+fp/hard/libc.a(lib_a-exit.o)
                              /Applications/ARM/bin/../lib/gcc/arm-none-eabi/10.3.1/../../../../arm-none-eabi/lib/thumb/v7e-m+fp/hard/crt0.o (exit)
/Applications/ARM/bin/../lib/gcc/arm-none-eabi/10.3.1/../../../../arm-none-eabi/lib/thumb/v7e-m+fp/hard/libc.a(lib_a-impure.o)
                              /Applications/ARM/bin/../lib/gcc/arm-none-eabi/10.3.1/../../../../arm-none-eabi/lib/thumb/v7e-m+fp/hard/libc.a(lib_a-exit.o) (_global_impure_ptr)
/Applications/ARM/bin/../lib/gcc/arm-none-eabi/10.3.1/../../../../arm-none-eabi/lib/thumb/v7e-m+fp/hard/libc.a(lib_a-init.o)
                              /Applications/ARM/bin/../lib/gcc/arm-none-eabi/10.3.1/../../../../arm-none-eabi/lib/thumb/v7e-m+fp/hard/crt0.o (__libc_init_array)
/Applications/ARM/bin/../lib/gcc/arm-none-eabi/10.3.1/../../../../arm-none-eabi/lib/thumb/v7e-m+fp/hard/libc.a(lib_a-memcpy.o)
                              library.a(svcHandler.o) (memcpy)
/Applications/ARM/bin/../lib/gcc/arm-none-eabi/10.3.1/../../../../arm-none-eabi/lib/thumb/v7e-m+fp/hard/libc.a(lib_a-memset.o)
                              /Applications/ARM/bin/../lib/gcc/arm-none-eabi/10.3.1/../../../../arm-none-eabi/lib/thumb/v7e-m+fp/hard/crt0.o (memset)
/Applications/ARM/bin/../lib/gcc/arm-none-eabi/10.3.1/../../../../arm-none-eabi/lib/thumb/v7e-m+fp/hard/libc.a(lib_a-printf.o)
                              library.a(initialize.o) (printf)
/Applications/ARM/bin/../lib/gcc/arm-none-eabi/10.3.1/../../../../arm-none-eabi/lib/thumb/v7e-m+fp/hard/libc.a(lib_a-sprintf.o)
                              library.a(svcHandler.o) (sprintf)
/Applications/ARM/bin/../lib/gcc/arm-none-eabi/10.3.1/../../../../arm-none-eabi/lib/thumb/v7e-m+fp/hard/libc.a(lib_a-strcpy.o)
                              library.a(initialize.o) (strcpy)
/Applications/ARM/bin/../lib/gcc/arm-none-eabi/10.3.1/../../../../arm-none-eabi/lib/thumb/v7e-m+fp/hard/libc.a(lib_a-strlen.o)
                              library.a(svcHandler.o) (strlen)
/Applications/ARM/bin/../lib/gcc/arm-none-eabi/10.3.1/../../../../arm-none-eabi/lib/thumb/v7e-m+fp/hard/libc.a(lib_a-svfprintf.o)
                              /Applications/ARM/bin/../lib/gcc/arm-none-eabi/10.3.1/../../../../arm-none-eabi/lib/thumb/v7e-m+fp/hard/libc.a(lib_a-sprintf.o) (_svfprintf_r)
/Applications/ARM/bin/../lib/gcc/arm-none-eabi/10.3.1/../../../../arm-none-eabi/lib/thumb/v7e-m+fp/hard/libc.a(lib_a-vfprintf.o)
                              /Applications/ARM/bin/../lib/gcc/arm-none-eabi/10.3.1/../../../../arm-none-eabi/lib/thumb/v7e-m+fp/hard/libc.a(lib_a-printf.o) (_vfprintf_r)
[...]
Memory Configuration

Name             Origin             Length             Attributes
ROM              0x0000000008000000 0x0000000000200000 xr
RAM              0x0000000020000000 0x0000000000030000 xrw
CCM              0x0000000010000000 0x0000000000010000 xrw
*default*        0x0000000000000000 0xffffffffffffffff

Linker script and memory map

LOAD /Applications/ARM/bin/../lib/gcc/arm-none-eabi/10.3.1/thumb/v7e-m+fp/hard/crti.o
LOAD /Applications/ARM/bin/../lib/gcc/arm-none-eabi/10.3.1/thumb/v7e-m+fp/hard/crtbegin.o
LOAD /Applications/ARM/bin/../lib/gcc/arm-none-eabi/10.3.1/../../../../arm-none-eabi/lib/thumb/v7e-m+fp/hard/crt0.o
LOAD obj/Lab7A-Main-c.o
LOAD obj/Lab7A-Funcs-s.o
LOAD library.a
LOAD library.a
LOAD /Applications/ARM/bin/../lib/gcc/arm-none-eabi/10.3.1/../../../../arm-none-eabi/lib/thumb/v7e-m+fp/hard/libm.a
LOAD /Applications/ARM/bin/../lib/gcc/arm-none-eabi/10.3.1/../../../../arm-none-eabi/lib/thumb/v7e-m+fp/hard/libc.a
LOAD /Applications/ARM/bin/../lib/gcc/arm-none-eabi/10.3.1/../../../../arm-none-eabi/lib/thumb/v7e-m+fp/hard/libnosys.a
LOAD /Applications/ARM/bin/../lib/gcc/arm-none-eabi/10.3.1/../../../../arm-none-eabi/lib/thumb/v7e-m+fp/hard/libc.a
START GROUP
LOAD /Applications/ARM/bin/../lib/gcc/arm-none-eabi/10.3.1/thumb/v7e-m+fp/hard/libgcc.a
LOAD /Applications/ARM/bin/../lib/gcc/arm-none-eabi/10.3.1/../../../../arm-none-eabi/lib/thumb/v7e-m+fp/hard/libc.a
END GROUP
LOAD /Applications/ARM/bin/../lib/gcc/arm-none-eabi/10.3.1/thumb/v7e-m+fp/hard/crtend.o
LOAD /Applications/ARM/bin/../lib/gcc/arm-none-eabi/10.3.1/thumb/v7e-m+fp/hard/crtn.o

.text           0x0000000008000000     0xe90c
 *(.isr_vector)
 .isr_vector    0x0000000008000000      0x1ac library.a(startup_stm32f429xx.o)
                0x0000000008000000                __isr_vector
 *(.text*)
 .text          0x00000000080001ac       0x40 /Applications/ARM/bin/../lib/gcc/arm-none-eabi/10.3.1/thumb/v7e-m+fp/hard/crtbegin.o
 .text          0x00000000080001ec       0x7c /Applications/ARM/bin/../lib/gcc/arm-none-eabi/10.3.1/../../../../arm-none-eabi/lib/thumb/v7e-m+fp/hard/crt0.o
                0x00000000080001ec                _stack_init
                0x00000000080001f4                _mainCRTStartup
                0x00000000080001f4                _start
 .text.main     0x0000000008000268      0x1e0 obj/Lab7A-Main-c.o
                0x0000000008000268                main
 .text.LEDs     0x0000000008000448       0x34 obj/Lab7A-Main-c.o
 .text.RBIT     0x000000000800047c        0x8 obj/Lab7A-Main-c.o
 .text.REV      0x0000000008000484        0x4 obj/Lab7A-Main-c.o
 .text.ROR      0x0000000008000488        0x8 obj/Lab7A-Main-c.o
 .text.PaintDisplay
                0x0000000008000490       0x40 obj/Lab7A-Main-c.o
 .text.PutBinaryAt
                0x00000000080004d0       0xc8 obj/Lab7A-Main-c.o
 .text.PutStringAt
                0x0000000008000598       0x34 obj/Lab7A-Main-c.o
 .text.Delay    0x00000000080005cc       0x20 obj/Lab7A-Main-c.o
 .text          0x00000000080005ec       0xd8 obj/Lab7A-Funcs-s.o
                0x00000000080005ec                ReverseBits
                0x00000000080006b0                ReverseBytes
 .text.TextRows
                0x00000000080006c4       0x12 library.a(initialize.o)
 *fill*         0x00000000080006d6        0x2 
 .text.ClearDisplay
                0x00000000080006d8       0x34 library.a(initialize.o)
                0x00000000080006d8                ClearDisplay
 .text.DisplayHeader
                0x000000000800070c       0x7c library.a(initialize.o)
                0x000000000800070c                DisplayHeader
 .text.DisplayFooter
                0x0000000008000788       0x58 library.a(initialize.o)
                0x0000000008000788                DisplayFooter
 .text._write   0x00000000080007e0      0x104 library.a(initialize.o)
                0x00000000080007e0                _write
 .text.InitializeHardware
                0x00000000080008e4      0x124 library.a(initialize.o)
                0x00000000080008e4                InitializeHardware
 .text.WaitForPushButton
                0x0000000008000a08       0x18 library.a(initialize.o)
                0x0000000008000a08                WaitForPushButton
 .text.GetClockCycleCount
                0x0000000008000a20        0xc library.a(initialize.o)
                0x0000000008000a20                GetClockCycleCount
 .text.GetRandomNumber
                0x0000000008000a2c       0x14 library.a(initialize.o)
                0x0000000008000a2c                GetRandomNumber
 .text.CountCycles
                0x0000000008000a40       0x38 library.a(initialize.o)
                0x0000000008000a40                CountCycles
 .text.CallReturnOverhead
                0x0000000008000a78        0x2 library.a(initialize.o)
                0x0000000008000a78                CallReturnOverhead
 *fill*         0x0000000008000a7a        0x2 
 .text.SPIx_Init
                0x0000000008000a7c       0x98 library.a(stm32f429i_discovery.o)
 .text.SPIx_Write
                0x0000000008000b14       0x30 library.a(stm32f429i_discovery.o)
 .text.BSP_PB_Init
                0x0000000008000b44       0x70 library.a(stm32f429i_discovery.o)
                0x0000000008000b44                BSP_PB_Init
 .text.BSP_PB_GetState
                0x0000000008000bb4       0x14 library.a(stm32f429i_discovery.o)
                0x0000000008000bb4                BSP_PB_GetState
 .text.LCD_IO_Init
                0x0000000008000bc8       0xb0 library.a(stm32f429i_discovery.o)
                0x0000000008000bc8                LCD_IO_Init
 .text.LCD_IO_WriteData
                0x0000000008000c78       0x38 library.a(stm32f429i_discovery.o)
                0x0000000008000c78                LCD_IO_WriteData
 .text.LCD_IO_WriteReg
                0x0000000008000cb0       0x38 library.a(stm32f429i_discovery.o)
                0x0000000008000cb0                LCD_IO_WriteReg
 .text.LCD_IO_ReadData
                0x0000000008000ce8       0x6c library.a(stm32f429i_discovery.o)
                0x0000000008000ce8                LCD_IO_ReadData
 .text.LCD_Delay
                0x0000000008000d54        0x4 library.a(stm32f429i_discovery.o)
                0x0000000008000d54                LCD_Delay
 .text.FillBuffer
                0x0000000008000d58       0x64 library.a(stm32f429i_discovery_lcd.o)
 .text.BSP_LCD_GetXSize
                0x0000000008000dbc       0x10 library.a(stm32f429i_discovery_lcd.o)
                0x0000000008000dbc                BSP_LCD_GetXSize
 .text.BSP_LCD_GetYSize
                0x0000000008000dcc       0x10 library.a(stm32f429i_discovery_lcd.o)
                0x0000000008000dcc                BSP_LCD_GetYSize
 .text.BSP_LCD_LayerDefaultInit
                0x0000000008000ddc       0x7c library.a(stm32f429i_discovery_lcd.o)
                0x0000000008000ddc                BSP_LCD_LayerDefaultInit
 .text.BSP_LCD_SelectLayer
                0x0000000008000e58        0xc library.a(stm32f429i_discovery_lcd.o)
                0x0000000008000e58                BSP_LCD_SelectLayer
 .text.BSP_LCD_GetTextColor
                0x0000000008000e64       0x18 library.a(stm32f429i_discovery_lcd.o)
                0x0000000008000e64                BSP_LCD_GetTextColor
 .text.BSP_LCD_GetBackColor
                0x0000000008000e7c       0x18 library.a(stm32f429i_discovery_lcd.o)
                0x0000000008000e7c                BSP_LCD_GetBackColor
 .text.BSP_LCD_SetTextColor
                0x0000000008000e94       0x18 library.a(stm32f429i_discovery_lcd.o)
                0x0000000008000e94                BSP_LCD_SetTextColor
 .text.BSP_LCD_SetBackColor
                0x0000000008000eac       0x18 library.a(stm32f429i_discovery_lcd.o)
                0x0000000008000eac                BSP_LCD_SetBackColor
 .text.BSP_LCD_SetFont
                0x0000000008000ec4       0x18 library.a(stm32f429i_discovery_lcd.o)
                0x0000000008000ec4                BSP_LCD_SetFont
 .text.BSP_LCD_Init
                0x0000000008000edc      0x1bc library.a(stm32f429i_discovery_lcd.o)
                0x0000000008000edc                BSP_LCD_Init
 .text.BSP_LCD_GetFont
                0x0000000008001098       0x18 library.a(stm32f429i_discovery_lcd.o)
                0x0000000008001098                BSP_LCD_GetFont
 .text.BSP_LCD_Clear
                0x00000000080010b0       0x40 library.a(stm32f429i_discovery_lcd.o)
                0x00000000080010b0                BSP_LCD_Clear
 .text.BSP_LCD_DrawHLine
                0x00000000080010f0       0x50 library.a(stm32f429i_discovery_lcd.o)
                0x00000000080010f0                BSP_LCD_DrawHLine
 .text.BSP_LCD_DrawVLine
                0x0000000008001140       0x5c library.a(stm32f429i_discovery_lcd.o)
                0x0000000008001140                BSP_LCD_DrawVLine
 .text.BSP_LCD_DrawRect
                0x000000000800119c       0x34 library.a(stm32f429i_discovery_lcd.o)
                0x000000000800119c                BSP_LCD_DrawRect
 .text.BSP_LCD_FillRect
                0x00000000080011d0       0x74 library.a(stm32f429i_discovery_lcd.o)
                0x00000000080011d0                BSP_LCD_FillRect
 .text.BSP_LCD_DisplayOn
                0x0000000008001244       0x10 library.a(stm32f429i_discovery_lcd.o)
                0x0000000008001244                BSP_LCD_DisplayOn
 .text.BSP_LCD_DrawPixel
                0x0000000008001254       0x2c library.a(stm32f429i_discovery_lcd.o)
                0x0000000008001254                BSP_LCD_DrawPixel
 .text.BSP_LCD_DisplayChar
                0x0000000008001280       0xd4 library.a(stm32f429i_discovery_lcd.o)
                0x0000000008001280                BSP_LCD_DisplayChar
 .text.BSP_LCD_DisplayStringAt
                0x0000000008001354       0x9c library.a(stm32f429i_discovery_lcd.o)
                0x0000000008001354                BSP_LCD_DisplayStringAt
 .text.BSP_SDRAM_Initialization_sequence
                0x00000000080013f0       0x94 library.a(stm32f429i_discovery_sdram.o)
                0x00000000080013f0                BSP_SDRAM_Initialization_sequence
 .text.BSP_SDRAM_Init
                0x0000000008001484      0x1c8 library.a(stm32f429i_discovery_sdram.o)
                0x0000000008001484                BSP_SDRAM_Init
 .text.HAL_MspInit
                0x000000000800164c        0x2 library.a(stm32f4xx_hal.o)
                0x000000000800164c                HAL_MspInit
 .text.HAL_InitTick
                0x000000000800164e       0x28 library.a(stm32f4xx_hal.o)
                0x000000000800164e                HAL_InitTick
 *fill*         0x0000000008001676        0x2 
 .text.HAL_Init
                0x0000000008001678       0x34 library.a(stm32f4xx_hal.o)
                0x0000000008001678                HAL_Init
 .text.HAL_IncTick
                0x00000000080016ac       0x10 library.a(stm32f4xx_hal.o)
                0x00000000080016ac                HAL_IncTick
 .text.HAL_GetTick
                0x00000000080016bc        0xc library.a(stm32f4xx_hal.o)
                0x00000000080016bc                HAL_GetTick
 .text.HAL_Delay
                0x00000000080016c8       0x1a library.a(stm32f4xx_hal.o)
                0x00000000080016c8                HAL_Delay
 *fill*         0x00000000080016e2        0x2 
 .text.HAL_NVIC_SetPriorityGrouping
                0x00000000080016e4       0x24 library.a(stm32f4xx_hal_cortex.o)
                0x00000000080016e4                HAL_NVIC_SetPriorityGrouping
 .text.HAL_NVIC_SetPriority
                0x0000000008001708       0x68 library.a(stm32f4xx_hal_cortex.o)
                0x0000000008001708                HAL_NVIC_SetPriority
 .text.HAL_NVIC_EnableIRQ
                0x0000000008001770       0x18 library.a(stm32f4xx_hal_cortex.o)
                0x0000000008001770                HAL_NVIC_EnableIRQ
 .text.HAL_SYSTICK_Config
                0x0000000008001788       0x28 library.a(stm32f4xx_hal_cortex.o)
                0x0000000008001788                HAL_SYSTICK_Config
 .text.HAL_DMA_Init
                0x00000000080017b0       0x78 library.a(stm32f4xx_hal_dma.o)
                0x00000000080017b0                HAL_DMA_Init
 .text.HAL_DMA_DeInit
                0x0000000008001828      0xacc library.a(stm32f4xx_hal_dma.o)
                0x0000000008001828                HAL_DMA_DeInit
 .text.DMA2D_SetConfig
                0x00000000080022f4       0x80 library.a(stm32f4xx_hal_dma2d.o)
 .text.HAL_DMA2D_MspInit
                0x0000000008002374        0x2 library.a(stm32f4xx_hal_dma2d.o)
                0x0000000008002374                HAL_DMA2D_MspInit
 .text.HAL_DMA2D_Init
                0x0000000008002376       0x5c library.a(stm32f4xx_hal_dma2d.o)
                0x0000000008002376                HAL_DMA2D_Init
 .text.HAL_DMA2D_Start
                0x00000000080023d2       0x40 library.a(stm32f4xx_hal_dma2d.o)
                0x00000000080023d2                HAL_DMA2D_Start
 .text.HAL_DMA2D_PollForTransfer
                0x0000000008002412       0xc4 library.a(stm32f4xx_hal_dma2d.o)
                0x0000000008002412                HAL_DMA2D_PollForTransfer
 *fill*         0x00000000080024d6        0x2 
 .text.HAL_DMA2D_ConfigLayer
                0x00000000080024d8       0xd8 library.a(stm32f4xx_hal_dma2d.o)
                0x00000000080024d8                HAL_DMA2D_ConfigLayer
 .text.HAL_GPIO_Init
                0x00000000080025b0      0x1d8 library.a(stm32f4xx_hal_gpio.o)
                0x00000000080025b0                HAL_GPIO_Init
 .text.HAL_GPIO_ReadPin
                0x0000000008002788        0xc library.a(stm32f4xx_hal_gpio.o)
                0x0000000008002788                HAL_GPIO_ReadPin
 .text.HAL_GPIO_WritePin
                0x0000000008002794        0xa library.a(stm32f4xx_hal_gpio.o)
                0x0000000008002794                HAL_GPIO_WritePin
 .text.LTDC_SetConfig
                0x000000000800279e      0x148 library.a(stm32f4xx_hal_ltdc.o)
 .text.HAL_LTDC_MspInit
                0x00000000080028e6        0x2 library.a(stm32f4xx_hal_ltdc.o)
                0x00000000080028e6                HAL_LTDC_MspInit
 .text.HAL_LTDC_Init
                0x00000000080028e8       0xfc library.a(stm32f4xx_hal_ltdc.o)
                0x00000000080028e8                HAL_LTDC_Init
 .text.HAL_LTDC_ConfigLayer
                0x00000000080029e4       0x5c library.a(stm32f4xx_hal_ltdc.o)
                0x00000000080029e4                HAL_LTDC_ConfigLayer
 .text.HAL_LTDC_EnableDither
                0x0000000008002a40       0x34 library.a(stm32f4xx_hal_ltdc.o)
                0x0000000008002a40                HAL_LTDC_EnableDither
 .text.HAL_RCC_OscConfig
                0x0000000008002a74      0x330 library.a(stm32f4xx_hal_rcc.o)
                0x0000000008002a74                HAL_RCC_OscConfig
 .text.HAL_RCC_ClockConfig
                0x0000000008002da4      0x1f8 library.a(stm32f4xx_hal_rcc.o)
                0x0000000008002da4                HAL_RCC_ClockConfig
 .text.HAL_RCC_GetSysClockFreq
                0x0000000008002f9c       0x78 library.a(stm32f4xx_hal_rcc.o)
                0x0000000008002f9c                HAL_RCC_GetSysClockFreq
 .text.HAL_RCC_GetHCLKFreq
                0x0000000008003014       0x38 library.a(stm32f4xx_hal_rcc.o)
                0x0000000008003014                HAL_RCC_GetHCLKFreq
 .text.HAL_RCCEx_PeriphCLKConfig
                0x000000000800304c      0x2dc library.a(stm32f4xx_hal_rcc_ex.o)
                0x000000000800304c                HAL_RCCEx_PeriphCLKConfig
 .text.HAL_SDRAM_MspInit
                0x0000000008003328        0x2 library.a(stm32f4xx_hal_sdram.o)
                0x0000000008003328                HAL_SDRAM_MspInit
 .text.HAL_SDRAM_Init
                0x000000000800332a       0x40 library.a(stm32f4xx_hal_sdram.o)
                0x000000000800332a                HAL_SDRAM_Init
 .text.HAL_SDRAM_SendCommand
                0x000000000800336a       0x2e library.a(stm32f4xx_hal_sdram.o)
                0x000000000800336a                HAL_SDRAM_SendCommand
 .text.HAL_SDRAM_ProgramRefreshRate
                0x0000000008003398       0x24 library.a(stm32f4xx_hal_sdram.o)
                0x0000000008003398                HAL_SDRAM_ProgramRefreshRate
 .text.SPI_WaitOnFlagUntilTimeout
                0x00000000080033bc       0x94 library.a(stm32f4xx_hal_spi.o)
 .text.HAL_SPI_MspInit
                0x0000000008003450        0x2 library.a(stm32f4xx_hal_spi.o)
                0x0000000008003450                HAL_SPI_MspInit
 .text.HAL_SPI_Init
                0x0000000008003452       0x82 library.a(stm32f4xx_hal_spi.o)
                0x0000000008003452                HAL_SPI_Init
 .text.HAL_SPI_MspDeInit
                0x00000000080034d4        0x2 library.a(stm32f4xx_hal_spi.o)
                0x00000000080034d4                HAL_SPI_MspDeInit
 .text.HAL_SPI_DeInit
                0x00000000080034d6       0x26 library.a(stm32f4xx_hal_spi.o)
                0x00000000080034d6                HAL_SPI_DeInit
 .text.HAL_SPI_Transmit
                0x00000000080034fc      0x164 library.a(stm32f4xx_hal_spi.o)
                0x00000000080034fc                HAL_SPI_Transmit
 .text.HAL_SPI_TransmitReceive
                0x0000000008003660      0x2c2 library.a(stm32f4xx_hal_spi.o)
                0x0000000008003660                HAL_SPI_TransmitReceive
 .text.HAL_SPI_Receive
                0x0000000008003922      0x1d2 library.a(stm32f4xx_hal_spi.o)
                0x0000000008003922                HAL_SPI_Receive
 .text.HAL_SPI_GetState
                0x0000000008003af4        0x6 library.a(stm32f4xx_hal_spi.o)
                0x0000000008003af4                HAL_SPI_GetState
 .text.NMI_Handler
                0x0000000008003afa        0x2 library.a(stm32f4xx_it.o)
                0x0000000008003afa                NMI_Handler
 .text.SVC_Handler
                0x0000000008003afc       0x20 library.a(stm32f4xx_it.o)
                0x0000000008003afc                SVC_Handler
 .text.DebugMon_Handler
                0x0000000008003b1c        0x2 library.a(stm32f4xx_it.o)
                0x0000000008003b1c                DebugMon_Handler
 .text.PendSV_Handler
                0x0000000008003b1e        0x2 library.a(stm32f4xx_it.o)
                0x0000000008003b1e                PendSV_Handler
 .text.SysTick_Handler
                0x0000000008003b20        0x4 library.a(stm32f4xx_it.o)
                0x0000000008003b20                SysTick_Handler
 .text.FMC_SDRAM_Init
                0x0000000008003b24       0x6c library.a(stm32f4xx_ll_fmc.o)
                0x0000000008003b24                FMC_SDRAM_Init
 .text.FMC_SDRAM_Timing_Init
                0x0000000008003b90       0x70 library.a(stm32f4xx_ll_fmc.o)
                0x0000000008003b90                FMC_SDRAM_Timing_Init
 .text.FMC_SDRAM_SendCommand
                0x0000000008003c00       0x50 library.a(stm32f4xx_ll_fmc.o)
                0x0000000008003c00                FMC_SDRAM_SendCommand
 .text.FMC_SDRAM_ProgramRefreshRate
                0x0000000008003c50        0xc library.a(stm32f4xx_ll_fmc.o)
                0x0000000008003c50                FMC_SDRAM_ProgramRefreshRate
 .text.SVC_Label
                0x0000000008003c5c       0x58 library.a(svcHandler.o)
 .text.Preserve
                0x0000000008003cb4       0xa8 library.a(svcHandler.o)
 .text.HardStopHandler
                0x0000000008003d5c       0x94 library.a(svcHandler.o)
 .text.Restore  0x0000000008003df0       0x5c library.a(svcHandler.o)
 .text.FlPtRegs
                0x0000000008003e4c       0xa4 library.a(svcHandler.o)
 .text._MemManageHandler
                0x0000000008003ef0       0x10 library.a(svcHandler.o)
                0x0000000008003ef0                _MemManageHandler
 .text.MemManage_Handler
                0x0000000008003f00        0xc library.a(svcHandler.o)
                0x0000000008003f00                MemManage_Handler
 .text._BusFault_Handler
                0x0000000008003f0c       0x10 library.a(svcHandler.o)
                0x0000000008003f0c                _BusFault_Handler
 .text.BusFault_Handler
                0x0000000008003f1c        0xc library.a(svcHandler.o)
                0x0000000008003f1c                BusFault_Handler
 .text._HardFault_Handler
                0x0000000008003f28       0x10 library.a(svcHandler.o)
                0x0000000008003f28                _HardFault_Handler
 .text.HardFault_Handler
                0x0000000008003f38        0xc library.a(svcHandler.o)
                0x0000000008003f38                HardFault_Handler
 .text._UsageFault_Handler
                0x0000000008003f44       0x38 library.a(svcHandler.o)
                0x0000000008003f44                _UsageFault_Handler
 .text.UsageFault_Handler
                0x0000000008003f7c        0xc library.a(svcHandler.o)
                0x0000000008003f7c                UsageFault_Handler
 .text.SVC_Exception
                0x0000000008003f88       0xd8 library.a(svcHandler.o)
                0x0000000008003f88                SVC_Exception
 .text.SystemInit
                0x0000000008004060       0x4c library.a(system_stm32f4xx.o)
                0x0000000008004060                SystemInit
 .text          0x00000000080040ac      0x118 library.a(startup_stm32f429xx.o)
                0x00000000080040ac                Reset_Handler
                0x0000000008004104                Default_Handler
                0x0000000008004106                WWDG_IRQHandler
                0x0000000008004108                PVD_IRQHandler
                0x000000000800410a                TAMP_STAMP_IRQHandler
                0x000000000800410c                RTC_WKUP_IRQHandler
                0x000000000800410e                FLASH_IRQHandler
                0x0000000008004110                RCC_IRQHandler
                0x0000000008004112                EXTI0_IRQHandler
                0x0000000008004114                EXTI1_IRQHandler
                0x0000000008004116                EXTI2_IRQHandler
                0x0000000008004118                EXTI3_IRQHandler
                0x000000000800411a                EXTI4_IRQHandler
                0x000000000800411c                DMA1_Stream0_IRQHandler
                0x000000000800411e                DMA1_Stream1_IRQHandler
                0x0000000008004120                DMA1_Stream2_IRQHandler
                0x0000000008004122                DMA1_Stream3_IRQHandler
                0x0000000008004124                DMA1_Stream4_IRQHandler
                0x0000000008004126                DMA1_Stream5_IRQHandler
                0x0000000008004128                DMA1_Stream6_IRQHandler
                0x000000000800412a                ADC_IRQHandler
                0x000000000800412c                CAN1_TX_IRQHandler
                0x000000000800412e                CAN1_RX0_IRQHandler
                0x0000000008004130                CAN1_RX1_IRQHandler
                0x0000000008004132                CAN1_SCE_IRQHandler
                0x0000000008004134                EXTI9_5_IRQHandler
                0x0000000008004136                TIM1_BRK_TIM9_IRQHandler
                0x0000000008004138                TIM1_UP_TIM10_IRQHandler
                0x000000000800413a                TIM1_TRG_COM_TIM11_IRQHandler
                0x000000000800413c                TIM1_CC_IRQHandler
                0x000000000800413e                TIM2_IRQHandler
                0x0000000008004140                TIM3_IRQHandler
                0x0000000008004142                TIM4_IRQHandler
                0x0000000008004144                I2C1_EV_IRQHandler
                0x0000000008004146                I2C1_ER_IRQHandler
                0x0000000008004148                I2C2_EV_IRQHandler
                0x000000000800414a                I2C2_ER_IRQHandler
                0x000000000800414c                SPI1_IRQHandler
                0x000000000800414e                SPI2_IRQHandler
                0x0000000008004150                USART1_IRQHandler
                0x0000000008004152                USART2_IRQHandler
                0x0000000008004154                USART3_IRQHandler
                0x0000000008004156                EXTI15_10_IRQHandler
                0x0000000008004158                RTC_Alarm_IRQHandler
                0x000000000800415a                OTG_FS_WKUP_IRQHandler
                0x000000000800415c                TIM8_BRK_TIM12_IRQHandler
                0x000000000800415e                TIM8_UP_TIM13_IRQHandler
                0x0000000008004160                TIM8_TRG_COM_TIM14_IRQHandler
                0x0000000008004162                TIM8_CC_IRQHandler
                0x0000000008004164                DMA1_Stream7_IRQHandler
                0x0000000008004166                FSMC_IRQHandler
                0x0000000008004168                SDIO_IRQHandler
                0x000000000800416a                TIM5_IRQHandler
                0x000000000800416c                SPI3_IRQHandler
                0x000000000800416e                UART4_IRQHandler
                0x0000000008004170                UART5_IRQHandler
                0x0000000008004172                TIM6_DAC_IRQHandler
                0x0000000008004174                TIM7_IRQHandler
                0x0000000008004176                DMA2_Stream0_IRQHandler
                0x0000000008004178                DMA2_Stream1_IRQHandler
                0x000000000800417a                DMA2_Stream2_IRQHandler
                0x000000000800417c                DMA2_Stream3_IRQHandler
                0x000000000800417e                DMA2_Stream4_IRQHandler
                0x0000000008004180                ETH_IRQHandler
                0x0000000008004182                ETH_WKUP_IRQHandler
                0x0000000008004184                CAN2_TX_IRQHandler
                0x0000000008004186                CAN2_RX0_IRQHandler
                0x0000000008004188                CAN2_RX1_IRQHandler
                0x000000000800418a                CAN2_SCE_IRQHandler
                0x000000000800418c                OTG_FS_IRQHandler
                0x000000000800418e                DMA2_Stream5_IRQHandler
                0x0000000008004190                DMA2_Stream6_IRQHandler
                0x0000000008004192                DMA2_Stream7_IRQHandler
                0x0000000008004194                USART6_IRQHandler
                0x0000000008004196                I2C3_EV_IRQHandler
                0x0000000008004198                I2C3_ER_IRQHandler
                0x000000000800419a                OTG_HS_EP1_OUT_IRQHandler
                0x000000000800419c                OTG_HS_EP1_IN_IRQHandler
                0x000000000800419e                OTG_HS_WKUP_IRQHandler
                0x00000000080041a0                OTG_HS_IRQHandler
                0x00000000080041a2                DCMI_IRQHandler
                0x00000000080041a4                CRYP_IRQHandler
                0x00000000080041a6                HASH_RNG_IRQHandler
                0x00000000080041a8                FPU_IRQHandler
                0x00000000080041aa                UART7_IRQHandler
                0x00000000080041ac                UART8_IRQHandler
                0x00000000080041ae                SPI4_IRQHandler
                0x00000000080041b0                SPI5_IRQHandler
                0x00000000080041b2                SPI6_IRQHandler
                0x00000000080041b4                SAI1_IRQHandler
                0x00000000080041b6                LTDC_IRQHandler
                0x00000000080041b8                LTDC_ER_IRQHandler
                0x00000000080041ba                DMA2D_IRQHandler
 .text.ili9341_GetLcdPixelWidth
                0x00000000080041c4        0x4 library.a(ili9341.o)
                0x00000000080041c4                ili9341_GetLcdPixelWidth
 .text.ili9341_GetLcdPixelHeight
                0x00000000080041c8        0x6 library.a(ili9341.o)
                0x00000000080041c8                ili9341_GetLcdPixelHeight
 .text.ili9341_DisplayOn
                0x00000000080041ce        0x6 library.a(ili9341.o)
                0x00000000080041ce                ili9341_DisplayOn
 .text.ili9341_DisplayOff
                0x00000000080041d4        0x6 library.a(ili9341.o)
                0x00000000080041d4                ili9341_DisplayOff
 .text.ili9341_Init
                0x00000000080041da      0x292 library.a(ili9341.o)
                0x00000000080041da                ili9341_Init
 .text.ili9341_ReadID
                0x000000000800446c       0x12 library.a(ili9341.o)
                0x000000000800446c                ili9341_ReadID
 *fill*         0x000000000800447e        0x2 
 .text.exit     0x0000000008004480       0x20 /Applications/ARM/bin/../lib/gcc/arm-none-eabi/10.3.1/../../../../arm-none-eabi/lib/thumb/v7e-m+fp/hard/libc.a(lib_a-exit.o)
                0x0000000008004480                exit
 .text.__libc_init_array
                0x00000000080044a0       0x48 /Applications/ARM/bin/../lib/gcc/arm-none-eabi/10.3.1/../../../../arm-none-eabi/lib/thumb/v7e-m+fp/hard/libc.a(lib_a-init.o)
                0x00000000080044a0                __libc_init_array
 .text          0x00000000080044e8      0x134 /Applications/ARM/bin/../lib/gcc/arm-none-eabi/10.3.1/../../../../arm-none-eabi/lib/thumb/v7e-m+fp/hard/libc.a(lib_a-memcpy.o)
                0x00000000080044e8                memcpy
 .text.memset   0x000000000800461c       0xa4 /Applications/ARM/bin/../lib/gcc/arm-none-eabi/10.3.1/../../../../arm-none-eabi/lib/thumb/v7e-m+fp/hard/libc.a(lib_a-memset.o)
                0x000000000800461c                memset
 .text.sprintf  0x00000000080046c0       0x40 /Applications/ARM/bin/../lib/gcc/arm-none-eabi/10.3.1/../../../../arm-none-eabi/lib/thumb/v7e-m+fp/hard/libc.a(lib_a-sprintf.o)
                0x00000000080046c0                sprintf
 .text.strcpy   0x0000000008004700       0xbc /Applications/ARM/bin/../lib/gcc/arm-none-eabi/10.3.1/../../../../arm-none-eabi/lib/thumb/v7e-m+fp/hard/libc.a(lib_a-strcpy.o)
                0x0000000008004700                strcpy
 *fill*         0x00000000080047bc        0x4 
 .text          0x00000000080047c0       0xdc /Applications/ARM/bin/../lib/gcc/arm-none-eabi/10.3.1/../../../../arm-none-eabi/lib/thumb/v7e-m+fp/hard/libc.a(lib_a-strlen.o)
                0x00000000080047c0                strlen
 *fill*         0x000000000800489c        0x4 
 .text._svfprintf_r
                0x00000000080048a0     0x1acc /Applications/ARM/bin/../lib/gcc/arm-none-eabi/10.3.1/../../../../arm-none-eabi/lib/thumb/v7e-m+fp/hard/libc.a(lib_a-svfprintf.o)
                0x00000000080048a0                _svfprintf_r
 .text.vsprintf
                0x000000000800636c       0x38 /Applications/ARM/bin/../lib/gcc/arm-none-eabi/10.3.1/../../../../arm-none-eabi/lib/thumb/v7e-m+fp/hard/libc.a(lib_a-vsprintf.o)
                0x000000000800636c                vsprintf
 .text.__swsetup_r
                0x00000000080063a4       0xd4 /Applications/ARM/bin/../lib/gcc/arm-none-eabi/10.3.1/../../../../arm-none-eabi/lib/thumb/v7e-m+fp/hard/libc.a(lib_a-wsetup.o)
                0x00000000080063a4                __swsetup_r
 .text.startup.register_fini
                0x0000000008006478       0x14 /Applications/ARM/bin/../lib/gcc/arm-none-eabi/10.3.1/../../../../arm-none-eabi/lib/thumb/v7e-m+fp/hard/libc.a(lib_a-__call_atexit.o)
 .text.__call_exitprocs
                0x000000000800648c       0xcc /Applications/ARM/bin/../lib/gcc/arm-none-eabi/10.3.1/../../../../arm-none-eabi/lib/thumb/v7e-m+fp/hard/libc.a(lib_a-__call_atexit.o)
                0x000000000800648c                __call_exitprocs
 .text.atexit   0x0000000008006558        0xc /Applications/ARM/bin/../lib/gcc/arm-none-eabi/10.3.1/../../../../arm-none-eabi/lib/thumb/v7e-m+fp/hard/libc.a(lib_a-atexit.o)
                0x0000000008006558                atexit
 .text.quorem   0x0000000008006564      0x128 /Applications/ARM/bin/../lib/gcc/arm-none-eabi/10.3.1/../../../../arm-none-eabi/lib/thumb/v7e-m+fp/hard/libc.a(lib_a-dtoa.o)
 *fill*         0x000000000800668c        0x4 
 .text._dtoa_r  0x0000000008006690      0xf3c /Applications/ARM/bin/../lib/gcc/arm-none-eabi/10.3.1/../../../../arm-none-eabi/lib/thumb/v7e-m+fp/hard/libc.a(lib_a-dtoa.o)
                0x0000000008006690                _dtoa_r
 .text.__sflush_r
                0x00000000080075cc      0x130 /Applications/ARM/bin/../lib/gcc/arm-none-eabi/10.3.1/../../../../arm-none-eabi/lib/thumb/v7e-m+fp/hard/libc.a(lib_a-fflush.o)
                0x00000000080075cc                __sflush_r
 .text._fflush_r
                0x00000000080076fc       0x5c /Applications/ARM/bin/../lib/gcc/arm-none-eabi/10.3.1/../../../../arm-none-eabi/lib/thumb/v7e-m+fp/hard/libc.a(lib_a-fflush.o)
                0x00000000080076fc                _fflush_r
 .text._cleanup_r
                0x0000000008007758        0xc /Applications/ARM/bin/../lib/gcc/arm-none-eabi/10.3.1/../../../../arm-none-eabi/lib/thumb/v7e-m+fp/hard/libc.a(lib_a-findfp.o)
                0x0000000008007758                _cleanup_r
 .text.__sinit  0x0000000008007764      0x10c /Applications/ARM/bin/../lib/gcc/arm-none-eabi/10.3.1/../../../../arm-none-eabi/lib/thumb/v7e-m+fp/hard/libc.a(lib_a-findfp.o)
                0x0000000008007764                __sinit
 .text.__sfp_lock_acquire
                0x0000000008007870        0xc /Applications/ARM/bin/../lib/gcc/arm-none-eabi/10.3.1/../../../../arm-none-eabi/lib/thumb/v7e-m+fp/hard/libc.a(lib_a-findfp.o)
                0x0000000008007870                __sfp_lock_acquire
 .text.__sfp_lock_release
                0x000000000800787c        0xc /Applications/ARM/bin/../lib/gcc/arm-none-eabi/10.3.1/../../../../arm-none-eabi/lib/thumb/v7e-m+fp/hard/libc.a(lib_a-findfp.o)
                0x000000000800787c                __sfp_lock_release
 .text.__libc_fini_array
                0x0000000008007888       0x2c /Applications/ARM/bin/../lib/gcc/arm-none-eabi/10.3.1/../../../../arm-none-eabi/lib/thumb/v7e-m+fp/hard/libc.a(lib_a-fini.o)
                0x0000000008007888                __libc_fini_array
 .text._malloc_trim_r
                0x00000000080078b4       0xa0 /Applications/ARM/bin/../lib/gcc/arm-none-eabi/10.3.1/../../../../arm-none-eabi/lib/thumb/v7e-m+fp/hard/libc.a(lib_a-freer.o)
                0x00000000080078b4                _malloc_trim_r
 .text._free_r  0x0000000008007954      0x20c /Applications/ARM/bin/../lib/gcc/arm-none-eabi/10.3.1/../../../../arm-none-eabi/lib/thumb/v7e-m+fp/hard/libc.a(lib_a-freer.o)
                0x0000000008007954                _free_r
 .text._fwalk_reent
                0x0000000008007b60       0x48 /Applications/ARM/bin/../lib/gcc/arm-none-eabi/10.3.1/../../../../arm-none-eabi/lib/thumb/v7e-m+fp/hard/libc.a(lib_a-fwalk.o)
                0x0000000008007b60                _fwalk_reent
 .text._localeconv_r
                0x0000000008007ba8        0x8 /Applications/ARM/bin/../lib/gcc/arm-none-eabi/10.3.1/../../../../arm-none-eabi/lib/thumb/v7e-m+fp/hard/libc.a(lib_a-localeconv.o)
                0x0000000008007ba8                _localeconv_r
 .text.__retarget_lock_init_recursive
                0x0000000008007bb0        0x4 /Applications/ARM/bin/../lib/gcc/arm-none-eabi/10.3.1/../../../../arm-none-eabi/lib/thumb/v7e-m+fp/hard/libc.a(lib_a-lock.o)
                0x0000000008007bb0                __retarget_lock_init_recursive
 .text.__retarget_lock_close_recursive
                0x0000000008007bb4        0x4 /Applications/ARM/bin/../lib/gcc/arm-none-eabi/10.3.1/../../../../arm-none-eabi/lib/thumb/v7e-m+fp/hard/libc.a(lib_a-lock.o)
                0x0000000008007bb4                __retarget_lock_close_recursive
 .text.__retarget_lock_acquire_recursive
                0x0000000008007bb8        0x4 /Applications/ARM/bin/../lib/gcc/arm-none-eabi/10.3.1/../../../../arm-none-eabi/lib/thumb/v7e-m+fp/hard/libc.a(lib_a-lock.o)
                0x0000000008007bb8                __retarget_lock_acquire_recursive
 .text.__retarget_lock_release_recursive
                0x0000000008007bbc        0x4 /Applications/ARM/bin/../lib/gcc/arm-none-eabi/10.3.1/../../../../arm-none-eabi/lib/thumb/v7e-m+fp/hard/libc.a(lib_a-lock.o)
                0x0000000008007bbc                __retarget_lock_release_recursive
 .text.__smakebuf_r
                0x0000000008007bc0       0xe0 /Applications/ARM/bin/../lib/gcc/arm-none-eabi/10.3.1/../../../../arm-none-eabi/lib/thumb/v7e-m+fp/hard/libc.a(lib_a-makebuf.o)
                0x0000000008007bc0                __smakebuf_r
 .text._malloc_r
                0x0000000008007ca0      0x560 /Applications/ARM/bin/../lib/gcc/arm-none-eabi/10.3.1/../../../../arm-none-eabi/lib/thumb/v7e-m+fp/hard/libc.a(lib_a-mallocr.o)
                0x0000000008007ca0                _malloc_r
 .text          0x0000000008008200       0xa0 /Applications/ARM/bin/../lib/gcc/arm-none-eabi/10.3.1/../../../../arm-none-eabi/lib/thumb/v7e-m+fp/hard/libc.a(lib_a-memchr.o)
                0x0000000008008200                memchr
 .text.__malloc_lock
                0x00000000080082a0        0xc /Applications/ARM/bin/../lib/gcc/arm-none-eabi/10.3.1/../../../../arm-none-eabi/lib/thumb/v7e-m+fp/hard/libc.a(lib_a-mlock.o)
                0x00000000080082a0                __malloc_lock
 .text.__malloc_unlock
                0x00000000080082ac        0xc /Applications/ARM/bin/../lib/gcc/arm-none-eabi/10.3.1/../../../../arm-none-eabi/lib/thumb/v7e-m+fp/hard/libc.a(lib_a-mlock.o)
                0x00000000080082ac                __malloc_unlock
 .text._Balloc  0x00000000080082b8       0x4c /Applications/ARM/bin/../lib/gcc/arm-none-eabi/10.3.1/../../../../arm-none-eabi/lib/thumb/v7e-m+fp/hard/libc.a(lib_a-mprec.o)
                0x00000000080082b8                _Balloc
 .text._Bfree   0x0000000008008304       0x14 /Applications/ARM/bin/../lib/gcc/arm-none-eabi/10.3.1/../../../../arm-none-eabi/lib/thumb/v7e-m+fp/hard/libc.a(lib_a-mprec.o)
                0x0000000008008304                _Bfree
 .text.__multadd
                0x0000000008008318       0xa8 /Applications/ARM/bin/../lib/gcc/arm-none-eabi/10.3.1/../../../../arm-none-eabi/lib/thumb/v7e-m+fp/hard/libc.a(lib_a-mprec.o)
                0x0000000008008318                __multadd
 .text.__hi0bits
                0x00000000080083c0       0x40 /Applications/ARM/bin/../lib/gcc/arm-none-eabi/10.3.1/../../../../arm-none-eabi/lib/thumb/v7e-m+fp/hard/libc.a(lib_a-mprec.o)
                0x00000000080083c0                __hi0bits
 .text.__lo0bits
                0x0000000008008400       0x60 /Applications/ARM/bin/../lib/gcc/arm-none-eabi/10.3.1/../../../../arm-none-eabi/lib/thumb/v7e-m+fp/hard/libc.a(lib_a-mprec.o)
                0x0000000008008400                __lo0bits
 .text.__i2b    0x0000000008008460       0x5c /Applications/ARM/bin/../lib/gcc/arm-none-eabi/10.3.1/../../../../arm-none-eabi/lib/thumb/v7e-m+fp/hard/libc.a(lib_a-mprec.o)
                0x0000000008008460                __i2b
 .text.__multiply
                0x00000000080084bc      0x15c /Applications/ARM/bin/../lib/gcc/arm-none-eabi/10.3.1/../../../../arm-none-eabi/lib/thumb/v7e-m+fp/hard/libc.a(lib_a-mprec.o)
                0x00000000080084bc                __multiply
 .text.__pow5mult
                0x0000000008008618       0xc0 /Applications/ARM/bin/../lib/gcc/arm-none-eabi/10.3.1/../../../../arm-none-eabi/lib/thumb/v7e-m+fp/hard/libc.a(lib_a-mprec.o)
                0x0000000008008618                __pow5mult
 .text.__lshift
                0x00000000080086d8       0xf0 /Applications/ARM/bin/../lib/gcc/arm-none-eabi/10.3.1/../../../../arm-none-eabi/lib/thumb/v7e-m+fp/hard/libc.a(lib_a-mprec.o)
                0x00000000080086d8                __lshift
 .text.__mcmp   0x00000000080087c8       0x44 /Applications/ARM/bin/../lib/gcc/arm-none-eabi/10.3.1/../../../../arm-none-eabi/lib/thumb/v7e-m+fp/hard/libc.a(lib_a-mprec.o)
                0x00000000080087c8                __mcmp
 .text.__mdiff  0x000000000800880c      0x14c /Applications/ARM/bin/../lib/gcc/arm-none-eabi/10.3.1/../../../../arm-none-eabi/lib/thumb/v7e-m+fp/hard/libc.a(lib_a-mprec.o)
                0x000000000800880c                __mdiff
 .text.__d2b    0x0000000008008958       0xd0 /Applications/ARM/bin/../lib/gcc/arm-none-eabi/10.3.1/../../../../arm-none-eabi/lib/thumb/v7e-m+fp/hard/libc.a(lib_a-mprec.o)
                0x0000000008008958                __d2b
 .text.frexp    0x0000000008008a28       0x6c /Applications/ARM/bin/../lib/gcc/arm-none-eabi/10.3.1/../../../../arm-none-eabi/lib/thumb/v7e-m+fp/hard/libc.a(lib_a-s_frexp.o)
                0x0000000008008a28                frexp
 .text._sbrk_r  0x0000000008008a94       0x24 /Applications/ARM/bin/../lib/gcc/arm-none-eabi/10.3.1/../../../../arm-none-eabi/lib/thumb/v7e-m+fp/hard/libc.a(lib_a-sbrkr.o)
                0x0000000008008a94                _sbrk_r
 .text.__sread  0x0000000008008ab8       0x24 /Applications/ARM/bin/../lib/gcc/arm-none-eabi/10.3.1/../../../../arm-none-eabi/lib/thumb/v7e-m+fp/hard/libc.a(lib_a-stdio.o)
                0x0000000008008ab8                __sread
 .text.__swrite
                0x0000000008008adc       0x40 /Applications/ARM/bin/../lib/gcc/arm-none-eabi/10.3.1/../../../../arm-none-eabi/lib/thumb/v7e-m+fp/hard/libc.a(lib_a-stdio.o)
                0x0000000008008adc                __swrite
 .text.__sseek  0x0000000008008b1c       0x20 /Applications/ARM/bin/../lib/gcc/arm-none-eabi/10.3.1/../../../../arm-none-eabi/lib/thumb/v7e-m+fp/hard/libc.a(lib_a-stdio.o)
                0x0000000008008b1c                __sseek
 .text.__sclose
                0x0000000008008b3c        0x8 /Applications/ARM/bin/../lib/gcc/arm-none-eabi/10.3.1/../../../../arm-none-eabi/lib/thumb/v7e-m+fp/hard/libc.a(lib_a-stdio.o)
                0x0000000008008b3c                __sclose
 .text.strncpy  0x0000000008008b44       0x64 /Applications/ARM/bin/../lib/gcc/arm-none-eabi/10.3.1/../../../../arm-none-eabi/lib/thumb/v7e-m+fp/hard/libc.a(lib_a-strncpy.o)
                0x0000000008008b44                strncpy
 .text.__ssprint_r
                0x0000000008008ba8       0xf8 /Applications/ARM/bin/../lib/gcc/arm-none-eabi/10.3.1/../../../../arm-none-eabi/lib/thumb/v7e-m+fp/hard/libc.a(lib_a-svfiprintf.o)
                0x0000000008008ba8                __ssprint_r
 .text.__sprint_r.part.0
                0x0000000008008ca0       0x78 /Applications/ARM/bin/../lib/gcc/arm-none-eabi/10.3.1/../../../../arm-none-eabi/lib/thumb/v7e-m+fp/hard/libc.a(lib_a-vfiprintf.o)
 .text._vfiprintf_r
                0x0000000008008d18      0xdfc /Applications/ARM/bin/../lib/gcc/arm-none-eabi/10.3.1/../../../../arm-none-eabi/lib/thumb/v7e-m+fp/hard/libc.a(lib_a-vfiprintf.o)
                0x0000000008008d18                _vfiprintf_r
 .text.__sbprintf
                0x0000000008009b14       0x80 /Applications/ARM/bin/../lib/gcc/arm-none-eabi/10.3.1/../../../../arm-none-eabi/lib/thumb/v7e-m+fp/hard/libc.a(lib_a-vfiprintf.o)
 .text._write_r
                0x0000000008009b94       0x2c /Applications/ARM/bin/../lib/gcc/arm-none-eabi/10.3.1/../../../../arm-none-eabi/lib/thumb/v7e-m+fp/hard/libc.a(lib_a-writer.o)
                0x0000000008009b94                _write_r
 .text.__register_exitproc
                0x0000000008009bc0       0x8c /Applications/ARM/bin/../lib/gcc/arm-none-eabi/10.3.1/../../../../arm-none-eabi/lib/thumb/v7e-m+fp/hard/libc.a(lib_a-__atexit.o)
                0x0000000008009bc0                __register_exitproc
 .text.__assert_func
                0x0000000008009c4c       0x40 /Applications/ARM/bin/../lib/gcc/arm-none-eabi/10.3.1/../../../../arm-none-eabi/lib/thumb/v7e-m+fp/hard/libc.a(lib_a-assert.o)
                0x0000000008009c4c                __assert_func
 .text._calloc_r
                0x0000000008009c8c       0x78 /Applications/ARM/bin/../lib/gcc/arm-none-eabi/10.3.1/../../../../arm-none-eabi/lib/thumb/v7e-m+fp/hard/libc.a(lib_a-callocr.o)
                0x0000000008009c8c                _calloc_r
 .text._close_r
                0x0000000008009d04       0x24 /Applications/ARM/bin/../lib/gcc/arm-none-eabi/10.3.1/../../../../arm-none-eabi/lib/thumb/v7e-m+fp/hard/libc.a(lib_a-closer.o)
                0x0000000008009d04                _close_r
 .text.__errno  0x0000000008009d28        0xc /Applications/ARM/bin/../lib/gcc/arm-none-eabi/10.3.1/../../../../arm-none-eabi/lib/thumb/v7e-m+fp/hard/libc.a(lib_a-errno.o)
                0x0000000008009d28                __errno
 .text._fclose_r
                0x0000000008009d34       0xcc /Applications/ARM/bin/../lib/gcc/arm-none-eabi/10.3.1/../../../../arm-none-eabi/lib/thumb/v7e-m+fp/hard/libc.a(lib_a-fclose.o)
                0x0000000008009d34                _fclose_r
 .text.fiprintf
                0x0000000008009e00       0x28 /Applications/ARM/bin/../lib/gcc/arm-none-eabi/10.3.1/../../../../arm-none-eabi/lib/thumb/v7e-m+fp/hard/libc.a(lib_a-fiprintf.o)
                0x0000000008009e00                fiprintf
 .text.__fputwc
                0x0000000008009e28       0xa8 /Applications/ARM/bin/../lib/gcc/arm-none-eabi/10.3.1/../../../../arm-none-eabi/lib/thumb/v7e-m+fp/hard/libc.a(lib_a-fputwc.o)
                0x0000000008009e28                __fputwc
 .text._fputwc_r
                0x0000000008009ed0       0x68 /Applications/ARM/bin/../lib/gcc/arm-none-eabi/10.3.1/../../../../arm-none-eabi/lib/thumb/v7e-m+fp/hard/libc.a(lib_a-fputwc.o)
                0x0000000008009ed0                _fputwc_r
 .text._fstat_r
                0x0000000008009f38       0x2c /Applications/ARM/bin/../lib/gcc/arm-none-eabi/10.3.1/../../../../arm-none-eabi/lib/thumb/v7e-m+fp/hard/libc.a(lib_a-fstatr.o)
                0x0000000008009f38                _fstat_r
 .text.__sfvwrite_r
                0x0000000008009f64      0x2f0 /Applications/ARM/bin/../lib/gcc/arm-none-eabi/10.3.1/../../../../arm-none-eabi/lib/thumb/v7e-m+fp/hard/libc.a(lib_a-fvwrite.o)
                0x0000000008009f64                __sfvwrite_r
 .text._isatty_r
                0x000000000800a254       0x24 /Applications/ARM/bin/../lib/gcc/arm-none-eabi/10.3.1/../../../../arm-none-eabi/lib/thumb/v7e-m+fp/hard/libc.a(lib_a-isattyr.o)
                0x000000000800a254                _isatty_r
 .text.__locale_mb_cur_max
                0x000000000800a278        0xc /Applications/ARM/bin/../lib/gcc/arm-none-eabi/10.3.1/../../../../arm-none-eabi/lib/thumb/v7e-m+fp/hard/libc.a(lib_a-locale.o)
                0x000000000800a278                __locale_mb_cur_max
 .text._lseek_r
                0x000000000800a284       0x2c /Applications/ARM/bin/../lib/gcc/arm-none-eabi/10.3.1/../../../../arm-none-eabi/lib/thumb/v7e-m+fp/hard/libc.a(lib_a-lseekr.o)
                0x000000000800a284                _lseek_r
 .text.__ascii_mbtowc
                0x000000000800a2b0       0x2c /Applications/ARM/bin/../lib/gcc/arm-none-eabi/10.3.1/../../../../arm-none-eabi/lib/thumb/v7e-m+fp/hard/libc.a(lib_a-mbtowc_r.o)
                0x000000000800a2b0                __ascii_mbtowc
 .text.memmove  0x000000000800a2dc       0xf8 /Applications/ARM/bin/../lib/gcc/arm-none-eabi/10.3.1/../../../../arm-none-eabi/lib/thumb/v7e-m+fp/hard/libc.a(lib_a-memmove.o)
                0x000000000800a2dc                memmove
 .text._read_r  0x000000000800a3d4       0x2c /Applications/ARM/bin/../lib/gcc/arm-none-eabi/10.3.1/../../../../arm-none-eabi/lib/thumb/v7e-m+fp/hard/libc.a(lib_a-readr.o)
                0x000000000800a3d4                _read_r
 .text._realloc_r
                0x000000000800a400      0x3d8 /Applications/ARM/bin/../lib/gcc/arm-none-eabi/10.3.1/../../../../arm-none-eabi/lib/thumb/v7e-m+fp/hard/libc.a(lib_a-reallocr.o)
                0x000000000800a400                _realloc_r
 .text.__swbuf_r
                0x000000000800a7d8       0xb0 /Applications/ARM/bin/../lib/gcc/arm-none-eabi/10.3.1/../../../../arm-none-eabi/lib/thumb/v7e-m+fp/hard/libc.a(lib_a-wbuf.o)
                0x000000000800a7d8                __swbuf_r
 .text._wcrtomb_r
                0x000000000800a888       0x3c /Applications/ARM/bin/../lib/gcc/arm-none-eabi/10.3.1/../../../../arm-none-eabi/lib/thumb/v7e-m+fp/hard/libc.a(lib_a-wcrtomb.o)
                0x000000000800a888                _wcrtomb_r
 .text.__ascii_wctomb
                0x000000000800a8c4       0x1c /Applications/ARM/bin/../lib/gcc/arm-none-eabi/10.3.1/../../../../arm-none-eabi/lib/thumb/v7e-m+fp/hard/libc.a(lib_a-wctomb_r.o)
                0x000000000800a8c4                __ascii_wctomb
 .text.abort    0x000000000800a8e0       0x10 /Applications/ARM/bin/../lib/gcc/arm-none-eabi/10.3.1/../../../../arm-none-eabi/lib/thumb/v7e-m+fp/hard/libc.a(lib_a-abort.o)
                0x000000000800a8e0                abort
 .text.raise    0x000000000800a8f0       0x5c /Applications/ARM/bin/../lib/gcc/arm-none-eabi/10.3.1/../../../../arm-none-eabi/lib/thumb/v7e-m+fp/hard/libc.a(lib_a-signal.o)
                0x000000000800a8f0                raise
 .text._kill_r  0x000000000800a94c       0x2c /Applications/ARM/bin/../lib/gcc/arm-none-eabi/10.3.1/../../../../arm-none-eabi/lib/thumb/v7e-m+fp/hard/libc.a(lib_a-signalr.o)
                0x000000000800a94c                _kill_r
 .text._getpid_r
                0x000000000800a978        0x4 /Applications/ARM/bin/../lib/gcc/arm-none-eabi/10.3.1/../../../../arm-none-eabi/lib/thumb/v7e-m+fp/hard/libc.a(lib_a-signalr.o)
                0x000000000800a978                _getpid_r
 .text._close   0x000000000800a97c       0x10 /Applications/ARM/bin/../lib/gcc/arm-none-eabi/10.3.1/../../../../arm-none-eabi/lib/thumb/v7e-m+fp/hard/libnosys.a(close.o)
                0x000000000800a97c                _close
 .text._fstat   0x000000000800a98c       0x10 /Applications/ARM/bin/../lib/gcc/arm-none-eabi/10.3.1/../../../../arm-none-eabi/lib/thumb/v7e-m+fp/hard/libnosys.a(fstat.o)
                0x000000000800a98c                _fstat
 .text._getpid  0x000000000800a99c       0x10 /Applications/ARM/bin/../lib/gcc/arm-none-eabi/10.3.1/../../../../arm-none-eabi/lib/thumb/v7e-m+fp/hard/libnosys.a(getpid.o)
                0x000000000800a99c                _getpid
 .text._isatty  0x000000000800a9ac       0x10 /Applications/ARM/bin/../lib/gcc/arm-none-eabi/10.3.1/../../../../arm-none-eabi/lib/thumb/v7e-m+fp/hard/libnosys.a(isatty.o)
                0x000000000800a9ac                _isatty
 .text._kill    0x000000000800a9bc       0x10 /Applications/ARM/bin/../lib/gcc/arm-none-eabi/10.3.1/../../../../arm-none-eabi/lib/thumb/v7e-m+fp/hard/libnosys.a(kill.o)
                0x000000000800a9bc                _kill
 .text._lseek   0x000000000800a9cc       0x10 /Applications/ARM/bin/../lib/gcc/arm-none-eabi/10.3.1/../../../../arm-none-eabi/lib/thumb/v7e-m+fp/hard/libnosys.a(lseek.o)
                0x000000000800a9cc                _lseek
 .text._read    0x000000000800a9dc       0x10 /Applications/ARM/bin/../lib/gcc/arm-none-eabi/10.3.1/../../../../arm-none-eabi/lib/thumb/v7e-m+fp/hard/libnosys.a(read.o)
                0x000000000800a9dc                _read
 .text._sbrk    0x000000000800a9ec       0x1c /Applications/ARM/bin/../lib/gcc/arm-none-eabi/10.3.1/../../../../arm-none-eabi/lib/thumb/v7e-m+fp/hard/libnosys.a(sbrk.o)
                0x000000000800a9ec                _sbrk
 .text._exit    0x000000000800aa08        0x4 /Applications/ARM/bin/../lib/gcc/arm-none-eabi/10.3.1/../../../../arm-none-eabi/lib/thumb/v7e-m+fp/hard/libnosys.a(_exit.o)
                0x000000000800aa08                _exit
 .text          0x000000000800aa0c      0x378 /Applications/ARM/bin/../lib/gcc/arm-none-eabi/10.3.1/thumb/v7e-m+fp/hard/libgcc.a(_arm_addsubdf3.o)
                0x000000000800aa0c                __aeabi_drsub
                0x000000000800aa14                __subdf3
                0x000000000800aa14                __aeabi_dsub
                0x000000000800aa18                __aeabi_dadd
                0x000000000800aa18                __adddf3
                0x000000000800ac90                __aeabi_ui2d
                0x000000000800ac90                __floatunsidf
                0x000000000800acb0                __floatsidf
                0x000000000800acb0                __aeabi_i2d
                0x000000000800acd4                __extendsfdf2
                0x000000000800acd4                __aeabi_f2d
                0x000000000800ad18                __aeabi_ul2d
                0x000000000800ad18                __floatundidf
                0x000000000800ad28                __aeabi_l2d
                0x000000000800ad28                __floatdidf
 .text          0x000000000800ad84      0x424 /Applications/ARM/bin/../lib/gcc/arm-none-eabi/10.3.1/thumb/v7e-m+fp/hard/libgcc.a(_arm_muldivdf3.o)
                0x000000000800ad84                __aeabi_dmul
                0x000000000800ad84                __muldf3
                0x000000000800afd8                __aeabi_ddiv
                0x000000000800afd8                __divdf3
 .text          0x000000000800b1a8      0x110 /Applications/ARM/bin/../lib/gcc/arm-none-eabi/10.3.1/thumb/v7e-m+fp/hard/libgcc.a(_arm_cmpdf2.o)
                0x000000000800b1a8                __gedf2
                0x000000000800b1a8                __gtdf2
                0x000000000800b1b0                __ledf2
                0x000000000800b1b0                __ltdf2
                0x000000000800b1b8                __cmpdf2
                0x000000000800b1b8                __eqdf2
                0x000000000800b1b8                __nedf2
                0x000000000800b234                __aeabi_cdrcmple
                0x000000000800b244                __aeabi_cdcmple
                0x000000000800b244                __aeabi_cdcmpeq
                0x000000000800b254                __aeabi_dcmpeq
                0x000000000800b268                __aeabi_dcmplt
                0x000000000800b27c                __aeabi_dcmple
                0x000000000800b290                __aeabi_dcmpge
                0x000000000800b2a4                __aeabi_dcmpgt
 .text          0x000000000800b2b8       0x2c /Applications/ARM/bin/../lib/gcc/arm-none-eabi/10.3.1/thumb/v7e-m+fp/hard/libgcc.a(_arm_unorddf2.o)
                0x000000000800b2b8                __aeabi_dcmpun
                0x000000000800b2b8                __unorddf2
 .text          0x000000000800b2e4       0x50 /Applications/ARM/bin/../lib/gcc/arm-none-eabi/10.3.1/thumb/v7e-m+fp/hard/libgcc.a(_arm_fixdfsi.o)
                0x000000000800b2e4                __fixdfsi
                0x000000000800b2e4                __aeabi_d2iz
 .text          0x000000000800b334       0x30 /Applications/ARM/bin/../lib/gcc/arm-none-eabi/10.3.1/thumb/v7e-m+fp/hard/libgcc.a(_aeabi_uldivmod.o)
                0x000000000800b334                __aeabi_uldivmod
 .text          0x000000000800b364      0x2d0 /Applications/ARM/bin/../lib/gcc/arm-none-eabi/10.3.1/thumb/v7e-m+fp/hard/libgcc.a(_udivmoddi4.o)
                0x000000000800b364                __udivmoddi4
 .text          0x000000000800b634        0x4 /Applications/ARM/bin/../lib/gcc/arm-none-eabi/10.3.1/thumb/v7e-m+fp/hard/libgcc.a(_dvmd_tls.o)
                0x000000000800b634                __aeabi_ldiv0
                0x000000000800b634                __aeabi_idiv0
 *(.init)
 .init          0x000000000800b638        0x4 /Applications/ARM/bin/../lib/gcc/arm-none-eabi/10.3.1/thumb/v7e-m+fp/hard/crti.o
                0x000000000800b638                _init
 .init          0x000000000800b63c        0x8 /Applications/ARM/bin/../lib/gcc/arm-none-eabi/10.3.1/thumb/v7e-m+fp/hard/crtn.o
 *(.fini)
 .fini          0x000000000800b644        0x4 /Applications/ARM/bin/../lib/gcc/arm-none-eabi/10.3.1/thumb/v7e-m+fp/hard/crti.o
                0x000000000800b644                _fini
 .fini          0x000000000800b648        0x8 /Applications/ARM/bin/../lib/gcc/arm-none-eabi/10.3.1/thumb/v7e-m+fp/hard/crtn.o
 *crtbegin.o(.ctors)
 *crtbegin?.o(.ctors)
 *(EXCLUDE_FILE(*crtend.o *crtend?.o) .ctors)
 *(SORT_BY_NAME(.ctors.*))
 *(.ctors)
 *crtbegin.o(.dtors)
 *crtbegin?.o(.dtors)
 *(EXCLUDE_FILE(*crtend.o *crtend?.o) .dtors)
 *(SORT_BY_NAME(.dtors.*))
 *(.dtors)
 *(.rodata*)
 .rodata        0x000000000800b650       0x81 obj/Lab7A-Main-c.o
 .rodata.DisplayHeader.str1.1
                0x000000000800b6d1       0x27 library.a(initialize.o)
 .rodata._write.str1.1
                0x000000000800b6f8       0x27 library.a(initialize.o)
                                          0x1 (size before relaxing)
 .rodata.Font12_Table
                0x000000000800b6f8      0x474 library.a(stm32f429i_discovery_lcd.o)
                0x000000000800b6f8                Font12_Table
 .rodata.Font16_Table
                0x000000000800bb6c      0xbe0 library.a(stm32f429i_discovery_lcd.o)
                0x000000000800bb6c                Font16_Table
 .rodata.Font24_Table
                0x000000000800c74c     0x1ab8 library.a(stm32f429i_discovery_lcd.o)
                0x000000000800c74c                Font24_Table
 .rodata.APBAHBPrescTable
                0x000000000800e204       0x10 library.a(stm32f4xx_hal_rcc.o)
                0x000000000800e204                APBAHBPrescTable
 .rodata.SVC_Label.str1.1
                0x000000000800e214        0xe library.a(svcHandler.o)
 .rodata._MemManageHandler.str1.1
                0x000000000800e222       0x10 library.a(svcHandler.o)
 .rodata._BusFault_Handler.str1.1
                0x000000000800e232        0xb library.a(svcHandler.o)
 .rodata._HardFault_Handler.str1.1
                0x000000000800e23d        0xc library.a(svcHandler.o)
 .rodata._UsageFault_Handler.str1.1
                0x000000000800e249       0x3f library.a(svcHandler.o)
 .rodata.SVC_Exception.str1.1
                0x000000000800e288       0x15 library.a(svcHandler.o)
 .rodata.str1.1
                0x000000000800e29d      0x2b6 library.a(svcHandler.o)
 *fill*         0x000000000800e553        0x1 
 .rodata._global_impure_ptr
                0x000000000800e554        0x4 /Applications/ARM/bin/../lib/gcc/arm-none-eabi/10.3.1/../../../../arm-none-eabi/lib/thumb/v7e-m+fp/hard/libc.a(lib_a-impure.o)
                0x000000000800e554                _global_impure_ptr
 .rodata._svfprintf_r.str1.4
                0x000000000800e558       0x42 /Applications/ARM/bin/../lib/gcc/arm-none-eabi/10.3.1/../../../../arm-none-eabi/lib/thumb/v7e-m+fp/hard/libc.a(lib_a-svfprintf.o)
 *fill*         0x000000000800e59a        0x2 
 .rodata.blanks.1
                0x000000000800e59c       0x10 /Applications/ARM/bin/../lib/gcc/arm-none-eabi/10.3.1/../../../../arm-none-eabi/lib/thumb/v7e-m+fp/hard/libc.a(lib_a-svfprintf.o)
 .rodata.zeroes.0
                0x000000000800e5ac       0x10 /Applications/ARM/bin/../lib/gcc/arm-none-eabi/10.3.1/../../../../arm-none-eabi/lib/thumb/v7e-m+fp/hard/libc.a(lib_a-svfprintf.o)
 .rodata._dtoa_r.str1.4
                0x000000000800e5bc       0x7e /Applications/ARM/bin/../lib/gcc/arm-none-eabi/10.3.1/../../../../arm-none-eabi/lib/thumb/v7e-m+fp/hard/libc.a(lib_a-dtoa.o)
                                         0x82 (size before relaxing)
 *fill*         0x000000000800e63a        0x2 
 .rodata.__multadd.str1.4
                0x000000000800e63c       0x5b /Applications/ARM/bin/../lib/gcc/arm-none-eabi/10.3.1/../../../../arm-none-eabi/lib/thumb/v7e-m+fp/hard/libc.a(lib_a-mprec.o)
                                         0x6f (size before relaxing)
 *fill*         0x000000000800e697        0x1 
 .rodata.__mprec_bigtens
                0x000000000800e698       0x28 /Applications/ARM/bin/../lib/gcc/arm-none-eabi/10.3.1/../../../../arm-none-eabi/lib/thumb/v7e-m+fp/hard/libc.a(lib_a-mprec.o)
                0x000000000800e698                __mprec_bigtens
 .rodata.__mprec_tens
                0x000000000800e6c0       0xc8 /Applications/ARM/bin/../lib/gcc/arm-none-eabi/10.3.1/../../../../arm-none-eabi/lib/thumb/v7e-m+fp/hard/libc.a(lib_a-mprec.o)
                0x000000000800e6c0                __mprec_tens
 .rodata.p05.0  0x000000000800e788        0xc /Applications/ARM/bin/../lib/gcc/arm-none-eabi/10.3.1/../../../../arm-none-eabi/lib/thumb/v7e-m+fp/hard/libc.a(lib_a-mprec.o)
 .rodata._vfiprintf_r.str1.4
                0x000000000800e794       0x2f /Applications/ARM/bin/../lib/gcc/arm-none-eabi/10.3.1/../../../../arm-none-eabi/lib/thumb/v7e-m+fp/hard/libc.a(lib_a-vfiprintf.o)
 .rodata.blanks.1
                0x000000000800e794       0x10 /Applications/ARM/bin/../lib/gcc/arm-none-eabi/10.3.1/../../../../arm-none-eabi/lib/thumb/v7e-m+fp/hard/libc.a(lib_a-vfiprintf.o)
 .rodata.zeroes.0
                0x000000000800e7a4       0x10 /Applications/ARM/bin/../lib/gcc/arm-none-eabi/10.3.1/../../../../arm-none-eabi/lib/thumb/v7e-m+fp/hard/libc.a(lib_a-vfiprintf.o)
 .rodata.__assert_func.str1.4
                0x000000000800e7b4       0x3f /Applications/ARM/bin/../lib/gcc/arm-none-eabi/10.3.1/../../../../arm-none-eabi/lib/thumb/v7e-m+fp/hard/libc.a(lib_a-assert.o)
                                         0x43 (size before relaxing)
 *fill*         0x000000000800e7f3        0x1 
 .rodata._setlocale_r.str1.4
                0x000000000800e7f4        0xa /Applications/ARM/bin/../lib/gcc/arm-none-eabi/10.3.1/../../../../arm-none-eabi/lib/thumb/v7e-m+fp/hard/libc.a(lib_a-locale.o)
                                          0xd (size before relaxing)
 *fill*         0x000000000800e7fe        0x2 
 .rodata.str1.4
                0x000000000800e800        0x2 /Applications/ARM/bin/../lib/gcc/arm-none-eabi/10.3.1/../../../../arm-none-eabi/lib/thumb/v7e-m+fp/hard/libc.a(lib_a-locale.o)
 *fill*         0x000000000800e802        0x2 
 .rodata._ctype_
                0x000000000800e804      0x101 /Applications/ARM/bin/../lib/gcc/arm-none-eabi/10.3.1/../../../../arm-none-eabi/lib/thumb/v7e-m+fp/hard/libc.a(lib_a-ctype_.o)
                0x000000000800e804                _ctype_
 *(.eh_frame*)
 *fill*         0x000000000800e905        0x3 
 .eh_frame      0x000000000800e908        0x0 /Applications/ARM/bin/../lib/gcc/arm-none-eabi/10.3.1/thumb/v7e-m+fp/hard/crtbegin.o
 .eh_frame      0x000000000800e908        0x4 /Applications/ARM/bin/../lib/gcc/arm-none-eabi/10.3.1/thumb/v7e-m+fp/hard/crtend.o

.glue_7         0x000000000800e90c        0x0
 .glue_7        0x000000000800e90c        0x0 linker stubs

.glue_7t        0x000000000800e90c        0x0
 .glue_7t       0x000000000800e90c        0x0 linker stubs

.vfp11_veneer   0x000000000800e90c        0x0
 .vfp11_veneer  0x000000000800e90c        0x0 linker stubs

.v4_bx          0x000000000800e90c        0x0
 .v4_bx         0x000000000800e90c        0x0 linker stubs

.iplt           0x000000000800e90c        0x0
 .iplt          0x000000000800e90c        0x0 /Applications/ARM/bin/../lib/gcc/arm-none-eabi/10.3.1/thumb/v7e-m+fp/hard/crtbegin.o

.ARM.extab
 *(.ARM.extab* .gnu.linkonce.armextab.*)
                0x000000000800e90c                __exidx_start = .

.ARM.exidx      0x000000000800e90c        0x8
 *(.ARM.exidx* .gnu.linkonce.armexidx.*)
 .ARM.exidx     0x000000000800e90c        0x8 /Applications/ARM/bin/../lib/gcc/arm-none-eabi/10.3.1/../../../../arm-none-eabi/lib/thumb/v7e-m+fp/hard/crt0.o
                                         0x10 (size before relaxing)
 .ARM.exidx     0x000000000800e914        0x0 /Applications/ARM/bin/../lib/gcc/arm-none-eabi/10.3.1/thumb/v7e-m+fp/hard/libgcc.a(_udivmoddi4.o)
                                          0x8 (size before relaxing)
                0x000000000800e914                __exidx_end = .
                0x000000000800e914                __etext = .

.rel.dyn        0x000000000800e914        0x0
 .rel.iplt      0x000000000800e914        0x0 /Applications/ARM/bin/../lib/gcc/arm-none-eabi/10.3.1/thumb/v7e-m+fp/hard/crtbegin.o

.data           0x0000000020000000      0xb88 load address 0x000000000800e914
                0x0000000020000000                __data_start__ = .
 *(vtable)
 *(.data*)
 .data.BUTTON_PORT
                0x0000000020000000        0x4 library.a(stm32f429i_discovery.o)
                0x0000000020000000                BUTTON_PORT
 .data.SpixTimeout
                0x0000000020000004        0x4 library.a(stm32f429i_discovery.o)
                0x0000000020000004                SpixTimeout
 .data.Font12   0x0000000020000008        0x8 library.a(stm32f429i_discovery_lcd.o)
                0x0000000020000008                Font12
 .data.Font16   0x0000000020000010        0x8 library.a(stm32f429i_discovery_lcd.o)
                0x0000000020000010                Font16
 .data.Font24   0x0000000020000018        0x8 library.a(stm32f429i_discovery_lcd.o)
                0x0000000020000018                Font24
 .data.context.0
                0x0000000020000020       0x20 library.a(svcHandler.o)
 .data.context.2
                0x0000000020000040       0x20 library.a(svcHandler.o)
 .data.context.4
                0x0000000020000060       0x20 library.a(svcHandler.o)
 .data.context.7
                0x0000000020000080       0x20 library.a(svcHandler.o)
 .data.lines.1  0x00000000200000a0       0x80 library.a(svcHandler.o)
 .data.lines.3  0x0000000020000120       0x30 library.a(svcHandler.o)
 .data.lines.6  0x0000000020000150       0x40 library.a(svcHandler.o)
 .data.SystemCoreClock
                0x0000000020000190        0x4 library.a(system_stm32f4xx.o)
                0x0000000020000190                SystemCoreClock
 .data.ili9341_drv
                0x0000000020000194       0x38 library.a(ili9341.o)
                0x0000000020000194                ili9341_drv
 .data._impure_ptr
                0x00000000200001cc        0x4 /Applications/ARM/bin/../lib/gcc/arm-none-eabi/10.3.1/../../../../arm-none-eabi/lib/thumb/v7e-m+fp/hard/libc.a(lib_a-impure.o)
                0x00000000200001cc                _impure_ptr
 .data.impure_data
                0x00000000200001d0      0x428 /Applications/ARM/bin/../lib/gcc/arm-none-eabi/10.3.1/../../../../arm-none-eabi/lib/thumb/v7e-m+fp/hard/libc.a(lib_a-impure.o)
 .data.__atexit_recursive_mutex
                0x00000000200005f8        0x4 /Applications/ARM/bin/../lib/gcc/arm-none-eabi/10.3.1/../../../../arm-none-eabi/lib/thumb/v7e-m+fp/hard/libc.a(lib_a-__call_atexit.o)
                0x00000000200005f8                __atexit_recursive_mutex
 .data.__malloc_av_
                0x00000000200005fc      0x408 /Applications/ARM/bin/../lib/gcc/arm-none-eabi/10.3.1/../../../../arm-none-eabi/lib/thumb/v7e-m+fp/hard/libc.a(lib_a-mallocr.o)
                0x00000000200005fc                __malloc_av_
 .data.__malloc_sbrk_base
                0x0000000020000a04        0x4 /Applications/ARM/bin/../lib/gcc/arm-none-eabi/10.3.1/../../../../arm-none-eabi/lib/thumb/v7e-m+fp/hard/libc.a(lib_a-mallocr.o)
                0x0000000020000a04                __malloc_sbrk_base
 .data.__malloc_trim_threshold
                0x0000000020000a08        0x4 /Applications/ARM/bin/../lib/gcc/arm-none-eabi/10.3.1/../../../../arm-none-eabi/lib/thumb/v7e-m+fp/hard/libc.a(lib_a-mallocr.o)
                0x0000000020000a08                __malloc_trim_threshold
 .data.__global_locale
                0x0000000020000a0c      0x16c /Applications/ARM/bin/../lib/gcc/arm-none-eabi/10.3.1/../../../../arm-none-eabi/lib/thumb/v7e-m+fp/hard/libc.a(lib_a-locale.o)
                0x0000000020000a0c                __global_locale
                0x0000000020000b78                . = ALIGN (0x4)
                0x0000000020000b78                PROVIDE (__preinit_array_start = .)
 *(.preinit_array)
                0x0000000020000b78                PROVIDE (__preinit_array_end = .)
                0x0000000020000b78                . = ALIGN (0x4)
                0x0000000020000b78                PROVIDE (__init_array_start = .)
 *(SORT_BY_NAME(.init_array.*))
 .init_array.00000
                0x0000000020000b78        0x4 /Applications/ARM/bin/../lib/gcc/arm-none-eabi/10.3.1/../../../../arm-none-eabi/lib/thumb/v7e-m+fp/hard/libc.a(lib_a-__call_atexit.o)
 *(.init_array)
 .init_array    0x0000000020000b7c        0x4 /Applications/ARM/bin/../lib/gcc/arm-none-eabi/10.3.1/thumb/v7e-m+fp/hard/crtbegin.o
                0x0000000020000b80                PROVIDE (__init_array_end = .)
                0x0000000020000b80                . = ALIGN (0x8)
                0x0000000020000b80                PROVIDE (__fini_array_start = .)
 *(SORT_BY_NAME(.fini_array.*))
 *(.fini_array)
 .fini_array    0x0000000020000b80        0x4 /Applications/ARM/bin/../lib/gcc/arm-none-eabi/10.3.1/thumb/v7e-m+fp/hard/crtbegin.o
                0x0000000020000b84                PROVIDE (__fini_array_end = .)
                0x0000000020000b88                . = ALIGN (0x8)
 *fill*         0x0000000020000b84        0x4 
                0x0000000020000b88                __data_end__ = .

.igot.plt       0x0000000020000b88        0x0 load address 0x000000000800f49c
 .igot.plt      0x0000000020000b88        0x0 /Applications/ARM/bin/../lib/gcc/arm-none-eabi/10.3.1/thumb/v7e-m+fp/hard/crtbegin.o

.bss            0x0000000020000b88    0x1cb3c load address 0x000000000800f49c
                0x0000000020000b88                __bss_start__ = .
 *(.bss*)
 .bss           0x0000000020000b88       0x1c /Applications/ARM/bin/../lib/gcc/arm-none-eabi/10.3.1/thumb/v7e-m+fp/hard/crtbegin.o
 .bss.buffer    0x0000000020000ba4      0x620 library.a(initialize.o)
 .bss.txtCol    0x00000000200011c4        0x4 library.a(initialize.o)
 .bss.txtRow    0x00000000200011c8        0x4 library.a(initialize.o)
 .bss.Is_LCD_IO_Initialized
                0x00000000200011cc        0x1 library.a(stm32f429i_discovery.o)
 *fill*         0x00000000200011cd        0x3 
 .bss.SpiHandle
                0x00000000200011d0       0x58 library.a(stm32f429i_discovery.o)
 .bss.ActiveLayer
                0x0000000020001228        0x4 library.a(stm32f429i_discovery_lcd.o)
 .bss.Dma2dHandler
                0x000000002000122c       0x40 library.a(stm32f429i_discovery_lcd.o)
 .bss.DrawProp  0x000000002000126c       0x18 library.a(stm32f429i_discovery_lcd.o)
 .bss.LcdDrv    0x0000000020001284        0x4 library.a(stm32f429i_discovery_lcd.o)
                0x0000000020001284                LcdDrv
 .bss.LtdcHandler
                0x0000000020001288       0xa8 library.a(stm32f429i_discovery_lcd.o)
 .bss.PeriphClkInitStruct
                0x0000000020001330       0x30 library.a(stm32f429i_discovery_lcd.o)
 .bss.Command   0x0000000020001360       0x10 library.a(stm32f429i_discovery_sdram.o)
 .bss.SdramHandle
                0x0000000020001370       0x34 library.a(stm32f429i_discovery_sdram.o)
 .bss.Timing    0x00000000200013a4       0x1c library.a(stm32f429i_discovery_sdram.o)
 .bss.dmaHandle.0
                0x00000000200013c0       0x50 library.a(stm32f429i_discovery_sdram.o)
 .bss.uwTick    0x0000000020001410        0x4 library.a(stm32f4xx_hal.o)
 .bss.rgb       0x0000000020001414    0x1c200 library.a(svcHandler.o)
                0x0000000020001414                rgb
 .bss.text.5    0x000000002001d614       0x64 library.a(svcHandler.o)
 .bss.__lock___atexit_recursive_mutex
                0x000000002001d678        0x1 /Applications/ARM/bin/../lib/gcc/arm-none-eabi/10.3.1/../../../../arm-none-eabi/lib/thumb/v7e-m+fp/hard/libc.a(lib_a-lock.o)
                0x000000002001d678                __lock___atexit_recursive_mutex
 *fill*         0x000000002001d679        0x3 
 .bss.__lock___malloc_recursive_mutex
                0x000000002001d67c        0x1 /Applications/ARM/bin/../lib/gcc/arm-none-eabi/10.3.1/../../../../arm-none-eabi/lib/thumb/v7e-m+fp/hard/libc.a(lib_a-lock.o)
                0x000000002001d67c                __lock___malloc_recursive_mutex
 *fill*         0x000000002001d67d        0x3 
 .bss.__lock___sfp_recursive_mutex
                0x000000002001d680        0x1 /Applications/ARM/bin/../lib/gcc/arm-none-eabi/10.3.1/../../../../arm-none-eabi/lib/thumb/v7e-m+fp/hard/libc.a(lib_a-lock.o)
                0x000000002001d680                __lock___sfp_recursive_mutex
 *fill*         0x000000002001d681        0x3 
 .bss.__lock___sinit_recursive_mutex
                0x000000002001d684        0x1 /Applications/ARM/bin/../lib/gcc/arm-none-eabi/10.3.1/../../../../arm-none-eabi/lib/thumb/v7e-m+fp/hard/libc.a(lib_a-lock.o)
                0x000000002001d684                __lock___sinit_recursive_mutex
 *fill*         0x000000002001d685        0x3 
 .bss.__malloc_current_mallinfo
                0x000000002001d688       0x28 /Applications/ARM/bin/../lib/gcc/arm-none-eabi/10.3.1/../../../../arm-none-eabi/lib/thumb/v7e-m+fp/hard/libc.a(lib_a-mallocr.o)
                0x000000002001d688                __malloc_current_mallinfo
 .bss.__malloc_max_sbrked_mem
                0x000000002001d6b0        0x4 /Applications/ARM/bin/../lib/gcc/arm-none-eabi/10.3.1/../../../../arm-none-eabi/lib/thumb/v7e-m+fp/hard/libc.a(lib_a-mallocr.o)
                0x000000002001d6b0                __malloc_max_sbrked_mem
 .bss.__malloc_max_total_mem
                0x000000002001d6b4        0x4 /Applications/ARM/bin/../lib/gcc/arm-none-eabi/10.3.1/../../../../arm-none-eabi/lib/thumb/v7e-m+fp/hard/libc.a(lib_a-mallocr.o)
                0x000000002001d6b4                __malloc_max_total_mem
 .bss.__malloc_top_pad
                0x000000002001d6b8        0x4 /Applications/ARM/bin/../lib/gcc/arm-none-eabi/10.3.1/../../../../arm-none-eabi/lib/thumb/v7e-m+fp/hard/libc.a(lib_a-mallocr.o)
                0x000000002001d6b8                __malloc_top_pad
 .bss.errno     0x000000002001d6bc        0x4 /Applications/ARM/bin/../lib/gcc/arm-none-eabi/10.3.1/../../../../arm-none-eabi/lib/thumb/v7e-m+fp/hard/libc.a(lib_a-reent.o)
                0x000000002001d6bc                errno
 .bss.heap_end.0
                0x000000002001d6c0        0x4 /Applications/ARM/bin/../lib/gcc/arm-none-eabi/10.3.1/../../../../arm-none-eabi/lib/thumb/v7e-m+fp/hard/libnosys.a(sbrk.o)
 *(COMMON)
                0x000000002001d6c4                __bss_end__ = .

.ccm            0x0000000010000000        0x0
                0x0000000010000000                . = ALIGN (0x4)
                0x0000000010000000                __ccm_start__ = .
 *(.ccm*)
                0x0000000010000000                . = ALIGN (0x4)
                0x0000000010000000                __ccm_end__ = .

.heap           0x0000000010000000      0xc00
                0x0000000010000000                __end__ = .
                0x0000000010000000                end = __end__
 *(.heap*)
 .heap          0x0000000010000000      0xc00 library.a(startup_stm32f429xx.o)
                0x0000000010000000                __HeapBase
                0x0000000010000c00                __HeapLimit = .

.stack_dummy    0x0000000010000000     0x1000
 *(.stack)
 .stack         0x0000000010000000     0x1000 library.a(startup_stm32f429xx.o)
                0x0000000010010000                __StackTop = (ORIGIN (CCM) + LENGTH (CCM))
                0x000000001000f000                __StackLimit = (__StackTop - SIZEOF (.stack_dummy))
                0x0000000010010000                PROVIDE (__stack = __StackTop)
                0x0000000000000001                ASSERT ((__StackLimit >= __HeapLimit), region CCM overflowed with stack)
OUTPUT(output.elf elf32-littlearm)
LOAD linker stubs

.ARM.attributes
                0x0000000000000000       0x30
 .ARM.attributes
                0x0000000000000000       0x1e /Applications/ARM/bin/../lib/gcc/arm-none-eabi/10.3.1/thumb/v7e-m+fp/hard/crti.o
 .ARM.attributes
                0x000000000000001e       0x34 /Applications/ARM/bin/../lib/gcc/arm-none-eabi/10.3.1/thumb/v7e-m+fp/hard/crtbegin.o
 .ARM.attributes
                0x0000000000000052       0x1c /Applications/ARM/bin/../lib/gcc/arm-none-eabi/10.3.1/../../../../arm-none-eabi/lib/thumb/v7e-m+fp/hard/crt0.o
 .ARM.attributes
                0x000000000000006e       0x34 obj/Lab7A-Main-c.o
 .ARM.attributes
                0x00000000000000a2       0x25 obj/Lab7A-Funcs-s.o
 .ARM.attributes
                0x00000000000000c7       0x34 library.a(initialize.o)
 .ARM.attributes
                0x00000000000000fb       0x34 library.a(stm32f429i_discovery.o)
 .ARM.attributes
                0x000000000000012f       0x34 library.a(stm32f429i_discovery_lcd.o)
 .ARM.attributes
                0x0000000000000163       0x34 library.a(stm32f429i_discovery_sdram.o)
 .ARM.attributes
                0x0000000000000197       0x34 library.a(stm32f4xx_hal.o)
 .ARM.attributes
                0x00000000000001cb       0x34 library.a(stm32f4xx_hal_cortex.o)
 .ARM.attributes
                0x00000000000001ff       0x34 library.a(stm32f4xx_hal_dma.o)
 .ARM.attributes
                0x0000000000000233       0x34 library.a(stm32f4xx_hal_dma2d.o)
 .ARM.attributes
                0x0000000000000267       0x34 library.a(stm32f4xx_hal_gpio.o)
 .ARM.attributes
                0x000000000000029b       0x34 library.a(stm32f4xx_hal_ltdc.o)
 .ARM.attributes
                0x00000000000002cf       0x34 library.a(stm32f4xx_hal_rcc.o)
 .ARM.attributes
                0x0000000000000303       0x34 library.a(stm32f4xx_hal_rcc_ex.o)
 .ARM.attributes
                0x0000000000000337       0x34 library.a(stm32f4xx_hal_sdram.o)
 .ARM.attributes
                0x000000000000036b       0x34 library.a(stm32f4xx_hal_spi.o)
 .ARM.attributes
                0x000000000000039f       0x34 library.a(stm32f4xx_it.o)
 .ARM.attributes
                0x00000000000003d3       0x34 library.a(stm32f4xx_ll_fmc.o)
 .ARM.attributes
                0x0000000000000407       0x34 library.a(svcHandler.o)
 .ARM.attributes
                0x000000000000043b       0x34 library.a(system_stm32f4xx.o)
 .ARM.attributes
                0x000000000000046f       0x1f library.a(startup_stm32f429xx.o)
 .ARM.attributes
                0x000000000000048e       0x34 library.a(ili9341.o)
 .ARM.attributes
                0x00000000000004c2       0x34 /Applications/ARM/bin/../lib/gcc/arm-none-eabi/10.3.1/../../../../arm-none-eabi/lib/thumb/v7e-m+fp/hard/libc.a(lib_a-exit.o)
 .ARM.attributes
                0x00000000000004f6       0x32 /Applications/ARM/bin/../lib/gcc/arm-none-eabi/10.3.1/../../../../arm-none-eabi/lib/thumb/v7e-m+fp/hard/libc.a(lib_a-impure.o)
 .ARM.attributes
                0x0000000000000528       0x34 /Applications/ARM/bin/../lib/gcc/arm-none-eabi/10.3.1/../../../../arm-none-eabi/lib/thumb/v7e-m+fp/hard/libc.a(lib_a-init.o)
 .ARM.attributes
                0x000000000000055c       0x1c /Applications/ARM/bin/../lib/gcc/arm-none-eabi/10.3.1/../../../../arm-none-eabi/lib/thumb/v7e-m+fp/hard/libc.a(lib_a-memcpy.o)
 .ARM.attributes
                0x0000000000000578       0x34 /Applications/ARM/bin/../lib/gcc/arm-none-eabi/10.3.1/../../../../arm-none-eabi/lib/thumb/v7e-m+fp/hard/libc.a(lib_a-memset.o)
 .ARM.attributes
                0x00000000000005ac       0x34 /Applications/ARM/bin/../lib/gcc/arm-none-eabi/10.3.1/../../../../arm-none-eabi/lib/thumb/v7e-m+fp/hard/libc.a(lib_a-sprintf.o)
 .ARM.attributes
                0x00000000000005e0       0x34 /Applications/ARM/bin/../lib/gcc/arm-none-eabi/10.3.1/../../../../arm-none-eabi/lib/thumb/v7e-m+fp/hard/libc.a(lib_a-strcpy.o)
 .ARM.attributes
                0x0000000000000614       0x1c /Applications/ARM/bin/../lib/gcc/arm-none-eabi/10.3.1/../../../../arm-none-eabi/lib/thumb/v7e-m+fp/hard/libc.a(lib_a-strlen.o)
 .ARM.attributes
                0x0000000000000630       0x34 /Applications/ARM/bin/../lib/gcc/arm-none-eabi/10.3.1/../../../../arm-none-eabi/lib/thumb/v7e-m+fp/hard/libc.a(lib_a-svfprintf.o)
 .ARM.attributes
                0x0000000000000664       0x34 /Applications/ARM/bin/../lib/gcc/arm-none-eabi/10.3.1/../../../../arm-none-eabi/lib/thumb/v7e-m+fp/hard/libc.a(lib_a-vsprintf.o)
 .ARM.attributes
                0x0000000000000698       0x34 /Applications/ARM/bin/../lib/gcc/arm-none-eabi/10.3.1/../../../../arm-none-eabi/lib/thumb/v7e-m+fp/hard/libc.a(lib_a-wsetup.o)
 .ARM.attributes
                0x00000000000006cc       0x34 /Applications/ARM/bin/../lib/gcc/arm-none-eabi/10.3.1/../../../../arm-none-eabi/lib/thumb/v7e-m+fp/hard/libc.a(lib_a-__call_atexit.o)
 .ARM.attributes
                0x0000000000000700       0x34 /Applications/ARM/bin/../lib/gcc/arm-none-eabi/10.3.1/../../../../arm-none-eabi/lib/thumb/v7e-m+fp/hard/libc.a(lib_a-atexit.o)
 .ARM.attributes
                0x0000000000000734       0x34 /Applications/ARM/bin/../lib/gcc/arm-none-eabi/10.3.1/../../../../arm-none-eabi/lib/thumb/v7e-m+fp/hard/libc.a(lib_a-dtoa.o)
 .ARM.attributes
                0x0000000000000768       0x34 /Applications/ARM/bin/../lib/gcc/arm-none-eabi/10.3.1/../../../../arm-none-eabi/lib/thumb/v7e-m+fp/hard/libc.a(lib_a-fflush.o)
 .ARM.attributes
                0x000000000000079c       0x34 /Applications/ARM/bin/../lib/gcc/arm-none-eabi/10.3.1/../../../../arm-none-eabi/lib/thumb/v7e-m+fp/hard/libc.a(lib_a-findfp.o)
 .ARM.attributes
                0x00000000000007d0       0x34 /Applications/ARM/bin/../lib/gcc/arm-none-eabi/10.3.1/../../../../arm-none-eabi/lib/thumb/v7e-m+fp/hard/libc.a(lib_a-fini.o)
 .ARM.attributes
                0x0000000000000804       0x34 /Applications/ARM/bin/../lib/gcc/arm-none-eabi/10.3.1/../../../../arm-none-eabi/lib/thumb/v7e-m+fp/hard/libc.a(lib_a-freer.o)
 .ARM.attributes
                0x0000000000000838       0x34 /Applications/ARM/bin/../lib/gcc/arm-none-eabi/10.3.1/../../../../arm-none-eabi/lib/thumb/v7e-m+fp/hard/libc.a(lib_a-fwalk.o)
 .ARM.attributes
                0x000000000000086c       0x34 /Applications/ARM/bin/../lib/gcc/arm-none-eabi/10.3.1/../../../../arm-none-eabi/lib/thumb/v7e-m+fp/hard/libc.a(lib_a-localeconv.o)
 .ARM.attributes
                0x00000000000008a0       0x34 /Applications/ARM/bin/../lib/gcc/arm-none-eabi/10.3.1/../../../../arm-none-eabi/lib/thumb/v7e-m+fp/hard/libc.a(lib_a-lock.o)
 .ARM.attributes
                0x00000000000008d4       0x34 /Applications/ARM/bin/../lib/gcc/arm-none-eabi/10.3.1/../../../../arm-none-eabi/lib/thumb/v7e-m+fp/hard/libc.a(lib_a-makebuf.o)
 .ARM.attributes
                0x0000000000000908       0x34 /Applications/ARM/bin/../lib/gcc/arm-none-eabi/10.3.1/../../../../arm-none-eabi/lib/thumb/v7e-m+fp/hard/libc.a(lib_a-mallocr.o)
 .ARM.attributes
                0x000000000000093c       0x1c /Applications/ARM/bin/../lib/gcc/arm-none-eabi/10.3.1/../../../../arm-none-eabi/lib/thumb/v7e-m+fp/hard/libc.a(lib_a-memchr.o)
 .ARM.attributes
                0x0000000000000958       0x34 /Applications/ARM/bin/../lib/gcc/arm-none-eabi/10.3.1/../../../../arm-none-eabi/lib/thumb/v7e-m+fp/hard/libc.a(lib_a-mlock.o)
 .ARM.attributes
                0x000000000000098c       0x34 /Applications/ARM/bin/../lib/gcc/arm-none-eabi/10.3.1/../../../../arm-none-eabi/lib/thumb/v7e-m+fp/hard/libc.a(lib_a-mprec.o)
 .ARM.attributes
                0x00000000000009c0       0x34 /Applications/ARM/bin/../lib/gcc/arm-none-eabi/10.3.1/../../../../arm-none-eabi/lib/thumb/v7e-m+fp/hard/libc.a(lib_a-s_frexp.o)
 .ARM.attributes
                0x00000000000009f4       0x34 /Applications/ARM/bin/../lib/gcc/arm-none-eabi/10.3.1/../../../../arm-none-eabi/lib/thumb/v7e-m+fp/hard/libc.a(lib_a-sbrkr.o)
 .ARM.attributes
                0x0000000000000a28       0x34 /Applications/ARM/bin/../lib/gcc/arm-none-eabi/10.3.1/../../../../arm-none-eabi/lib/thumb/v7e-m+fp/hard/libc.a(lib_a-stdio.o)
 .ARM.attributes
                0x0000000000000a5c       0x34 /Applications/ARM/bin/../lib/gcc/arm-none-eabi/10.3.1/../../../../arm-none-eabi/lib/thumb/v7e-m+fp/hard/libc.a(lib_a-strncpy.o)
 .ARM.attributes
                0x0000000000000a90       0x34 /Applications/ARM/bin/../lib/gcc/arm-none-eabi/10.3.1/../../../../arm-none-eabi/lib/thumb/v7e-m+fp/hard/libc.a(lib_a-svfiprintf.o)
 .ARM.attributes
                0x0000000000000ac4       0x34 /Applications/ARM/bin/../lib/gcc/arm-none-eabi/10.3.1/../../../../arm-none-eabi/lib/thumb/v7e-m+fp/hard/libc.a(lib_a-vfiprintf.o)
 .ARM.attributes
                0x0000000000000af8       0x34 /Applications/ARM/bin/../lib/gcc/arm-none-eabi/10.3.1/../../../../arm-none-eabi/lib/thumb/v7e-m+fp/hard/libc.a(lib_a-writer.o)
 .ARM.attributes
                0x0000000000000b2c       0x34 /Applications/ARM/bin/../lib/gcc/arm-none-eabi/10.3.1/../../../../arm-none-eabi/lib/thumb/v7e-m+fp/hard/libc.a(lib_a-__atexit.o)
 .ARM.attributes
                0x0000000000000b60       0x34 /Applications/ARM/bin/../lib/gcc/arm-none-eabi/10.3.1/../../../../arm-none-eabi/lib/thumb/v7e-m+fp/hard/libc.a(lib_a-assert.o)
 .ARM.attributes
                0x0000000000000b94       0x34 /Applications/ARM/bin/../lib/gcc/arm-none-eabi/10.3.1/../../../../arm-none-eabi/lib/thumb/v7e-m+fp/hard/libc.a(lib_a-callocr.o)
 .ARM.attributes
                0x0000000000000bc8       0x34 /Applications/ARM/bin/../lib/gcc/arm-none-eabi/10.3.1/../../../../arm-none-eabi/lib/thumb/v7e-m+fp/hard/libc.a(lib_a-closer.o)
 .ARM.attributes
                0x0000000000000bfc       0x34 /Applications/ARM/bin/../lib/gcc/arm-none-eabi/10.3.1/../../../../arm-none-eabi/lib/thumb/v7e-m+fp/hard/libc.a(lib_a-errno.o)
 .ARM.attributes
                0x0000000000000c30       0x34 /Applications/ARM/bin/../lib/gcc/arm-none-eabi/10.3.1/../../../../arm-none-eabi/lib/thumb/v7e-m+fp/hard/libc.a(lib_a-fclose.o)
 .ARM.attributes
                0x0000000000000c64       0x34 /Applications/ARM/bin/../lib/gcc/arm-none-eabi/10.3.1/../../../../arm-none-eabi/lib/thumb/v7e-m+fp/hard/libc.a(lib_a-fiprintf.o)
 .ARM.attributes
                0x0000000000000c98       0x34 /Applications/ARM/bin/../lib/gcc/arm-none-eabi/10.3.1/../../../../arm-none-eabi/lib/thumb/v7e-m+fp/hard/libc.a(lib_a-fputwc.o)
 .ARM.attributes
                0x0000000000000ccc       0x34 /Applications/ARM/bin/../lib/gcc/arm-none-eabi/10.3.1/../../../../arm-none-eabi/lib/thumb/v7e-m+fp/hard/libc.a(lib_a-fstatr.o)
 .ARM.attributes
                0x0000000000000d00       0x34 /Applications/ARM/bin/../lib/gcc/arm-none-eabi/10.3.1/../../../../arm-none-eabi/lib/thumb/v7e-m+fp/hard/libc.a(lib_a-fvwrite.o)
 .ARM.attributes
                0x0000000000000d34       0x34 /Applications/ARM/bin/../lib/gcc/arm-none-eabi/10.3.1/../../../../arm-none-eabi/lib/thumb/v7e-m+fp/hard/libc.a(lib_a-isattyr.o)
 .ARM.attributes
                0x0000000000000d68       0x34 /Applications/ARM/bin/../lib/gcc/arm-none-eabi/10.3.1/../../../../arm-none-eabi/lib/thumb/v7e-m+fp/hard/libc.a(lib_a-locale.o)
 .ARM.attributes
                0x0000000000000d9c       0x34 /Applications/ARM/bin/../lib/gcc/arm-none-eabi/10.3.1/../../../../arm-none-eabi/lib/thumb/v7e-m+fp/hard/libc.a(lib_a-lseekr.o)
 .ARM.attributes
                0x0000000000000dd0       0x34 /Applications/ARM/bin/../lib/gcc/arm-none-eabi/10.3.1/../../../../arm-none-eabi/lib/thumb/v7e-m+fp/hard/libc.a(lib_a-mbtowc_r.o)
 .ARM.attributes
                0x0000000000000e04       0x34 /Applications/ARM/bin/../lib/gcc/arm-none-eabi/10.3.1/../../../../arm-none-eabi/lib/thumb/v7e-m+fp/hard/libc.a(lib_a-memmove.o)
 .ARM.attributes
                0x0000000000000e38       0x34 /Applications/ARM/bin/../lib/gcc/arm-none-eabi/10.3.1/../../../../arm-none-eabi/lib/thumb/v7e-m+fp/hard/libc.a(lib_a-readr.o)
 .ARM.attributes
                0x0000000000000e6c       0x34 /Applications/ARM/bin/../lib/gcc/arm-none-eabi/10.3.1/../../../../arm-none-eabi/lib/thumb/v7e-m+fp/hard/libc.a(lib_a-reallocr.o)
 .ARM.attributes
                0x0000000000000ea0       0x34 /Applications/ARM/bin/../lib/gcc/arm-none-eabi/10.3.1/../../../../arm-none-eabi/lib/thumb/v7e-m+fp/hard/libc.a(lib_a-reent.o)
 .ARM.attributes
                0x0000000000000ed4       0x34 /Applications/ARM/bin/../lib/gcc/arm-none-eabi/10.3.1/../../../../arm-none-eabi/lib/thumb/v7e-m+fp/hard/libc.a(lib_a-wbuf.o)
 .ARM.attributes
                0x0000000000000f08       0x34 /Applications/ARM/bin/../lib/gcc/arm-none-eabi/10.3.1/../../../../arm-none-eabi/lib/thumb/v7e-m+fp/hard/libc.a(lib_a-wcrtomb.o)
 .ARM.attributes
                0x0000000000000f3c       0x34 /Applications/ARM/bin/../lib/gcc/arm-none-eabi/10.3.1/../../../../arm-none-eabi/lib/thumb/v7e-m+fp/hard/libc.a(lib_a-wctomb_r.o)
 .ARM.attributes
                0x0000000000000f70       0x34 /Applications/ARM/bin/../lib/gcc/arm-none-eabi/10.3.1/../../../../arm-none-eabi/lib/thumb/v7e-m+fp/hard/libc.a(lib_a-abort.o)
 .ARM.attributes
                0x0000000000000fa4       0x32 /Applications/ARM/bin/../lib/gcc/arm-none-eabi/10.3.1/../../../../arm-none-eabi/lib/thumb/v7e-m+fp/hard/libc.a(lib_a-ctype_.o)
 .ARM.attributes
                0x0000000000000fd6       0x34 /Applications/ARM/bin/../lib/gcc/arm-none-eabi/10.3.1/../../../../arm-none-eabi/lib/thumb/v7e-m+fp/hard/libc.a(lib_a-signal.o)
 .ARM.attributes
                0x000000000000100a       0x34 /Applications/ARM/bin/../lib/gcc/arm-none-eabi/10.3.1/../../../../arm-none-eabi/lib/thumb/v7e-m+fp/hard/libc.a(lib_a-signalr.o)
 .ARM.attributes
                0x000000000000103e       0x34 /Applications/ARM/bin/../lib/gcc/arm-none-eabi/10.3.1/../../../../arm-none-eabi/lib/thumb/v7e-m+fp/hard/libnosys.a(close.o)
 .ARM.attributes
                0x0000000000001072       0x34 /Applications/ARM/bin/../lib/gcc/arm-none-eabi/10.3.1/../../../../arm-none-eabi/lib/thumb/v7e-m+fp/hard/libnosys.a(fstat.o)
 .ARM.attributes
                0x00000000000010a6       0x34 /Applications/ARM/bin/../lib/gcc/arm-none-eabi/10.3.1/../../../../arm-none-eabi/lib/thumb/v7e-m+fp/hard/libnosys.a(getpid.o)
 .ARM.attributes
                0x00000000000010da       0x34 /Applications/ARM/bin/../lib/gcc/arm-none-eabi/10.3.1/../../../../arm-none-eabi/lib/thumb/v7e-m+fp/hard/libnosys.a(isatty.o)
 .ARM.attributes
                0x000000000000110e       0x34 /Applications/ARM/bin/../lib/gcc/arm-none-eabi/10.3.1/../../../../arm-none-eabi/lib/thumb/v7e-m+fp/hard/libnosys.a(kill.o)
 .ARM.attributes
                0x0000000000001142       0x34 /Applications/ARM/bin/../lib/gcc/arm-none-eabi/10.3.1/../../../../arm-none-eabi/lib/thumb/v7e-m+fp/hard/libnosys.a(lseek.o)
 .ARM.attributes
                0x0000000000001176       0x34 /Applications/ARM/bin/../lib/gcc/arm-none-eabi/10.3.1/../../../../arm-none-eabi/lib/thumb/v7e-m+fp/hard/libnosys.a(read.o)
 .ARM.attributes
                0x00000000000011aa       0x34 /Applications/ARM/bin/../lib/gcc/arm-none-eabi/10.3.1/../../../../arm-none-eabi/lib/thumb/v7e-m+fp/hard/libnosys.a(sbrk.o)
 .ARM.attributes
                0x00000000000011de       0x34 /Applications/ARM/bin/../lib/gcc/arm-none-eabi/10.3.1/../../../../arm-none-eabi/lib/thumb/v7e-m+fp/hard/libnosys.a(_exit.o)
 .ARM.attributes
                0x0000000000001212       0x1e /Applications/ARM/bin/../lib/gcc/arm-none-eabi/10.3.1/thumb/v7e-m+fp/hard/libgcc.a(_arm_addsubdf3.o)
 .ARM.attributes
                0x0000000000001230       0x1e /Applications/ARM/bin/../lib/gcc/arm-none-eabi/10.3.1/thumb/v7e-m+fp/hard/libgcc.a(_arm_muldivdf3.o)
 .ARM.attributes
                0x000000000000124e       0x1e /Applications/ARM/bin/../lib/gcc/arm-none-eabi/10.3.1/thumb/v7e-m+fp/hard/libgcc.a(_arm_cmpdf2.o)
 .ARM.attributes
                0x000000000000126c       0x1e /Applications/ARM/bin/../lib/gcc/arm-none-eabi/10.3.1/thumb/v7e-m+fp/hard/libgcc.a(_arm_unorddf2.o)
 .ARM.attributes
                0x000000000000128a       0x1e /Applications/ARM/bin/../lib/gcc/arm-none-eabi/10.3.1/thumb/v7e-m+fp/hard/libgcc.a(_arm_fixdfsi.o)
 .ARM.attributes
                0x00000000000012a8       0x1e /Applications/ARM/bin/../lib/gcc/arm-none-eabi/10.3.1/thumb/v7e-m+fp/hard/libgcc.a(_aeabi_uldivmod.o)
 .ARM.attributes
                0x00000000000012c6       0x34 /Applications/ARM/bin/../lib/gcc/arm-none-eabi/10.3.1/thumb/v7e-m+fp/hard/libgcc.a(_udivmoddi4.o)
 .ARM.attributes
                0x00000000000012fa       0x1e /Applications/ARM/bin/../lib/gcc/arm-none-eabi/10.3.1/thumb/v7e-m+fp/hard/libgcc.a(_dvmd_tls.o)
 .ARM.attributes
                0x0000000000001318       0x32 /Applications/ARM/bin/../lib/gcc/arm-none-eabi/10.3.1/thumb/v7e-m+fp/hard/crtend.o
 .ARM.attributes
                0x000000000000134a       0x1e /Applications/ARM/bin/../lib/gcc/arm-none-eabi/10.3.1/thumb/v7e-m+fp/hard/crtn.o

.comment        0x0000000000000000       0x96
 .comment       0x0000000000000000       0x49 obj/Lab7A-Main-c.o
                                         0x4a (size before relaxing)
 .comment       0x0000000000000049       0x4d library.a(initialize.o)
                                         0x4e (size before relaxing)
 .comment       0x0000000000000096       0x4e library.a(stm32f429i_discovery.o)
 .comment       0x0000000000000096       0x4e library.a(stm32f429i_discovery_lcd.o)
 .comment       0x0000000000000096       0x4e library.a(stm32f429i_discovery_sdram.o)
 .comment       0x0000000000000096       0x4e library.a(stm32f4xx_hal.o)
 .comment       0x0000000000000096       0x4e library.a(stm32f4xx_hal_cortex.o)
 .comment       0x0000000000000096       0x4e library.a(stm32f4xx_hal_dma.o)
 .comment       0x0000000000000096       0x4e library.a(stm32f4xx_hal_dma2d.o)
 .comment       0x0000000000000096       0x4e library.a(stm32f4xx_hal_gpio.o)
 .comment       0x0000000000000096       0x4e library.a(stm32f4xx_hal_ltdc.o)
 .comment       0x0000000000000096       0x4e library.a(stm32f4xx_hal_rcc.o)
 .comment       0x0000000000000096       0x4e library.a(stm32f4xx_hal_rcc_ex.o)
 .comment       0x0000000000000096       0x4e library.a(stm32f4xx_hal_sdram.o)
 .comment       0x0000000000000096       0x4e library.a(stm32f4xx_hal_spi.o)
 .comment       0x0000000000000096       0x4e library.a(stm32f4xx_it.o)
 .comment       0x0000000000000096       0x4e library.a(stm32f4xx_ll_fmc.o)
 .comment       0x0000000000000096       0x4e library.a(svcHandler.o)
 .comment       0x0000000000000096       0x4e library.a(system_stm32f4xx.o)
 .comment       0x0000000000000096       0x4e library.a(ili9341.o)

.debug_frame    0x0000000000000000     0x181c
 .debug_frame   0x0000000000000000       0x28 /Applications/ARM/bin/../lib/gcc/arm-none-eabi/10.3.1/../../../../arm-none-eabi/lib/thumb/v7e-m+fp/hard/libc.a(lib_a-exit.o)
 .debug_frame   0x0000000000000028       0x2c /Applications/ARM/bin/../lib/gcc/arm-none-eabi/10.3.1/../../../../arm-none-eabi/lib/thumb/v7e-m+fp/hard/libc.a(lib_a-init.o)
 .debug_frame   0x0000000000000054       0x2c /Applications/ARM/bin/../lib/gcc/arm-none-eabi/10.3.1/../../../../arm-none-eabi/lib/thumb/v7e-m+fp/hard/libc.a(lib_a-memset.o)
 .debug_frame   0x0000000000000080       0x74 /Applications/ARM/bin/../lib/gcc/arm-none-eabi/10.3.1/../../../../arm-none-eabi/lib/thumb/v7e-m+fp/hard/libc.a(lib_a-sprintf.o)
 .debug_frame   0x00000000000000f4       0x20 /Applications/ARM/bin/../lib/gcc/arm-none-eabi/10.3.1/../../../../arm-none-eabi/lib/thumb/v7e-m+fp/hard/libc.a(lib_a-strcpy.o)