Archive member included to satisfy reference by file (symbol)

library.a(initialize.o)       obj/Lab8A-Main-c.o (ClearDisplay)
library.a(stm32f429i_discovery.o)
                              library.a(initialize.o) (BSP_PB_Init)
library.a(stm32f429i_discovery_lcd.o)
                              library.a(initialize.o) (BSP_LCD_LayerDefaultInit)
library.a(stm32f429i_discovery_sdram.o)
                              library.a(stm32f429i_discovery_lcd.o) (BSP_SDRAM_Init)
library.a(stm32f4xx_hal.o)    library.a(initialize.o) (HAL_Init)
library.a(stm32f4xx_hal_cortex.o)
                              library.a(stm32f4xx_hal.o) (HAL_NVIC_SetPriorityGrouping)
library.a(stm32f4xx_hal_dma.o)
                              library.a(stm32f429i_discovery_sdram.o) (HAL_DMA_Init)
library.a(stm32f4xx_hal_dma2d.o)
                              library.a(stm32f429i_discovery_lcd.o) (HAL_DMA2D_Init)
library.a(stm32f4xx_hal_gpio.o)
                              library.a(stm32f429i_discovery.o) (HAL_GPIO_Init)
library.a(stm32f4xx_hal_i2c.o)
                              library.a(stm32f429i_discovery.o) (HAL_I2C_Init)
library.a(stm32f4xx_hal_ltdc.o)
                              library.a(stm32f429i_discovery_lcd.o) (HAL_LTDC_Init)
library.a(stm32f4xx_hal_rcc.o)
                              library.a(initialize.o) (HAL_RCC_OscConfig)
library.a(stm32f4xx_hal_rcc_ex.o)
                              library.a(stm32f429i_discovery_lcd.o) (HAL_RCCEx_PeriphCLKConfig)
library.a(stm32f4xx_hal_sdram.o)
                              library.a(stm32f429i_discovery_sdram.o) (HAL_SDRAM_Init)
library.a(stm32f4xx_hal_spi.o)
                              library.a(stm32f429i_discovery.o) (HAL_SPI_Init)
library.a(stm32f4xx_it.o)     library.a(initialize.o) (IncludeThis)
library.a(stm32f4xx_ll_fmc.o)
                              library.a(stm32f4xx_hal_sdram.o) (FMC_SDRAM_Init)
library.a(svcHandler.o)       library.a(stm32f4xx_it.o) (SVC_Exception)
library.a(system_stm32f4xx.o)
                              library.a(stm32f4xx_hal_rcc.o) (SystemCoreClock)
library.a(touch.o)            obj/Lab8A-Main-c.o (TS_Init)
library.a(startup_stm32f429xx.o)
                              library.a(initialize.o) (Reset_Handler)
library.a(ili9341.o)          library.a(stm32f429i_discovery_lcd.o) (ili9341_drv)
library.a(stm32f429i_discovery_ts.o)
                              library.a(touch.o) (BSP_TS_Init)
library.a(stmpe811.o)         library.a(stm32f429i_discovery_ts.o) (stmpe811_ts_drv)
/Applications/ARM/bin/../lib/gcc/arm-none-eabi/10.3.1/../../../../arm-none-eabi/lib/thumb/v7e-m+fp/hard/libc.a(lib_a-exit.o)
                              /Applications/ARM/bin/../lib/gcc/arm-none-eabi/10.3.1/../../../../arm-none-eabi/lib/thumb/v7e-m+fp/hard/crt0.o (exit)
/Applications/ARM/bin/../lib/gcc/arm-none-eabi/10.3.1/../../../../arm-none-eabi/lib/thumb/v7e-m+fp/hard/libc.a(lib_a-impure.o)
                              /Applications/ARM/bin/../lib/gcc/arm-none-eabi/10.3.1/../../../../arm-none-eabi/lib/thumb/v7e-m+fp/hard/libc.a(lib_a-exit.o) (_global_impure_ptr)
/Applications/ARM/bin/../lib/gcc/arm-none-eabi/10.3.1/../../../../arm-none-eabi/lib/thumb/v7e-m+fp/hard/libc.a(lib_a-init.o)
                              /Applications/ARM/bin/../lib/gcc/arm-none-eabi/10.3.1/../../../../arm-none-eabi/lib/thumb/v7e-m+fp/hard/crt0.o (__libc_init_array)
/Applications/ARM/bin/../lib/gcc/arm-none-eabi/10.3.1/../../../../arm-none-eabi/lib/thumb/v7e-m+fp/hard/libc.a(lib_a-memcpy.o)
                              library.a(svcHandler.o) (memcpy)
/Applications/ARM/bin/../lib/gcc/arm-none-eabi/10.3.1/../../../../arm-none-eabi/lib/thumb/v7e-m+fp/hard/libc.a(lib_a-memset.o)
                              /Applications/ARM/bin/../lib/gcc/arm-none-eabi/10.3.1/../../../../arm-none-eabi/lib/thumb/v7e-m+fp/hard/crt0.o (memset)
/Applications/ARM/bin/../lib/gcc/arm-none-eabi/10.3.1/../../../../arm-none-eabi/lib/thumb/v7e-m+fp/hard/libc.a(lib_a-mktime.o)
                              obj/Lab8A-Main-c.o (mktime)
/Applications/ARM/bin/../lib/gcc/arm-none-eabi/10.3.1/../../../../arm-none-eabi/lib/thumb/v7e-m+fp/hard/libc.a(lib_a-printf.o)
                              library.a(initialize.o) (printf)
/Applications/ARM/bin/../lib/gcc/arm-none-eabi/10.3.1/../../../../arm-none-eabi/lib/thumb/v7e-m+fp/hard/libc.a(lib_a-sprintf.o)
                              obj/Lab8A-Main-c.o (sprintf)
/Applications/ARM/bin/../lib/gcc/arm-none-eabi/10.3.1/../../../../arm-none-eabi/lib/thumb/v7e-m+fp/hard/libc.a(lib_a-sscanf.o)
                              obj/Lab8A-Main-c.o (sscanf)
/Applications/ARM/bin/../lib/gcc/arm-none-eabi/10.3.1/../../../../arm-none-eabi/lib/thumb/v7e-m+fp/hard/libc.a(lib_a-stdio.o)
                              /Applications/ARM/bin/../lib/gcc/arm-none-eabi/10.3.1/../../../../arm-none-eabi/lib/thumb/v7e-m+fp/hard/libc.a(lib_a-sscanf.o) (__seofread)
/Applications/ARM/bin/../lib/gcc/arm-none-eabi/10.3.1/../../../../arm-none-eabi/lib/thumb/v7e-m+fp/hard/libc.a(lib_a-strcmp.o)
[...]
Memory Configuration

Name             Origin             Length             Attributes
ROM              0x0000000008000000 0x0000000000200000 xr
RAM              0x0000000020000000 0x0000000000030000 xrw
CCM              0x0000000010000000 0x0000000000010000 xrw
*default*        0x0000000000000000 0xffffffffffffffff

Linker script and memory map

LOAD /Applications/ARM/bin/../lib/gcc/arm-none-eabi/10.3.1/thumb/v7e-m+fp/hard/crti.o
LOAD /Applications/ARM/bin/../lib/gcc/arm-none-eabi/10.3.1/thumb/v7e-m+fp/hard/crtbegin.o
LOAD /Applications/ARM/bin/../lib/gcc/arm-none-eabi/10.3.1/../../../../arm-none-eabi/lib/thumb/v7e-m+fp/hard/crt0.o
LOAD obj/Lab8A-Main-c.o
LOAD obj/Lab8A-Funcs-s.o
LOAD library.a
LOAD library.a
LOAD /Applications/ARM/bin/../lib/gcc/arm-none-eabi/10.3.1/../../../../arm-none-eabi/lib/thumb/v7e-m+fp/hard/libm.a
LOAD /Applications/ARM/bin/../lib/gcc/arm-none-eabi/10.3.1/../../../../arm-none-eabi/lib/thumb/v7e-m+fp/hard/libc.a
LOAD /Applications/ARM/bin/../lib/gcc/arm-none-eabi/10.3.1/../../../../arm-none-eabi/lib/thumb/v7e-m+fp/hard/libnosys.a
LOAD /Applications/ARM/bin/../lib/gcc/arm-none-eabi/10.3.1/../../../../arm-none-eabi/lib/thumb/v7e-m+fp/hard/libc.a
START GROUP
LOAD /Applications/ARM/bin/../lib/gcc/arm-none-eabi/10.3.1/thumb/v7e-m+fp/hard/libgcc.a
LOAD /Applications/ARM/bin/../lib/gcc/arm-none-eabi/10.3.1/../../../../arm-none-eabi/lib/thumb/v7e-m+fp/hard/libc.a
END GROUP
LOAD /Applications/ARM/bin/../lib/gcc/arm-none-eabi/10.3.1/thumb/v7e-m+fp/hard/crtend.o
LOAD /Applications/ARM/bin/../lib/gcc/arm-none-eabi/10.3.1/thumb/v7e-m+fp/hard/crtn.o

.text           0x0000000008000000    0x171a0
 *(.isr_vector)
 .isr_vector    0x0000000008000000      0x1ac library.a(startup_stm32f429xx.o)
                0x0000000008000000                __isr_vector
 *(.text*)
 .text          0x00000000080001ac       0x40 /Applications/ARM/bin/../lib/gcc/arm-none-eabi/10.3.1/thumb/v7e-m+fp/hard/crtbegin.o
 .text          0x00000000080001ec       0x7c /Applications/ARM/bin/../lib/gcc/arm-none-eabi/10.3.1/../../../../arm-none-eabi/lib/thumb/v7e-m+fp/hard/crt0.o
                0x00000000080001ec                _stack_init
                0x00000000080001f4                _mainCRTStartup
                0x00000000080001f4                _start
 .text.main     0x0000000008000268      0x18c obj/Lab8A-Main-c.o
                0x0000000008000268                main
 .text.Month    0x00000000080003f4       0x10 obj/Lab8A-Main-c.o
 .text.InitializeTouchScreen
                0x0000000008000404       0x30 obj/Lab8A-Main-c.o
 .text.Number   0x0000000008000434       0x1c obj/Lab8A-Main-c.o
 .text.DisplayAdjusts
                0x0000000008000450      0x138 obj/Lab8A-Main-c.o
 .text.SetupAdjusts
                0x0000000008000588       0xdc obj/Lab8A-Main-c.o
 .text.DisplayCycles
                0x0000000008000664       0x60 obj/Lab8A-Main-c.o
 .text.Error    0x00000000080006c4       0xf4 obj/Lab8A-Main-c.o
 .text.SanityCheck
                0x00000000080007b8       0x84 obj/Lab8A-Main-c.o
 .text.InitializeDate
                0x000000000800083c       0xf8 obj/Lab8A-Main-c.o
 .text.DisplayWeekday
                0x0000000008000934       0xf8 obj/Lab8A-Main-c.o
 .text.Delay    0x0000000008000a2c       0x20 obj/Lab8A-Main-c.o
 .text.Adjusted
                0x0000000008000a4c      0x108 obj/Lab8A-Main-c.o
 .text          0x0000000008000b54       0xc0 obj/Lab8A-Funcs-s.o
                0x0000000008000b54                Zeller1
                0x0000000008000b8c                Zeller2
                0x0000000008000bc8                Zeller3
 .text.TextRows
                0x0000000008000c14       0x12 library.a(initialize.o)
 *fill*         0x0000000008000c26        0x2 
 .text.ClearDisplay
                0x0000000008000c28       0x34 library.a(initialize.o)
                0x0000000008000c28                ClearDisplay
 .text.DisplayHeader
                0x0000000008000c5c       0x7c library.a(initialize.o)
                0x0000000008000c5c                DisplayHeader
 .text.DisplayFooter
                0x0000000008000cd8       0x58 library.a(initialize.o)
                0x0000000008000cd8                DisplayFooter
 .text._write   0x0000000008000d30      0x104 library.a(initialize.o)
                0x0000000008000d30                _write
 .text.InitializeHardware
                0x0000000008000e34      0x124 library.a(initialize.o)
                0x0000000008000e34                InitializeHardware
 .text.WaitForPushButton
                0x0000000008000f58       0x18 library.a(initialize.o)
                0x0000000008000f58                WaitForPushButton
 .text.GetClockCycleCount
                0x0000000008000f70        0xc library.a(initialize.o)
                0x0000000008000f70                GetClockCycleCount
 .text.CountCycles
                0x0000000008000f7c       0x38 library.a(initialize.o)
                0x0000000008000f7c                CountCycles
 .text.CallReturnOverhead
                0x0000000008000fb4        0x2 library.a(initialize.o)
                0x0000000008000fb4                CallReturnOverhead
 *fill*         0x0000000008000fb6        0x2 
 .text.SPIx_Init
                0x0000000008000fb8       0x98 library.a(stm32f429i_discovery.o)
 .text.SPIx_Write
                0x0000000008001050       0x30 library.a(stm32f429i_discovery.o)
 .text.I2Cx_Init
                0x0000000008001080       0xe8 library.a(stm32f429i_discovery.o)
 .text.I2Cx_Error
                0x0000000008001168       0x14 library.a(stm32f429i_discovery.o)
 .text.BSP_PB_Init
                0x000000000800117c       0x70 library.a(stm32f429i_discovery.o)
                0x000000000800117c                BSP_PB_Init
 .text.BSP_PB_GetState
                0x00000000080011ec       0x14 library.a(stm32f429i_discovery.o)
                0x00000000080011ec                BSP_PB_GetState
 .text.LCD_IO_Init
                0x0000000008001200       0xb0 library.a(stm32f429i_discovery.o)
                0x0000000008001200                LCD_IO_Init
 .text.LCD_IO_WriteData
                0x00000000080012b0       0x38 library.a(stm32f429i_discovery.o)
                0x00000000080012b0                LCD_IO_WriteData
 .text.LCD_IO_WriteReg
                0x00000000080012e8       0x38 library.a(stm32f429i_discovery.o)
                0x00000000080012e8                LCD_IO_WriteReg
 .text.LCD_IO_ReadData
                0x0000000008001320       0x6c library.a(stm32f429i_discovery.o)
                0x0000000008001320                LCD_IO_ReadData
 .text.LCD_Delay
                0x000000000800138c        0x4 library.a(stm32f429i_discovery.o)
                0x000000000800138c                LCD_Delay
 .text.IOE_Init
                0x0000000008001390        0x4 library.a(stm32f429i_discovery.o)
                0x0000000008001390                IOE_Init
 .text.IOE_ITConfig
                0x0000000008001394       0x54 library.a(stm32f429i_discovery.o)
                0x0000000008001394                IOE_ITConfig
 .text.IOE_Write
                0x00000000080013e8       0x34 library.a(stm32f429i_discovery.o)
                0x00000000080013e8                IOE_Write
 .text.IOE_Read
                0x000000000800141c       0x3c library.a(stm32f429i_discovery.o)
                0x000000000800141c                IOE_Read
 .text.IOE_ReadMultiple
                0x0000000008001458       0x30 library.a(stm32f429i_discovery.o)
                0x0000000008001458                IOE_ReadMultiple
 .text.IOE_Delay
                0x0000000008001488        0x4 library.a(stm32f429i_discovery.o)
                0x0000000008001488                IOE_Delay
 .text.FillBuffer
                0x000000000800148c       0x64 library.a(stm32f429i_discovery_lcd.o)
 .text.BSP_LCD_GetXSize
                0x00000000080014f0       0x10 library.a(stm32f429i_discovery_lcd.o)
                0x00000000080014f0                BSP_LCD_GetXSize
 .text.BSP_LCD_GetYSize
                0x0000000008001500       0x10 library.a(stm32f429i_discovery_lcd.o)
                0x0000000008001500                BSP_LCD_GetYSize
 .text.BSP_LCD_LayerDefaultInit
                0x0000000008001510       0x7c library.a(stm32f429i_discovery_lcd.o)
                0x0000000008001510                BSP_LCD_LayerDefaultInit
 .text.BSP_LCD_SelectLayer
                0x000000000800158c        0xc library.a(stm32f429i_discovery_lcd.o)
                0x000000000800158c                BSP_LCD_SelectLayer
 .text.BSP_LCD_GetTextColor
                0x0000000008001598       0x18 library.a(stm32f429i_discovery_lcd.o)
                0x0000000008001598                BSP_LCD_GetTextColor
 .text.BSP_LCD_GetBackColor
                0x00000000080015b0       0x18 library.a(stm32f429i_discovery_lcd.o)
                0x00000000080015b0                BSP_LCD_GetBackColor
 .text.BSP_LCD_SetTextColor
                0x00000000080015c8       0x18 library.a(stm32f429i_discovery_lcd.o)
                0x00000000080015c8                BSP_LCD_SetTextColor
 .text.BSP_LCD_SetBackColor
                0x00000000080015e0       0x18 library.a(stm32f429i_discovery_lcd.o)
                0x00000000080015e0                BSP_LCD_SetBackColor
 .text.BSP_LCD_SetFont
                0x00000000080015f8       0x18 library.a(stm32f429i_discovery_lcd.o)
                0x00000000080015f8                BSP_LCD_SetFont
 .text.BSP_LCD_Init
                0x0000000008001610      0x1bc library.a(stm32f429i_discovery_lcd.o)
                0x0000000008001610                BSP_LCD_Init
 .text.BSP_LCD_GetFont
                0x00000000080017cc       0x18 library.a(stm32f429i_discovery_lcd.o)
                0x00000000080017cc                BSP_LCD_GetFont
 .text.BSP_LCD_Clear
                0x00000000080017e4       0x40 library.a(stm32f429i_discovery_lcd.o)
                0x00000000080017e4                BSP_LCD_Clear
 .text.BSP_LCD_DrawHLine
                0x0000000008001824       0x50 library.a(stm32f429i_discovery_lcd.o)
                0x0000000008001824                BSP_LCD_DrawHLine
 .text.BSP_LCD_DrawVLine
                0x0000000008001874       0x5c library.a(stm32f429i_discovery_lcd.o)
                0x0000000008001874                BSP_LCD_DrawVLine
 .text.BSP_LCD_DrawRect
                0x00000000080018d0       0x34 library.a(stm32f429i_discovery_lcd.o)
                0x00000000080018d0                BSP_LCD_DrawRect
 .text.BSP_LCD_FillRect
                0x0000000008001904       0x74 library.a(stm32f429i_discovery_lcd.o)
                0x0000000008001904                BSP_LCD_FillRect
 .text.BSP_LCD_DisplayOn
                0x0000000008001978       0x10 library.a(stm32f429i_discovery_lcd.o)
                0x0000000008001978                BSP_LCD_DisplayOn
 .text.BSP_LCD_DrawPixel
                0x0000000008001988       0x2c library.a(stm32f429i_discovery_lcd.o)
                0x0000000008001988                BSP_LCD_DrawPixel
 .text.BSP_LCD_DisplayChar
                0x00000000080019b4       0xd4 library.a(stm32f429i_discovery_lcd.o)
                0x00000000080019b4                BSP_LCD_DisplayChar
 .text.BSP_LCD_DisplayStringAt
                0x0000000008001a88       0x9c library.a(stm32f429i_discovery_lcd.o)
                0x0000000008001a88                BSP_LCD_DisplayStringAt
 .text.BSP_SDRAM_Initialization_sequence
                0x0000000008001b24       0x94 library.a(stm32f429i_discovery_sdram.o)
                0x0000000008001b24                BSP_SDRAM_Initialization_sequence
 .text.BSP_SDRAM_Init
                0x0000000008001bb8      0x1c8 library.a(stm32f429i_discovery_sdram.o)
                0x0000000008001bb8                BSP_SDRAM_Init
 .text.HAL_MspInit
                0x0000000008001d80        0x2 library.a(stm32f4xx_hal.o)
                0x0000000008001d80                HAL_MspInit
 .text.HAL_InitTick
                0x0000000008001d82       0x28 library.a(stm32f4xx_hal.o)
                0x0000000008001d82                HAL_InitTick
 *fill*         0x0000000008001daa        0x2 
 .text.HAL_Init
                0x0000000008001dac       0x34 library.a(stm32f4xx_hal.o)
                0x0000000008001dac                HAL_Init
 .text.HAL_IncTick
                0x0000000008001de0       0x10 library.a(stm32f4xx_hal.o)
                0x0000000008001de0                HAL_IncTick
 .text.HAL_GetTick
                0x0000000008001df0        0xc library.a(stm32f4xx_hal.o)
                0x0000000008001df0                HAL_GetTick
 .text.HAL_Delay
                0x0000000008001dfc       0x1a library.a(stm32f4xx_hal.o)
                0x0000000008001dfc                HAL_Delay
 *fill*         0x0000000008001e16        0x2 
 .text.HAL_NVIC_SetPriorityGrouping
                0x0000000008001e18       0x24 library.a(stm32f4xx_hal_cortex.o)
                0x0000000008001e18                HAL_NVIC_SetPriorityGrouping
 .text.HAL_NVIC_SetPriority
                0x0000000008001e3c       0x68 library.a(stm32f4xx_hal_cortex.o)
                0x0000000008001e3c                HAL_NVIC_SetPriority
 .text.HAL_NVIC_EnableIRQ
                0x0000000008001ea4       0x18 library.a(stm32f4xx_hal_cortex.o)
                0x0000000008001ea4                HAL_NVIC_EnableIRQ
 .text.HAL_SYSTICK_Config
                0x0000000008001ebc       0x28 library.a(stm32f4xx_hal_cortex.o)
                0x0000000008001ebc                HAL_SYSTICK_Config
 .text.HAL_DMA_Init
                0x0000000008001ee4       0x78 library.a(stm32f4xx_hal_dma.o)
                0x0000000008001ee4                HAL_DMA_Init
 .text.HAL_DMA_DeInit
                0x0000000008001f5c      0xacc library.a(stm32f4xx_hal_dma.o)
                0x0000000008001f5c                HAL_DMA_DeInit
 .text.DMA2D_SetConfig
                0x0000000008002a28       0x80 library.a(stm32f4xx_hal_dma2d.o)
 .text.HAL_DMA2D_MspInit
                0x0000000008002aa8        0x2 library.a(stm32f4xx_hal_dma2d.o)
                0x0000000008002aa8                HAL_DMA2D_MspInit
 .text.HAL_DMA2D_Init
                0x0000000008002aaa       0x5c library.a(stm32f4xx_hal_dma2d.o)
                0x0000000008002aaa                HAL_DMA2D_Init
 .text.HAL_DMA2D_Start
                0x0000000008002b06       0x40 library.a(stm32f4xx_hal_dma2d.o)
                0x0000000008002b06                HAL_DMA2D_Start
 .text.HAL_DMA2D_PollForTransfer
                0x0000000008002b46       0xc4 library.a(stm32f4xx_hal_dma2d.o)
                0x0000000008002b46                HAL_DMA2D_PollForTransfer
 *fill*         0x0000000008002c0a        0x2 
 .text.HAL_DMA2D_ConfigLayer
                0x0000000008002c0c       0xd8 library.a(stm32f4xx_hal_dma2d.o)
                0x0000000008002c0c                HAL_DMA2D_ConfigLayer
 .text.HAL_GPIO_Init
                0x0000000008002ce4      0x1d8 library.a(stm32f4xx_hal_gpio.o)
                0x0000000008002ce4                HAL_GPIO_Init
 .text.HAL_GPIO_ReadPin
                0x0000000008002ebc        0xc library.a(stm32f4xx_hal_gpio.o)
                0x0000000008002ebc                HAL_GPIO_ReadPin
 .text.HAL_GPIO_WritePin
                0x0000000008002ec8        0xa library.a(stm32f4xx_hal_gpio.o)
                0x0000000008002ec8                HAL_GPIO_WritePin
 .text.I2C_WaitOnMasterAddressFlagUntilTimeout
                0x0000000008002ed2       0x66 library.a(stm32f4xx_hal_i2c.o)
 .text.I2C_WaitOnFlagUntilTimeout
                0x0000000008002f38       0x90 library.a(stm32f4xx_hal_i2c.o)
 .text.I2C_RequestMemoryWrite
                0x0000000008002fc8       0x98 library.a(stm32f4xx_hal_i2c.o)
 .text.I2C_RequestMemoryRead
                0x0000000008003060       0xe8 library.a(stm32f4xx_hal_i2c.o)
 .text.HAL_I2C_MspInit
                0x0000000008003148        0x2 library.a(stm32f4xx_hal_i2c.o)
                0x0000000008003148                HAL_I2C_MspInit
 *fill*         0x000000000800314a        0x2 
 .text.HAL_I2C_Init
                0x000000000800314c       0xe0 library.a(stm32f4xx_hal_i2c.o)
                0x000000000800314c                HAL_I2C_Init
 .text.HAL_I2C_MspDeInit
                0x000000000800322c        0x2 library.a(stm32f4xx_hal_i2c.o)
                0x000000000800322c                HAL_I2C_MspDeInit
 .text.HAL_I2C_DeInit
                0x000000000800322e       0x2c library.a(stm32f4xx_hal_i2c.o)
                0x000000000800322e                HAL_I2C_DeInit
 *fill*         0x000000000800325a        0x2 
 .text.HAL_I2C_Mem_Write
                0x000000000800325c       0xe8 library.a(stm32f4xx_hal_i2c.o)
                0x000000000800325c                HAL_I2C_Mem_Write
 .text.HAL_I2C_Mem_Read
                0x0000000008003344      0x1bc library.a(stm32f4xx_hal_i2c.o)
                0x0000000008003344                HAL_I2C_Mem_Read
 .text.HAL_I2C_GetState
                0x0000000008003500        0x6 library.a(stm32f4xx_hal_i2c.o)
                0x0000000008003500                HAL_I2C_GetState
 .text.LTDC_SetConfig
                0x0000000008003506      0x148 library.a(stm32f4xx_hal_ltdc.o)
 .text.HAL_LTDC_MspInit
                0x000000000800364e        0x2 library.a(stm32f4xx_hal_ltdc.o)
                0x000000000800364e                HAL_LTDC_MspInit
 .text.HAL_LTDC_Init
                0x0000000008003650       0xfc library.a(stm32f4xx_hal_ltdc.o)
                0x0000000008003650                HAL_LTDC_Init
 .text.HAL_LTDC_ConfigLayer
                0x000000000800374c       0x5c library.a(stm32f4xx_hal_ltdc.o)
                0x000000000800374c                HAL_LTDC_ConfigLayer
 .text.HAL_LTDC_EnableDither
                0x00000000080037a8       0x34 library.a(stm32f4xx_hal_ltdc.o)
                0x00000000080037a8                HAL_LTDC_EnableDither
 .text.HAL_RCC_OscConfig
                0x00000000080037dc      0x330 library.a(stm32f4xx_hal_rcc.o)
                0x00000000080037dc                HAL_RCC_OscConfig
 .text.HAL_RCC_ClockConfig
                0x0000000008003b0c      0x1f8 library.a(stm32f4xx_hal_rcc.o)
                0x0000000008003b0c                HAL_RCC_ClockConfig
 .text.HAL_RCC_GetSysClockFreq
                0x0000000008003d04       0x78 library.a(stm32f4xx_hal_rcc.o)
                0x0000000008003d04                HAL_RCC_GetSysClockFreq
 .text.HAL_RCC_GetHCLKFreq
                0x0000000008003d7c       0x38 library.a(stm32f4xx_hal_rcc.o)
                0x0000000008003d7c                HAL_RCC_GetHCLKFreq
 .text.HAL_RCC_GetPCLK1Freq
                0x0000000008003db4       0x30 library.a(stm32f4xx_hal_rcc.o)
                0x0000000008003db4                HAL_RCC_GetPCLK1Freq
 .text.HAL_RCCEx_PeriphCLKConfig
                0x0000000008003de4      0x2dc library.a(stm32f4xx_hal_rcc_ex.o)
                0x0000000008003de4                HAL_RCCEx_PeriphCLKConfig
 .text.HAL_SDRAM_MspInit
                0x00000000080040c0        0x2 library.a(stm32f4xx_hal_sdram.o)
                0x00000000080040c0                HAL_SDRAM_MspInit
 .text.HAL_SDRAM_Init
                0x00000000080040c2       0x40 library.a(stm32f4xx_hal_sdram.o)
                0x00000000080040c2                HAL_SDRAM_Init
 .text.HAL_SDRAM_SendCommand
                0x0000000008004102       0x2e library.a(stm32f4xx_hal_sdram.o)
                0x0000000008004102                HAL_SDRAM_SendCommand
 .text.HAL_SDRAM_ProgramRefreshRate
                0x0000000008004130       0x24 library.a(stm32f4xx_hal_sdram.o)
                0x0000000008004130                HAL_SDRAM_ProgramRefreshRate
 .text.SPI_WaitOnFlagUntilTimeout
                0x0000000008004154       0x94 library.a(stm32f4xx_hal_spi.o)
 .text.HAL_SPI_MspInit
                0x00000000080041e8        0x2 library.a(stm32f4xx_hal_spi.o)
                0x00000000080041e8                HAL_SPI_MspInit
 .text.HAL_SPI_Init
                0x00000000080041ea       0x82 library.a(stm32f4xx_hal_spi.o)
                0x00000000080041ea                HAL_SPI_Init
 .text.HAL_SPI_MspDeInit
                0x000000000800426c        0x2 library.a(stm32f4xx_hal_spi.o)
                0x000000000800426c                HAL_SPI_MspDeInit
 .text.HAL_SPI_DeInit
                0x000000000800426e       0x26 library.a(stm32f4xx_hal_spi.o)
                0x000000000800426e                HAL_SPI_DeInit
 .text.HAL_SPI_Transmit
                0x0000000008004294      0x164 library.a(stm32f4xx_hal_spi.o)
                0x0000000008004294                HAL_SPI_Transmit
 .text.HAL_SPI_TransmitReceive
                0x00000000080043f8      0x2c2 library.a(stm32f4xx_hal_spi.o)
                0x00000000080043f8                HAL_SPI_TransmitReceive
 .text.HAL_SPI_Receive
                0x00000000080046ba      0x1d2 library.a(stm32f4xx_hal_spi.o)
                0x00000000080046ba                HAL_SPI_Receive
 .text.HAL_SPI_GetState
                0x000000000800488c        0x6 library.a(stm32f4xx_hal_spi.o)
                0x000000000800488c                HAL_SPI_GetState
 .text.NMI_Handler
                0x0000000008004892        0x2 library.a(stm32f4xx_it.o)
                0x0000000008004892                NMI_Handler
 .text.SVC_Handler
                0x0000000008004894       0x20 library.a(stm32f4xx_it.o)
                0x0000000008004894                SVC_Handler
 .text.DebugMon_Handler
                0x00000000080048b4        0x2 library.a(stm32f4xx_it.o)
                0x00000000080048b4                DebugMon_Handler
 .text.PendSV_Handler
                0x00000000080048b6        0x2 library.a(stm32f4xx_it.o)
                0x00000000080048b6                PendSV_Handler
 .text.SysTick_Handler
                0x00000000080048b8        0x4 library.a(stm32f4xx_it.o)
                0x00000000080048b8                SysTick_Handler
 .text.FMC_SDRAM_Init
                0x00000000080048bc       0x6c library.a(stm32f4xx_ll_fmc.o)
                0x00000000080048bc                FMC_SDRAM_Init
 .text.FMC_SDRAM_Timing_Init
                0x0000000008004928       0x70 library.a(stm32f4xx_ll_fmc.o)
                0x0000000008004928                FMC_SDRAM_Timing_Init
 .text.FMC_SDRAM_SendCommand
                0x0000000008004998       0x50 library.a(stm32f4xx_ll_fmc.o)
                0x0000000008004998                FMC_SDRAM_SendCommand
 .text.FMC_SDRAM_ProgramRefreshRate
                0x00000000080049e8        0xc library.a(stm32f4xx_ll_fmc.o)
                0x00000000080049e8                FMC_SDRAM_ProgramRefreshRate
 .text.SVC_Label
                0x00000000080049f4       0x58 library.a(svcHandler.o)
 .text.Preserve
                0x0000000008004a4c       0xa8 library.a(svcHandler.o)
 .text.HardStopHandler
                0x0000000008004af4       0x94 library.a(svcHandler.o)
 .text.Restore  0x0000000008004b88       0x5c library.a(svcHandler.o)
 .text.FlPtRegs
                0x0000000008004be4       0xa4 library.a(svcHandler.o)
 .text._MemManageHandler
                0x0000000008004c88       0x10 library.a(svcHandler.o)
                0x0000000008004c88                _MemManageHandler
 .text.MemManage_Handler
                0x0000000008004c98        0xc library.a(svcHandler.o)
                0x0000000008004c98                MemManage_Handler
 .text._BusFault_Handler
                0x0000000008004ca4       0x10 library.a(svcHandler.o)
                0x0000000008004ca4                _BusFault_Handler
 .text.BusFault_Handler
                0x0000000008004cb4        0xc library.a(svcHandler.o)
                0x0000000008004cb4                BusFault_Handler
 .text._HardFault_Handler
                0x0000000008004cc0       0x10 library.a(svcHandler.o)
                0x0000000008004cc0                _HardFault_Handler
 .text.HardFault_Handler
                0x0000000008004cd0        0xc library.a(svcHandler.o)
                0x0000000008004cd0                HardFault_Handler
 .text._UsageFault_Handler
                0x0000000008004cdc       0x38 library.a(svcHandler.o)
                0x0000000008004cdc                _UsageFault_Handler
 .text.UsageFault_Handler
                0x0000000008004d14        0xc library.a(svcHandler.o)
                0x0000000008004d14                UsageFault_Handler
 .text.SVC_Exception
                0x0000000008004d20       0xd8 library.a(svcHandler.o)
                0x0000000008004d20                SVC_Exception
 .text.SystemInit
                0x0000000008004df8       0x4c library.a(system_stm32f4xx.o)
                0x0000000008004df8                SystemInit
 .text.TS_Init  0x0000000008004e44       0x2c library.a(touch.o)
                0x0000000008004e44                TS_Init
 .text.TS_Touched
                0x0000000008004e70       0x30 library.a(touch.o)
                0x0000000008004e70                TS_Touched
 .text.TS_GetX  0x0000000008004ea0        0xc library.a(touch.o)
                0x0000000008004ea0                TS_GetX
 .text.TS_GetY  0x0000000008004eac        0xc library.a(touch.o)
                0x0000000008004eac                TS_GetY
 .text          0x0000000008004eb8      0x118 library.a(startup_stm32f429xx.o)
                0x0000000008004eb8                Reset_Handler
                0x0000000008004f10                Default_Handler
                0x0000000008004f12                WWDG_IRQHandler
                0x0000000008004f14                PVD_IRQHandler
                0x0000000008004f16                TAMP_STAMP_IRQHandler
                0x0000000008004f18                RTC_WKUP_IRQHandler
                0x0000000008004f1a                FLASH_IRQHandler
                0x0000000008004f1c                RCC_IRQHandler
                0x0000000008004f1e                EXTI0_IRQHandler
                0x0000000008004f20                EXTI1_IRQHandler
                0x0000000008004f22                EXTI2_IRQHandler
                0x0000000008004f24                EXTI3_IRQHandler
                0x0000000008004f26                EXTI4_IRQHandler
                0x0000000008004f28                DMA1_Stream0_IRQHandler
                0x0000000008004f2a                DMA1_Stream1_IRQHandler
                0x0000000008004f2c                DMA1_Stream2_IRQHandler
                0x0000000008004f2e                DMA1_Stream3_IRQHandler
                0x0000000008004f30                DMA1_Stream4_IRQHandler
                0x0000000008004f32                DMA1_Stream5_IRQHandler
                0x0000000008004f34                DMA1_Stream6_IRQHandler
                0x0000000008004f36                ADC_IRQHandler
                0x0000000008004f38                CAN1_TX_IRQHandler
                0x0000000008004f3a                CAN1_RX0_IRQHandler
                0x0000000008004f3c                CAN1_RX1_IRQHandler
                0x0000000008004f3e                CAN1_SCE_IRQHandler
                0x0000000008004f40                EXTI9_5_IRQHandler
                0x0000000008004f42                TIM1_BRK_TIM9_IRQHandler
                0x0000000008004f44                TIM1_UP_TIM10_IRQHandler
                0x0000000008004f46                TIM1_TRG_COM_TIM11_IRQHandler
                0x0000000008004f48                TIM1_CC_IRQHandler
                0x0000000008004f4a                TIM2_IRQHandler
                0x0000000008004f4c                TIM3_IRQHandler
                0x0000000008004f4e                TIM4_IRQHandler
                0x0000000008004f50                I2C1_EV_IRQHandler
                0x0000000008004f52                I2C1_ER_IRQHandler
                0x0000000008004f54                I2C2_EV_IRQHandler
                0x0000000008004f56                I2C2_ER_IRQHandler
                0x0000000008004f58                SPI1_IRQHandler
                0x0000000008004f5a                SPI2_IRQHandler
                0x0000000008004f5c                USART1_IRQHandler
                0x0000000008004f5e                USART2_IRQHandler
                0x0000000008004f60                USART3_IRQHandler
                0x0000000008004f62                EXTI15_10_IRQHandler
                0x0000000008004f64                RTC_Alarm_IRQHandler
                0x0000000008004f66                OTG_FS_WKUP_IRQHandler
                0x0000000008004f68                TIM8_BRK_TIM12_IRQHandler
                0x0000000008004f6a                TIM8_UP_TIM13_IRQHandler
                0x0000000008004f6c                TIM8_TRG_COM_TIM14_IRQHandler
                0x0000000008004f6e                TIM8_CC_IRQHandler
                0x0000000008004f70                DMA1_Stream7_IRQHandler
                0x0000000008004f72                FSMC_IRQHandler
                0x0000000008004f74                SDIO_IRQHandler
                0x0000000008004f76                TIM5_IRQHandler
                0x0000000008004f78                SPI3_IRQHandler
                0x0000000008004f7a                UART4_IRQHandler
                0x0000000008004f7c                UART5_IRQHandler
                0x0000000008004f7e                TIM6_DAC_IRQHandler
                0x0000000008004f80                TIM7_IRQHandler
                0x0000000008004f82                DMA2_Stream0_IRQHandler
                0x0000000008004f84                DMA2_Stream1_IRQHandler
                0x0000000008004f86                DMA2_Stream2_IRQHandler
                0x0000000008004f88                DMA2_Stream3_IRQHandler
                0x0000000008004f8a                DMA2_Stream4_IRQHandler
                0x0000000008004f8c                ETH_IRQHandler
                0x0000000008004f8e                ETH_WKUP_IRQHandler
                0x0000000008004f90                CAN2_TX_IRQHandler
                0x0000000008004f92                CAN2_RX0_IRQHandler
                0x0000000008004f94                CAN2_RX1_IRQHandler
                0x0000000008004f96                CAN2_SCE_IRQHandler
                0x0000000008004f98                OTG_FS_IRQHandler
                0x0000000008004f9a                DMA2_Stream5_IRQHandler
                0x0000000008004f9c                DMA2_Stream6_IRQHandler
                0x0000000008004f9e                DMA2_Stream7_IRQHandler
                0x0000000008004fa0                USART6_IRQHandler
                0x0000000008004fa2                I2C3_EV_IRQHandler
                0x0000000008004fa4                I2C3_ER_IRQHandler
                0x0000000008004fa6                OTG_HS_EP1_OUT_IRQHandler
                0x0000000008004fa8                OTG_HS_EP1_IN_IRQHandler
                0x0000000008004faa                OTG_HS_WKUP_IRQHandler
                0x0000000008004fac                OTG_HS_IRQHandler
                0x0000000008004fae                DCMI_IRQHandler
                0x0000000008004fb0                CRYP_IRQHandler
                0x0000000008004fb2                HASH_RNG_IRQHandler
                0x0000000008004fb4                FPU_IRQHandler
                0x0000000008004fb6                UART7_IRQHandler
                0x0000000008004fb8                UART8_IRQHandler
                0x0000000008004fba                SPI4_IRQHandler
                0x0000000008004fbc                SPI5_IRQHandler
                0x0000000008004fbe                SPI6_IRQHandler
                0x0000000008004fc0                SAI1_IRQHandler
                0x0000000008004fc2                LTDC_IRQHandler
                0x0000000008004fc4                LTDC_ER_IRQHandler
                0x0000000008004fc6                DMA2D_IRQHandler
 .text.ili9341_GetLcdPixelWidth
                0x0000000008004fd0        0x4 library.a(ili9341.o)
                0x0000000008004fd0                ili9341_GetLcdPixelWidth
 .text.ili9341_GetLcdPixelHeight
                0x0000000008004fd4        0x6 library.a(ili9341.o)
                0x0000000008004fd4                ili9341_GetLcdPixelHeight
 .text.ili9341_DisplayOn
                0x0000000008004fda        0x6 library.a(ili9341.o)
                0x0000000008004fda                ili9341_DisplayOn
 .text.ili9341_DisplayOff
                0x0000000008004fe0        0x6 library.a(ili9341.o)
                0x0000000008004fe0                ili9341_DisplayOff
 .text.ili9341_Init
                0x0000000008004fe6      0x292 library.a(ili9341.o)
                0x0000000008004fe6                ili9341_Init
 .text.ili9341_ReadID
                0x0000000008005278       0x12 library.a(ili9341.o)
                0x0000000008005278                ili9341_ReadID
 .text.ili9341_ReadData
                0x000000000800528a        0x4 library.a(ili9341.o)
                0x000000000800528a                ili9341_ReadData
 *fill*         0x000000000800528e        0x2 
 .text.BSP_TS_Init
                0x0000000008005290       0x44 library.a(stm32f429i_discovery_ts.o)
                0x0000000008005290                BSP_TS_Init
 .text.BSP_TS_GetState
                0x00000000080052d4      0x124 library.a(stm32f429i_discovery_ts.o)
                0x00000000080052d4                BSP_TS_GetState
 .text.stmpe811_Reset
                0x00000000080053f8       0x28 library.a(stmpe811.o)
                0x00000000080053f8                stmpe811_Reset
 .text.stmpe811_ReadID
                0x0000000008005420       0x24 library.a(stmpe811.o)
                0x0000000008005420                stmpe811_ReadID
 .text.stmpe811_TS_DetectTouch
                0x0000000008005444       0x38 library.a(stmpe811.o)
                0x0000000008005444                stmpe811_TS_DetectTouch
 .text.stmpe811_TS_GetXY
                0x000000000800547c       0x3c library.a(stmpe811.o)
                0x000000000800547c                stmpe811_TS_GetXY
 .text.stmpe811_Init
                0x00000000080054b8       0x30 library.a(stmpe811.o)
                0x00000000080054b8                stmpe811_Init
 .text.stmpe811_EnableGlobalIT
                0x00000000080054e8       0x1e library.a(stmpe811.o)
                0x00000000080054e8                stmpe811_EnableGlobalIT
 .text.stmpe811_DisableGlobalIT
                0x0000000008005506       0x1c library.a(stmpe811.o)
                0x0000000008005506                stmpe811_DisableGlobalIT
 .text.stmpe811_EnableITSource
                0x0000000008005522       0x1e library.a(stmpe811.o)
                0x0000000008005522                stmpe811_EnableITSource
 .text.stmpe811_TS_EnableIT
                0x0000000008005540       0x1c library.a(stmpe811.o)
                0x0000000008005540                stmpe811_TS_EnableIT
 .text.stmpe811_DisableITSource
                0x000000000800555c       0x20 library.a(stmpe811.o)
                0x000000000800555c                stmpe811_DisableITSource
 .text.stmpe811_TS_DisableIT
                0x000000000800557c       0x14 library.a(stmpe811.o)
                0x000000000800557c                stmpe811_TS_DisableIT
 .text.stmpe811_ReadGITStatus
                0x0000000008005590       0x10 library.a(stmpe811.o)
                0x0000000008005590                stmpe811_ReadGITStatus
 .text.stmpe811_TS_ITStatus
                0x00000000080055a0        0x6 library.a(stmpe811.o)
                0x00000000080055a0                stmpe811_TS_ITStatus
 .text.stmpe811_ClearGlobalIT
                0x00000000080055a6        0xa library.a(stmpe811.o)
                0x00000000080055a6                stmpe811_ClearGlobalIT
 .text.stmpe811_TS_ClearIT
                0x00000000080055b0        0x6 library.a(stmpe811.o)
                0x00000000080055b0                stmpe811_TS_ClearIT
 .text.stmpe811_IO_EnableAF
                0x00000000080055b6       0x20 library.a(stmpe811.o)
                0x00000000080055b6                stmpe811_IO_EnableAF
 .text.stmpe811_TS_Start
                0x00000000080055d6       0xa4 library.a(stmpe811.o)
                0x00000000080055d6                stmpe811_TS_Start
 *fill*         0x000000000800567a        0x2 
 .text.exit     0x000000000800567c       0x20 /Applications/ARM/bin/../lib/gcc/arm-none-eabi/10.3.1/../../../../arm-none-eabi/lib/thumb/v7e-m+fp/hard/libc.a(lib_a-exit.o)
                0x000000000800567c                exit
 .text.__libc_init_array
                0x000000000800569c       0x48 /Applications/ARM/bin/../lib/gcc/arm-none-eabi/10.3.1/../../../../arm-none-eabi/lib/thumb/v7e-m+fp/hard/libc.a(lib_a-init.o)
                0x000000000800569c                __libc_init_array
 .text          0x00000000080056e4      0x134 /Applications/ARM/bin/../lib/gcc/arm-none-eabi/10.3.1/../../../../arm-none-eabi/lib/thumb/v7e-m+fp/hard/libc.a(lib_a-memcpy.o)
                0x00000000080056e4                memcpy
 .text.memset   0x0000000008005818       0xa4 /Applications/ARM/bin/../lib/gcc/arm-none-eabi/10.3.1/../../../../arm-none-eabi/lib/thumb/v7e-m+fp/hard/libc.a(lib_a-memset.o)
                0x0000000008005818                memset
 .text.validate_structure
                0x00000000080058bc      0x204 /Applications/ARM/bin/../lib/gcc/arm-none-eabi/10.3.1/../../../../arm-none-eabi/lib/thumb/v7e-m+fp/hard/libc.a(lib_a-mktime.o)
 .text.mktime   0x0000000008005ac0      0x3c0 /Applications/ARM/bin/../lib/gcc/arm-none-eabi/10.3.1/../../../../arm-none-eabi/lib/thumb/v7e-m+fp/hard/libc.a(lib_a-mktime.o)
                0x0000000008005ac0                mktime
 .text.sprintf  0x0000000008005e80       0x40 /Applications/ARM/bin/../lib/gcc/arm-none-eabi/10.3.1/../../../../arm-none-eabi/lib/thumb/v7e-m+fp/hard/libc.a(lib_a-sprintf.o)
                0x0000000008005e80                sprintf
 .text.sscanf   0x0000000008005ec0       0x58 /Applications/ARM/bin/../lib/gcc/arm-none-eabi/10.3.1/../../../../arm-none-eabi/lib/thumb/v7e-m+fp/hard/libc.a(lib_a-sscanf.o)
                0x0000000008005ec0                sscanf
 .text.__sread  0x0000000008005f18       0x24 /Applications/ARM/bin/../lib/gcc/arm-none-eabi/10.3.1/../../../../arm-none-eabi/lib/thumb/v7e-m+fp/hard/libc.a(lib_a-stdio.o)
                0x0000000008005f18                __sread
 .text.__seofread
                0x0000000008005f3c        0x4 /Applications/ARM/bin/../lib/gcc/arm-none-eabi/10.3.1/../../../../arm-none-eabi/lib/thumb/v7e-m+fp/hard/libc.a(lib_a-stdio.o)
                0x0000000008005f3c                __seofread
 .text.__swrite
                0x0000000008005f40       0x40 /Applications/ARM/bin/../lib/gcc/arm-none-eabi/10.3.1/../../../../arm-none-eabi/lib/thumb/v7e-m+fp/hard/libc.a(lib_a-stdio.o)
                0x0000000008005f40                __swrite
 .text.__sseek  0x0000000008005f80       0x20 /Applications/ARM/bin/../lib/gcc/arm-none-eabi/10.3.1/../../../../arm-none-eabi/lib/thumb/v7e-m+fp/hard/libc.a(lib_a-stdio.o)
                0x0000000008005f80                __sseek
 .text.__sclose
                0x0000000008005fa0        0x8 /Applications/ARM/bin/../lib/gcc/arm-none-eabi/10.3.1/../../../../arm-none-eabi/lib/thumb/v7e-m+fp/hard/libc.a(lib_a-stdio.o)
                0x0000000008005fa0                __sclose
 *fill*         0x0000000008005fa8       0x18 
 .text          0x0000000008005fc0      0x2dc /Applications/ARM/bin/../lib/gcc/arm-none-eabi/10.3.1/../../../../arm-none-eabi/lib/thumb/v7e-m+fp/hard/libc.a(lib_a-strcmp.o)
                0x0000000008005fc8                strcmp
 .text.strcpy   0x000000000800629c       0xbc /Applications/ARM/bin/../lib/gcc/arm-none-eabi/10.3.1/../../../../arm-none-eabi/lib/thumb/v7e-m+fp/hard/libc.a(lib_a-strcpy.o)
                0x000000000800629c                strcpy
 *fill*         0x0000000008006358       0x28 
 .text          0x0000000008006380       0xdc /Applications/ARM/bin/../lib/gcc/arm-none-eabi/10.3.1/../../../../arm-none-eabi/lib/thumb/v7e-m+fp/hard/libc.a(lib_a-strlen.o)
                0x0000000008006380                strlen
 *fill*         0x000000000800645c        0x4 
 .text._svfprintf_r
                0x0000000008006460     0x1acc /Applications/ARM/bin/../lib/gcc/arm-none-eabi/10.3.1/../../../../arm-none-eabi/lib/thumb/v7e-m+fp/hard/libc.a(lib_a-svfprintf.o)
                0x0000000008006460                _svfprintf_r
 .text.__ssvfscanf_r
                0x0000000008007f2c     0x1754 /Applications/ARM/bin/../lib/gcc/arm-none-eabi/10.3.1/../../../../arm-none-eabi/lib/thumb/v7e-m+fp/hard/libc.a(lib_a-svfscanf.o)
                0x0000000008007f2c                __ssvfscanf_r
 .text.__tzcalc_limits
                0x0000000008009680      0x19c /Applications/ARM/bin/../lib/gcc/arm-none-eabi/10.3.1/../../../../arm-none-eabi/lib/thumb/v7e-m+fp/hard/libc.a(lib_a-tzcalc_limits.o)
                0x0000000008009680                __tzcalc_limits
 .text.__tz_lock
                0x000000000800981c        0xc /Applications/ARM/bin/../lib/gcc/arm-none-eabi/10.3.1/../../../../arm-none-eabi/lib/thumb/v7e-m+fp/hard/libc.a(lib_a-tzlock.o)
                0x000000000800981c                __tz_lock
 .text.__tz_unlock
                0x0000000008009828        0xc /Applications/ARM/bin/../lib/gcc/arm-none-eabi/10.3.1/../../../../arm-none-eabi/lib/thumb/v7e-m+fp/hard/libc.a(lib_a-tzlock.o)
                0x0000000008009828                __tz_unlock
 .text._tzset_unlocked
                0x0000000008009834        0xc /Applications/ARM/bin/../lib/gcc/arm-none-eabi/10.3.1/../../../../arm-none-eabi/lib/thumb/v7e-m+fp/hard/libc.a(lib_a-tzset.o)
                0x0000000008009834                _tzset_unlocked
 .text._tzset_unlocked_r
                0x0000000008009840      0x324 /Applications/ARM/bin/../lib/gcc/arm-none-eabi/10.3.1/../../../../arm-none-eabi/lib/thumb/v7e-m+fp/hard/libc.a(lib_a-tzset_r.o)
                0x0000000008009840                _tzset_unlocked_r
 .text.vsprintf
                0x0000000008009b64       0x38 /Applications/ARM/bin/../lib/gcc/arm-none-eabi/10.3.1/../../../../arm-none-eabi/lib/thumb/v7e-m+fp/hard/libc.a(lib_a-vsprintf.o)
                0x0000000008009b64                vsprintf
 .text._write_r
                0x0000000008009b9c       0x2c /Applications/ARM/bin/../lib/gcc/arm-none-eabi/10.3.1/../../../../arm-none-eabi/lib/thumb/v7e-m+fp/hard/libc.a(lib_a-writer.o)
                0x0000000008009b9c                _write_r
 .text.__swsetup_r
                0x0000000008009bc8       0xd4 /Applications/ARM/bin/../lib/gcc/arm-none-eabi/10.3.1/../../../../arm-none-eabi/lib/thumb/v7e-m+fp/hard/libc.a(lib_a-wsetup.o)
                0x0000000008009bc8                __swsetup_r
 .text.startup.register_fini
                0x0000000008009c9c       0x14 /Applications/ARM/bin/../lib/gcc/arm-none-eabi/10.3.1/../../../../arm-none-eabi/lib/thumb/v7e-m+fp/hard/libc.a(lib_a-__call_atexit.o)
 .text.__call_exitprocs
                0x0000000008009cb0       0xcc /Applications/ARM/bin/../lib/gcc/arm-none-eabi/10.3.1/../../../../arm-none-eabi/lib/thumb/v7e-m+fp/hard/libc.a(lib_a-__call_atexit.o)
                0x0000000008009cb0                __call_exitprocs
 .text.atexit   0x0000000008009d7c        0xc /Applications/ARM/bin/../lib/gcc/arm-none-eabi/10.3.1/../../../../arm-none-eabi/lib/thumb/v7e-m+fp/hard/libc.a(lib_a-atexit.o)
                0x0000000008009d7c                atexit
 .text._close_r
                0x0000000008009d88       0x24 /Applications/ARM/bin/../lib/gcc/arm-none-eabi/10.3.1/../../../../arm-none-eabi/lib/thumb/v7e-m+fp/hard/libc.a(lib_a-closer.o)
                0x0000000008009d88                _close_r
 .text.div      0x0000000008009dac       0x40 /Applications/ARM/bin/../lib/gcc/arm-none-eabi/10.3.1/../../../../arm-none-eabi/lib/thumb/v7e-m+fp/hard/libc.a(lib_a-div.o)
                0x0000000008009dac                div
 .text.quorem   0x0000000008009dec      0x128 /Applications/ARM/bin/../lib/gcc/arm-none-eabi/10.3.1/../../../../arm-none-eabi/lib/thumb/v7e-m+fp/hard/libc.a(lib_a-dtoa.o)
 *fill*         0x0000000008009f14        0x4 
 .text._dtoa_r  0x0000000008009f18      0xf3c /Applications/ARM/bin/../lib/gcc/arm-none-eabi/10.3.1/../../../../arm-none-eabi/lib/thumb/v7e-m+fp/hard/libc.a(lib_a-dtoa.o)
                0x0000000008009f18                _dtoa_r
 .text.__sflush_r
                0x000000000800ae54      0x130 /Applications/ARM/bin/../lib/gcc/arm-none-eabi/10.3.1/../../../../arm-none-eabi/lib/thumb/v7e-m+fp/hard/libc.a(lib_a-fflush.o)
                0x000000000800ae54                __sflush_r
 .text._fflush_r
                0x000000000800af84       0x5c /Applications/ARM/bin/../lib/gcc/arm-none-eabi/10.3.1/../../../../arm-none-eabi/lib/thumb/v7e-m+fp/hard/libc.a(lib_a-fflush.o)
                0x000000000800af84                _fflush_r
 .text._cleanup_r
                0x000000000800afe0        0xc /Applications/ARM/bin/../lib/gcc/arm-none-eabi/10.3.1/../../../../arm-none-eabi/lib/thumb/v7e-m+fp/hard/libc.a(lib_a-findfp.o)
                0x000000000800afe0                _cleanup_r
 .text.__sinit  0x000000000800afec      0x10c /Applications/ARM/bin/../lib/gcc/arm-none-eabi/10.3.1/../../../../arm-none-eabi/lib/thumb/v7e-m+fp/hard/libc.a(lib_a-findfp.o)
                0x000000000800afec                __sinit
 .text.__sfp_lock_acquire
                0x000000000800b0f8        0xc /Applications/ARM/bin/../lib/gcc/arm-none-eabi/10.3.1/../../../../arm-none-eabi/lib/thumb/v7e-m+fp/hard/libc.a(lib_a-findfp.o)
                0x000000000800b0f8                __sfp_lock_acquire
 .text.__sfp_lock_release
                0x000000000800b104        0xc /Applications/ARM/bin/../lib/gcc/arm-none-eabi/10.3.1/../../../../arm-none-eabi/lib/thumb/v7e-m+fp/hard/libc.a(lib_a-findfp.o)
                0x000000000800b104                __sfp_lock_release
 .text.__libc_fini_array
                0x000000000800b110       0x2c /Applications/ARM/bin/../lib/gcc/arm-none-eabi/10.3.1/../../../../arm-none-eabi/lib/thumb/v7e-m+fp/hard/libc.a(lib_a-fini.o)
                0x000000000800b110                __libc_fini_array
 .text._malloc_trim_r
                0x000000000800b13c       0xa0 /Applications/ARM/bin/../lib/gcc/arm-none-eabi/10.3.1/../../../../arm-none-eabi/lib/thumb/v7e-m+fp/hard/libc.a(lib_a-freer.o)
                0x000000000800b13c                _malloc_trim_r
 .text._free_r  0x000000000800b1dc      0x20c /Applications/ARM/bin/../lib/gcc/arm-none-eabi/10.3.1/../../../../arm-none-eabi/lib/thumb/v7e-m+fp/hard/libc.a(lib_a-freer.o)
                0x000000000800b1dc                _free_r
 .text._fwalk_reent
                0x000000000800b3e8       0x48 /Applications/ARM/bin/../lib/gcc/arm-none-eabi/10.3.1/../../../../arm-none-eabi/lib/thumb/v7e-m+fp/hard/libc.a(lib_a-fwalk.o)
                0x000000000800b3e8                _fwalk_reent
 .text._findenv_r
                0x000000000800b430       0x80 /Applications/ARM/bin/../lib/gcc/arm-none-eabi/10.3.1/../../../../arm-none-eabi/lib/thumb/v7e-m+fp/hard/libc.a(lib_a-getenv_r.o)
                0x000000000800b430                _findenv_r
 .text._getenv_r
                0x000000000800b4b0       0x10 /Applications/ARM/bin/../lib/gcc/arm-none-eabi/10.3.1/../../../../arm-none-eabi/lib/thumb/v7e-m+fp/hard/libc.a(lib_a-getenv_r.o)
                0x000000000800b4b0                _getenv_r
 .text.__gettzinfo
                0x000000000800b4c0        0x8 /Applications/ARM/bin/../lib/gcc/arm-none-eabi/10.3.1/../../../../arm-none-eabi/lib/thumb/v7e-m+fp/hard/libc.a(lib_a-gettzinfo.o)
                0x000000000800b4c0                __gettzinfo
 .text.iswspace
                0x000000000800b4c8        0x8 /Applications/ARM/bin/../lib/gcc/arm-none-eabi/10.3.1/../../../../arm-none-eabi/lib/thumb/v7e-m+fp/hard/libc.a(lib_a-iswspace.o)
                0x000000000800b4c8                iswspace
 .text.iswspace_l
                0x000000000800b4d0       0x14 /Applications/ARM/bin/../lib/gcc/arm-none-eabi/10.3.1/../../../../arm-none-eabi/lib/thumb/v7e-m+fp/hard/libc.a(lib_a-iswspace_l.o)
                0x000000000800b4d0                iswspace_l
 .text.__locale_mb_cur_max
                0x000000000800b4e4        0xc /Applications/ARM/bin/../lib/gcc/arm-none-eabi/10.3.1/../../../../arm-none-eabi/lib/thumb/v7e-m+fp/hard/libc.a(lib_a-locale.o)
                0x000000000800b4e4                __locale_mb_cur_max
 .text._localeconv_r
                0x000000000800b4f0        0x8 /Applications/ARM/bin/../lib/gcc/arm-none-eabi/10.3.1/../../../../arm-none-eabi/lib/thumb/v7e-m+fp/hard/libc.a(lib_a-localeconv.o)
                0x000000000800b4f0                _localeconv_r
 .text.__retarget_lock_init_recursive
                0x000000000800b4f8        0x4 /Applications/ARM/bin/../lib/gcc/arm-none-eabi/10.3.1/../../../../arm-none-eabi/lib/thumb/v7e-m+fp/hard/libc.a(lib_a-lock.o)
                0x000000000800b4f8                __retarget_lock_init_recursive
 .text.__retarget_lock_close_recursive
                0x000000000800b4fc        0x4 /Applications/ARM/bin/../lib/gcc/arm-none-eabi/10.3.1/../../../../arm-none-eabi/lib/thumb/v7e-m+fp/hard/libc.a(lib_a-lock.o)
                0x000000000800b4fc                __retarget_lock_close_recursive
 .text.__retarget_lock_acquire
                0x000000000800b500        0x4 /Applications/ARM/bin/../lib/gcc/arm-none-eabi/10.3.1/../../../../arm-none-eabi/lib/thumb/v7e-m+fp/hard/libc.a(lib_a-lock.o)
                0x000000000800b500                __retarget_lock_acquire
 .text.__retarget_lock_acquire_recursive
                0x000000000800b504        0x4 /Applications/ARM/bin/../lib/gcc/arm-none-eabi/10.3.1/../../../../arm-none-eabi/lib/thumb/v7e-m+fp/hard/libc.a(lib_a-lock.o)
                0x000000000800b504                __retarget_lock_acquire_recursive
 .text.__retarget_lock_release
                0x000000000800b508        0x4 /Applications/ARM/bin/../lib/gcc/arm-none-eabi/10.3.1/../../../../arm-none-eabi/lib/thumb/v7e-m+fp/hard/libc.a(lib_a-lock.o)
                0x000000000800b508                __retarget_lock_release
 .text.__retarget_lock_release_recursive
                0x000000000800b50c        0x4 /Applications/ARM/bin/../lib/gcc/arm-none-eabi/10.3.1/../../../../arm-none-eabi/lib/thumb/v7e-m+fp/hard/libc.a(lib_a-lock.o)
                0x000000000800b50c                __retarget_lock_release_recursive
 .text._lseek_r
                0x000000000800b510       0x2c /Applications/ARM/bin/../lib/gcc/arm-none-eabi/10.3.1/../../../../arm-none-eabi/lib/thumb/v7e-m+fp/hard/libc.a(lib_a-lseekr.o)
                0x000000000800b510                _lseek_r
 .text.__smakebuf_r
                0x000000000800b53c       0xe0 /Applications/ARM/bin/../lib/gcc/arm-none-eabi/10.3.1/../../../../arm-none-eabi/lib/thumb/v7e-m+fp/hard/libc.a(lib_a-makebuf.o)
                0x000000000800b53c                __smakebuf_r
 .text.malloc   0x000000000800b61c       0x10 /Applications/ARM/bin/../lib/gcc/arm-none-eabi/10.3.1/../../../../arm-none-eabi/lib/thumb/v7e-m+fp/hard/libc.a(lib_a-malloc.o)
                0x000000000800b61c                malloc
 .text.free     0x000000000800b62c       0x10 /Applications/ARM/bin/../lib/gcc/arm-none-eabi/10.3.1/../../../../arm-none-eabi/lib/thumb/v7e-m+fp/hard/libc.a(lib_a-malloc.o)
                0x000000000800b62c                free
 .text._malloc_r
                0x000000000800b63c      0x560 /Applications/ARM/bin/../lib/gcc/arm-none-eabi/10.3.1/../../../../arm-none-eabi/lib/thumb/v7e-m+fp/hard/libc.a(lib_a-mallocr.o)
                0x000000000800b63c                _malloc_r
 .text._mbrtowc_r
                0x000000000800bb9c       0x44 /Applications/ARM/bin/../lib/gcc/arm-none-eabi/10.3.1/../../../../arm-none-eabi/lib/thumb/v7e-m+fp/hard/libc.a(lib_a-mbrtowc.o)
                0x000000000800bb9c                _mbrtowc_r
 .text.__ascii_mbtowc
                0x000000000800bbe0       0x2c /Applications/ARM/bin/../lib/gcc/arm-none-eabi/10.3.1/../../../../arm-none-eabi/lib/thumb/v7e-m+fp/hard/libc.a(lib_a-mbtowc_r.o)
                0x000000000800bbe0                __ascii_mbtowc
 *fill*         0x000000000800bc0c        0x4 
 .text          0x000000000800bc10       0xa0 /Applications/ARM/bin/../lib/gcc/arm-none-eabi/10.3.1/../../../../arm-none-eabi/lib/thumb/v7e-m+fp/hard/libc.a(lib_a-memchr.o)
                0x000000000800bc10                memchr
 .text.__malloc_lock
                0x000000000800bcb0        0xc /Applications/ARM/bin/../lib/gcc/arm-none-eabi/10.3.1/../../../../arm-none-eabi/lib/thumb/v7e-m+fp/hard/libc.a(lib_a-mlock.o)
                0x000000000800bcb0                __malloc_lock
 .text.__malloc_unlock
                0x000000000800bcbc        0xc /Applications/ARM/bin/../lib/gcc/arm-none-eabi/10.3.1/../../../../arm-none-eabi/lib/thumb/v7e-m+fp/hard/libc.a(lib_a-mlock.o)
                0x000000000800bcbc                __malloc_unlock
 .text._Balloc  0x000000000800bcc8       0x4c /Applications/ARM/bin/../lib/gcc/arm-none-eabi/10.3.1/../../../../arm-none-eabi/lib/thumb/v7e-m+fp/hard/libc.a(lib_a-mprec.o)
                0x000000000800bcc8                _Balloc
 .text._Bfree   0x000000000800bd14       0x14 /Applications/ARM/bin/../lib/gcc/arm-none-eabi/10.3.1/../../../../arm-none-eabi/lib/thumb/v7e-m+fp/hard/libc.a(lib_a-mprec.o)
                0x000000000800bd14                _Bfree
 .text.__multadd
                0x000000000800bd28       0xa8 /Applications/ARM/bin/../lib/gcc/arm-none-eabi/10.3.1/../../../../arm-none-eabi/lib/thumb/v7e-m+fp/hard/libc.a(lib_a-mprec.o)
                0x000000000800bd28                __multadd
 .text.__s2b    0x000000000800bdd0       0xb4 /Applications/ARM/bin/../lib/gcc/arm-none-eabi/10.3.1/../../../../arm-none-eabi/lib/thumb/v7e-m+fp/hard/libc.a(lib_a-mprec.o)
                0x000000000800bdd0                __s2b
 .text.__hi0bits
                0x000000000800be84       0x40 /Applications/ARM/bin/../lib/gcc/arm-none-eabi/10.3.1/../../../../arm-none-eabi/lib/thumb/v7e-m+fp/hard/libc.a(lib_a-mprec.o)
                0x000000000800be84                __hi0bits
 .text.__lo0bits
                0x000000000800bec4       0x60 /Applications/ARM/bin/../lib/gcc/arm-none-eabi/10.3.1/../../../../arm-none-eabi/lib/thumb/v7e-m+fp/hard/libc.a(lib_a-mprec.o)
                0x000000000800bec4                __lo0bits
 .text.__i2b    0x000000000800bf24       0x5c /Applications/ARM/bin/../lib/gcc/arm-none-eabi/10.3.1/../../../../arm-none-eabi/lib/thumb/v7e-m+fp/hard/libc.a(lib_a-mprec.o)
                0x000000000800bf24                __i2b
 .text.__multiply
                0x000000000800bf80      0x15c /Applications/ARM/bin/../lib/gcc/arm-none-eabi/10.3.1/../../../../arm-none-eabi/lib/thumb/v7e-m+fp/hard/libc.a(lib_a-mprec.o)
                0x000000000800bf80                __multiply
 .text.__pow5mult
                0x000000000800c0dc       0xc0 /Applications/ARM/bin/../lib/gcc/arm-none-eabi/10.3.1/../../../../arm-none-eabi/lib/thumb/v7e-m+fp/hard/libc.a(lib_a-mprec.o)
                0x000000000800c0dc                __pow5mult
 .text.__lshift
                0x000000000800c19c       0xf0 /Applications/ARM/bin/../lib/gcc/arm-none-eabi/10.3.1/../../../../arm-none-eabi/lib/thumb/v7e-m+fp/hard/libc.a(lib_a-mprec.o)
                0x000000000800c19c                __lshift
 .text.__mcmp   0x000000000800c28c       0x44 /Applications/ARM/bin/../lib/gcc/arm-none-eabi/10.3.1/../../../../arm-none-eabi/lib/thumb/v7e-m+fp/hard/libc.a(lib_a-mprec.o)
                0x000000000800c28c                __mcmp
 .text.__mdiff  0x000000000800c2d0      0x14c /Applications/ARM/bin/../lib/gcc/arm-none-eabi/10.3.1/../../../../arm-none-eabi/lib/thumb/v7e-m+fp/hard/libc.a(lib_a-mprec.o)
                0x000000000800c2d0                __mdiff
 .text.__ulp    0x000000000800c41c       0x60 /Applications/ARM/bin/../lib/gcc/arm-none-eabi/10.3.1/../../../../arm-none-eabi/lib/thumb/v7e-m+fp/hard/libc.a(lib_a-mprec.o)
                0x000000000800c41c                __ulp
 .text.__b2d    0x000000000800c47c       0xc0 /Applications/ARM/bin/../lib/gcc/arm-none-eabi/10.3.1/../../../../arm-none-eabi/lib/thumb/v7e-m+fp/hard/libc.a(lib_a-mprec.o)
                0x000000000800c47c                __b2d
 .text.__d2b    0x000000000800c53c       0xd0 /Applications/ARM/bin/../lib/gcc/arm-none-eabi/10.3.1/../../../../arm-none-eabi/lib/thumb/v7e-m+fp/hard/libc.a(lib_a-mprec.o)
                0x000000000800c53c                __d2b
 .text.__ratio  0x000000000800c60c       0x5c /Applications/ARM/bin/../lib/gcc/arm-none-eabi/10.3.1/../../../../arm-none-eabi/lib/thumb/v7e-m+fp/hard/libc.a(lib_a-mprec.o)
                0x000000000800c60c                __ratio
 .text.__copybits
                0x000000000800c668       0x5c /Applications/ARM/bin/../lib/gcc/arm-none-eabi/10.3.1/../../../../arm-none-eabi/lib/thumb/v7e-m+fp/hard/libc.a(lib_a-mprec.o)
                0x000000000800c668                __copybits
 .text.__any_on
                0x000000000800c6c4       0x64 /Applications/ARM/bin/../lib/gcc/arm-none-eabi/10.3.1/../../../../arm-none-eabi/lib/thumb/v7e-m+fp/hard/libc.a(lib_a-mprec.o)
                0x000000000800c6c4                __any_on
 .text._read_r  0x000000000800c728       0x2c /Applications/ARM/bin/../lib/gcc/arm-none-eabi/10.3.1/../../../../arm-none-eabi/lib/thumb/v7e-m+fp/hard/libc.a(lib_a-readr.o)
                0x000000000800c728                _read_r
 .text.realloc  0x000000000800c754       0x18 /Applications/ARM/bin/../lib/gcc/arm-none-eabi/10.3.1/../../../../arm-none-eabi/lib/thumb/v7e-m+fp/hard/libc.a(lib_a-realloc.o)
                0x000000000800c754                realloc
 .text._realloc_r
                0x000000000800c76c      0x3d8 /Applications/ARM/bin/../lib/gcc/arm-none-eabi/10.3.1/../../../../arm-none-eabi/lib/thumb/v7e-m+fp/hard/libc.a(lib_a-reallocr.o)
                0x000000000800c76c                _realloc_r
 .text.frexp    0x000000000800cb44       0x6c /Applications/ARM/bin/../lib/gcc/arm-none-eabi/10.3.1/../../../../arm-none-eabi/lib/thumb/v7e-m+fp/hard/libc.a(lib_a-s_frexp.o)
                0x000000000800cb44                frexp
 .text._sbrk_r  0x000000000800cbb0       0x24 /Applications/ARM/bin/../lib/gcc/arm-none-eabi/10.3.1/../../../../arm-none-eabi/lib/thumb/v7e-m+fp/hard/libc.a(lib_a-sbrkr.o)
                0x000000000800cbb0                _sbrk_r
 .text.__sccl   0x000000000800cbd4       0x8c /Applications/ARM/bin/../lib/gcc/arm-none-eabi/10.3.1/../../../../arm-none-eabi/lib/thumb/v7e-m+fp/hard/libc.a(lib_a-sccl.o)
                0x000000000800cbd4                __sccl
 .text.nanf     0x000000000800cc60        0xc /Applications/ARM/bin/../lib/gcc/arm-none-eabi/10.3.1/../../../../arm-none-eabi/lib/thumb/v7e-m+fp/hard/libc.a(lib_a-sf_nan.o)
                0x000000000800cc60                nanf
 .text.siscanf  0x000000000800cc6c       0x58 /Applications/ARM/bin/../lib/gcc/arm-none-eabi/10.3.1/../../../../arm-none-eabi/lib/thumb/v7e-m+fp/hard/libc.a(lib_a-siscanf.o)
                0x000000000800cc6c                siscanf
 .text.strncmp  0x000000000800ccc4       0x80 /Applications/ARM/bin/../lib/gcc/arm-none-eabi/10.3.1/../../../../arm-none-eabi/lib/thumb/v7e-m+fp/hard/libc.a(lib_a-strncmp.o)
                0x000000000800ccc4                strncmp
 .text.strncpy  0x000000000800cd44       0x64 /Applications/ARM/bin/../lib/gcc/arm-none-eabi/10.3.1/../../../../arm-none-eabi/lib/thumb/v7e-m+fp/hard/libc.a(lib_a-strncpy.o)
                0x000000000800cd44                strncpy
 .text._strtod_l
                0x000000000800cda8      0xf50 /Applications/ARM/bin/../lib/gcc/arm-none-eabi/10.3.1/../../../../arm-none-eabi/lib/thumb/v7e-m+fp/hard/libc.a(lib_a-strtod.o)
                0x000000000800cda8                _strtod_l
 .text._strtod_r
                0x000000000800dcf8        0xc /Applications/ARM/bin/../lib/gcc/arm-none-eabi/10.3.1/../../../../arm-none-eabi/lib/thumb/v7e-m+fp/hard/libc.a(lib_a-strtod.o)
                0x000000000800dcf8                _strtod_r
 .text._strtol_l.part.0
                0x000000000800dd04      0x120 /Applications/ARM/bin/../lib/gcc/arm-none-eabi/10.3.1/../../../../arm-none-eabi/lib/thumb/v7e-m+fp/hard/libc.a(lib_a-strtol.o)
 .text._strtol_r
                0x000000000800de24       0x1c /Applications/ARM/bin/../lib/gcc/arm-none-eabi/10.3.1/../../../../arm-none-eabi/lib/thumb/v7e-m+fp/hard/libc.a(lib_a-strtol.o)
                0x000000000800de24                _strtol_r
 .text._strtoll_l.constprop.0
                0x000000000800de40      0x170 /Applications/ARM/bin/../lib/gcc/arm-none-eabi/10.3.1/../../../../arm-none-eabi/lib/thumb/v7e-m+fp/hard/libc.a(lib_a-strtoll.o)
 .text._strtoll_r
                0x000000000800dfb0        0x4 /Applications/ARM/bin/../lib/gcc/arm-none-eabi/10.3.1/../../../../arm-none-eabi/lib/thumb/v7e-m+fp/hard/libc.a(lib_a-strtoll.o)
                0x000000000800dfb0                _strtoll_r
 .text._strtoul_l.constprop.0
                0x000000000800dfb4      0x13c /Applications/ARM/bin/../lib/gcc/arm-none-eabi/10.3.1/../../../../arm-none-eabi/lib/thumb/v7e-m+fp/hard/libc.a(lib_a-strtoul.o)
 .text._strtoul_r
                0x000000000800e0f0        0x4 /Applications/ARM/bin/../lib/gcc/arm-none-eabi/10.3.1/../../../../arm-none-eabi/lib/thumb/v7e-m+fp/hard/libc.a(lib_a-strtoul.o)
                0x000000000800e0f0                _strtoul_r
 .text.strtoul  0x000000000800e0f4       0x1c /Applications/ARM/bin/../lib/gcc/arm-none-eabi/10.3.1/../../../../arm-none-eabi/lib/thumb/v7e-m+fp/hard/libc.a(lib_a-strtoul.o)
                0x000000000800e0f4                strtoul
 .text._strtoull_l.constprop.0
                0x000000000800e110      0x19c /Applications/ARM/bin/../lib/gcc/arm-none-eabi/10.3.1/../../../../arm-none-eabi/lib/thumb/v7e-m+fp/hard/libc.a(lib_a-strtoull.o)
 .text._strtoull_r
                0x000000000800e2ac        0x4 /Applications/ARM/bin/../lib/gcc/arm-none-eabi/10.3.1/../../../../arm-none-eabi/lib/thumb/v7e-m+fp/hard/libc.a(lib_a-strtoull.o)
                0x000000000800e2ac                _strtoull_r
 .text.__ssprint_r
                0x000000000800e2b0       0xf8 /Applications/ARM/bin/../lib/gcc/arm-none-eabi/10.3.1/../../../../arm-none-eabi/lib/thumb/v7e-m+fp/hard/libc.a(lib_a-svfiprintf.o)
                0x000000000800e2b0                __ssprint_r
 .text._sungetc_r
                0x000000000800e3a8       0x80 /Applications/ARM/bin/../lib/gcc/arm-none-eabi/10.3.1/../../../../arm-none-eabi/lib/thumb/v7e-m+fp/hard/libc.a(lib_a-svfiscanf.o)
                0x000000000800e3a8                _sungetc_r
 .text.__ssrefill_r
                0x000000000800e428       0x3c /Applications/ARM/bin/../lib/gcc/arm-none-eabi/10.3.1/../../../../arm-none-eabi/lib/thumb/v7e-m+fp/hard/libc.a(lib_a-svfiscanf.o)
                0x000000000800e428                __ssrefill_r
 .text._sfread_r
                0x000000000800e464       0xb4 /Applications/ARM/bin/../lib/gcc/arm-none-eabi/10.3.1/../../../../arm-none-eabi/lib/thumb/v7e-m+fp/hard/libc.a(lib_a-svfiscanf.o)
                0x000000000800e464                _sfread_r
 .text.__ssvfiscanf_r
                0x000000000800e518     0x15f4 /Applications/ARM/bin/../lib/gcc/arm-none-eabi/10.3.1/../../../../arm-none-eabi/lib/thumb/v7e-m+fp/hard/libc.a(lib_a-svfiscanf.o)
                0x000000000800e518                __ssvfiscanf_r
 .text.__submore
                0x000000000800fb0c       0x78 /Applications/ARM/bin/../lib/gcc/arm-none-eabi/10.3.1/../../../../arm-none-eabi/lib/thumb/v7e-m+fp/hard/libc.a(lib_a-ungetc.o)
                0x000000000800fb0c                __submore
 .text.__sprint_r.part.0
                0x000000000800fb84       0x78 /Applications/ARM/bin/../lib/gcc/arm-none-eabi/10.3.1/../../../../arm-none-eabi/lib/thumb/v7e-m+fp/hard/libc.a(lib_a-vfiprintf.o)
 .text._vfiprintf_r
                0x000000000800fbfc      0xdfc /Applications/ARM/bin/../lib/gcc/arm-none-eabi/10.3.1/../../../../arm-none-eabi/lib/thumb/v7e-m+fp/hard/libc.a(lib_a-vfiprintf.o)
                0x000000000800fbfc                _vfiprintf_r
 .text.__sbprintf
                0x00000000080109f8       0x80 /Applications/ARM/bin/../lib/gcc/arm-none-eabi/10.3.1/../../../../arm-none-eabi/lib/thumb/v7e-m+fp/hard/libc.a(lib_a-vfiprintf.o)
 .text.__ascii_wctomb
                0x0000000008010a78       0x1c /Applications/ARM/bin/../lib/gcc/arm-none-eabi/10.3.1/../../../../arm-none-eabi/lib/thumb/v7e-m+fp/hard/libc.a(lib_a-wctomb_r.o)
                0x0000000008010a78                __ascii_wctomb
 .text.__register_exitproc
                0x0000000008010a94       0x8c /Applications/ARM/bin/../lib/gcc/arm-none-eabi/10.3.1/../../../../arm-none-eabi/lib/thumb/v7e-m+fp/hard/libc.a(lib_a-__atexit.o)
                0x0000000008010a94                __register_exitproc
 .text.__assert_func
                0x0000000008010b20       0x40 /Applications/ARM/bin/../lib/gcc/arm-none-eabi/10.3.1/../../../../arm-none-eabi/lib/thumb/v7e-m+fp/hard/libc.a(lib_a-assert.o)
                0x0000000008010b20                __assert_func
 .text._calloc_r
                0x0000000008010b60       0x78 /Applications/ARM/bin/../lib/gcc/arm-none-eabi/10.3.1/../../../../arm-none-eabi/lib/thumb/v7e-m+fp/hard/libc.a(lib_a-callocr.o)
                0x0000000008010b60                _calloc_r
 .text.__env_lock
                0x0000000008010bd8        0xc /Applications/ARM/bin/../lib/gcc/arm-none-eabi/10.3.1/../../../../arm-none-eabi/lib/thumb/v7e-m+fp/hard/libc.a(lib_a-envlock.o)
                0x0000000008010bd8                __env_lock
 .text.__env_unlock
                0x0000000008010be4        0xc /Applications/ARM/bin/../lib/gcc/arm-none-eabi/10.3.1/../../../../arm-none-eabi/lib/thumb/v7e-m+fp/hard/libc.a(lib_a-envlock.o)
                0x0000000008010be4                __env_unlock
 .text.__errno  0x0000000008010bf0        0xc /Applications/ARM/bin/../lib/gcc/arm-none-eabi/10.3.1/../../../../arm-none-eabi/lib/thumb/v7e-m+fp/hard/libc.a(lib_a-errno.o)
                0x0000000008010bf0                __errno
 .text._fclose_r
                0x0000000008010bfc       0xcc /Applications/ARM/bin/../lib/gcc/arm-none-eabi/10.3.1/../../../../arm-none-eabi/lib/thumb/v7e-m+fp/hard/libc.a(lib_a-fclose.o)
                0x0000000008010bfc                _fclose_r
 .text.fiprintf
                0x0000000008010cc8       0x28 /Applications/ARM/bin/../lib/gcc/arm-none-eabi/10.3.1/../../../../arm-none-eabi/lib/thumb/v7e-m+fp/hard/libc.a(lib_a-fiprintf.o)
                0x0000000008010cc8                fiprintf
 .text.__fputwc
                0x0000000008010cf0       0xa8 /Applications/ARM/bin/../lib/gcc/arm-none-eabi/10.3.1/../../../../arm-none-eabi/lib/thumb/v7e-m+fp/hard/libc.a(lib_a-fputwc.o)
                0x0000000008010cf0                __fputwc
 .text._fputwc_r
                0x0000000008010d98       0x68 /Applications/ARM/bin/../lib/gcc/arm-none-eabi/10.3.1/../../../../arm-none-eabi/lib/thumb/v7e-m+fp/hard/libc.a(lib_a-fputwc.o)
                0x0000000008010d98                _fputwc_r
 .text._fstat_r
                0x0000000008010e00       0x2c /Applications/ARM/bin/../lib/gcc/arm-none-eabi/10.3.1/../../../../arm-none-eabi/lib/thumb/v7e-m+fp/hard/libc.a(lib_a-fstatr.o)
                0x0000000008010e00                _fstat_r
 .text.__sfvwrite_r
                0x0000000008010e2c      0x2f0 /Applications/ARM/bin/../lib/gcc/arm-none-eabi/10.3.1/../../../../arm-none-eabi/lib/thumb/v7e-m+fp/hard/libc.a(lib_a-fvwrite.o)
                0x0000000008010e2c                __sfvwrite_r
 .text.rshift   0x000000000801111c       0xa4 /Applications/ARM/bin/../lib/gcc/arm-none-eabi/10.3.1/../../../../arm-none-eabi/lib/thumb/v7e-m+fp/hard/libc.a(lib_a-gdtoa-gethex.o)
 .text.__gethex
                0x00000000080111c0      0x5d8 /Applications/ARM/bin/../lib/gcc/arm-none-eabi/10.3.1/../../../../arm-none-eabi/lib/thumb/v7e-m+fp/hard/libc.a(lib_a-gdtoa-gethex.o)
                0x00000000080111c0                __gethex
 .text.__match  0x0000000008011798       0x38 /Applications/ARM/bin/../lib/gcc/arm-none-eabi/10.3.1/../../../../arm-none-eabi/lib/thumb/v7e-m+fp/hard/libc.a(lib_a-gdtoa-hexnan.o)
                0x0000000008011798                __match
 .text.__hexnan
                0x00000000080117d0      0x1ac /Applications/ARM/bin/../lib/gcc/arm-none-eabi/10.3.1/../../../../arm-none-eabi/lib/thumb/v7e-m+fp/hard/libc.a(lib_a-gdtoa-hexnan.o)
                0x00000000080117d0                __hexnan
 .text._isatty_r
                0x000000000801197c       0x24 /Applications/ARM/bin/../lib/gcc/arm-none-eabi/10.3.1/../../../../arm-none-eabi/lib/thumb/v7e-m+fp/hard/libc.a(lib_a-isattyr.o)
                0x000000000801197c                _isatty_r
 .text.memmove  0x00000000080119a0       0xf8 /Applications/ARM/bin/../lib/gcc/arm-none-eabi/10.3.1/../../../../arm-none-eabi/lib/thumb/v7e-m+fp/hard/libc.a(lib_a-memmove.o)
                0x00000000080119a0                memmove
 .text.nan      0x0000000008011a98       0x10 /Applications/ARM/bin/../lib/gcc/arm-none-eabi/10.3.1/../../../../arm-none-eabi/lib/thumb/v7e-m+fp/hard/libc.a(lib_a-s_nan.o)
                0x0000000008011a98                nan
 .text.__swbuf_r
                0x0000000008011aa8       0xb0 /Applications/ARM/bin/../lib/gcc/arm-none-eabi/10.3.1/../../../../arm-none-eabi/lib/thumb/v7e-m+fp/hard/libc.a(lib_a-wbuf.o)
                0x0000000008011aa8                __swbuf_r
 .text._wcrtomb_r
                0x0000000008011b58       0x3c /Applications/ARM/bin/../lib/gcc/arm-none-eabi/10.3.1/../../../../arm-none-eabi/lib/thumb/v7e-m+fp/hard/libc.a(lib_a-wcrtomb.o)
                0x0000000008011b58                _wcrtomb_r
 .text.abort    0x0000000008011b94       0x10 /Applications/ARM/bin/../lib/gcc/arm-none-eabi/10.3.1/../../../../arm-none-eabi/lib/thumb/v7e-m+fp/hard/libc.a(lib_a-abort.o)
                0x0000000008011b94                abort
 .text.raise    0x0000000008011ba4       0x5c /Applications/ARM/bin/../lib/gcc/arm-none-eabi/10.3.1/../../../../arm-none-eabi/lib/thumb/v7e-m+fp/hard/libc.a(lib_a-signal.o)
                0x0000000008011ba4                raise
 .text._kill_r  0x0000000008011c00       0x2c /Applications/ARM/bin/../lib/gcc/arm-none-eabi/10.3.1/../../../../arm-none-eabi/lib/thumb/v7e-m+fp/hard/libc.a(lib_a-signalr.o)
                0x0000000008011c00                _kill_r
 .text._getpid_r
                0x0000000008011c2c        0x4 /Applications/ARM/bin/../lib/gcc/arm-none-eabi/10.3.1/../../../../arm-none-eabi/lib/thumb/v7e-m+fp/hard/libc.a(lib_a-signalr.o)
                0x0000000008011c2c                _getpid_r
 .text._close   0x0000000008011c30       0x10 /Applications/ARM/bin/../lib/gcc/arm-none-eabi/10.3.1/../../../../arm-none-eabi/lib/thumb/v7e-m+fp/hard/libnosys.a(close.o)
                0x0000000008011c30                _close
 .text._fstat   0x0000000008011c40       0x10 /Applications/ARM/bin/../lib/gcc/arm-none-eabi/10.3.1/../../../../arm-none-eabi/lib/thumb/v7e-m+fp/hard/libnosys.a(fstat.o)
                0x0000000008011c40                _fstat
 .text._getpid  0x0000000008011c50       0x10 /Applications/ARM/bin/../lib/gcc/arm-none-eabi/10.3.1/../../../../arm-none-eabi/lib/thumb/v7e-m+fp/hard/libnosys.a(getpid.o)
                0x0000000008011c50                _getpid
 .text._isatty  0x0000000008011c60       0x10 /Applications/ARM/bin/../lib/gcc/arm-none-eabi/10.3.1/../../../../arm-none-eabi/lib/thumb/v7e-m+fp/hard/libnosys.a(isatty.o)
                0x0000000008011c60                _isatty
 .text._kill    0x0000000008011c70       0x10 /Applications/ARM/bin/../lib/gcc/arm-none-eabi/10.3.1/../../../../arm-none-eabi/lib/thumb/v7e-m+fp/hard/libnosys.a(kill.o)
                0x0000000008011c70                _kill
 .text._lseek   0x0000000008011c80       0x10 /Applications/ARM/bin/../lib/gcc/arm-none-eabi/10.3.1/../../../../arm-none-eabi/lib/thumb/v7e-m+fp/hard/libnosys.a(lseek.o)
                0x0000000008011c80                _lseek
 .text._read    0x0000000008011c90       0x10 /Applications/ARM/bin/../lib/gcc/arm-none-eabi/10.3.1/../../../../arm-none-eabi/lib/thumb/v7e-m+fp/hard/libnosys.a(read.o)
                0x0000000008011c90                _read
 .text._sbrk    0x0000000008011ca0       0x1c /Applications/ARM/bin/../lib/gcc/arm-none-eabi/10.3.1/../../../../arm-none-eabi/lib/thumb/v7e-m+fp/hard/libnosys.a(sbrk.o)
                0x0000000008011ca0                _sbrk
 .text._exit    0x0000000008011cbc        0x4 /Applications/ARM/bin/../lib/gcc/arm-none-eabi/10.3.1/../../../../arm-none-eabi/lib/thumb/v7e-m+fp/hard/libnosys.a(_exit.o)
                0x0000000008011cbc                _exit
 .text          0x0000000008011cc0      0x378 /Applications/ARM/bin/../lib/gcc/arm-none-eabi/10.3.1/thumb/v7e-m+fp/hard/libgcc.a(_arm_addsubdf3.o)
                0x0000000008011cc0                __aeabi_drsub
                0x0000000008011cc8                __subdf3
                0x0000000008011cc8                __aeabi_dsub
                0x0000000008011ccc                __aeabi_dadd
                0x0000000008011ccc                __adddf3
                0x0000000008011f44                __aeabi_ui2d
                0x0000000008011f44                __floatunsidf
                0x0000000008011f64                __floatsidf
                0x0000000008011f64                __aeabi_i2d
                0x0000000008011f88                __extendsfdf2
                0x0000000008011f88                __aeabi_f2d
                0x0000000008011fcc                __aeabi_ul2d
                0x0000000008011fcc                __floatundidf
                0x0000000008011fdc                __aeabi_l2d
                0x0000000008011fdc                __floatdidf
 .text          0x0000000008012038      0x424 /Applications/ARM/bin/../lib/gcc/arm-none-eabi/10.3.1/thumb/v7e-m+fp/hard/libgcc.a(_arm_muldivdf3.o)
                0x0000000008012038                __aeabi_dmul
                0x0000000008012038                __muldf3
                0x000000000801228c                __aeabi_ddiv
                0x000000000801228c                __divdf3
 .text          0x000000000801245c      0x110 /Applications/ARM/bin/../lib/gcc/arm-none-eabi/10.3.1/thumb/v7e-m+fp/hard/libgcc.a(_arm_cmpdf2.o)
                0x000000000801245c                __gedf2
                0x000000000801245c                __gtdf2
                0x0000000008012464                __ledf2
                0x0000000008012464                __ltdf2
                0x000000000801246c                __cmpdf2
                0x000000000801246c                __eqdf2
                0x000000000801246c                __nedf2
                0x00000000080124e8                __aeabi_cdrcmple
                0x00000000080124f8                __aeabi_cdcmple
                0x00000000080124f8                __aeabi_cdcmpeq
                0x0000000008012508                __aeabi_dcmpeq
                0x000000000801251c                __aeabi_dcmplt
                0x0000000008012530                __aeabi_dcmple
                0x0000000008012544                __aeabi_dcmpge
                0x0000000008012558                __aeabi_dcmpgt
 .text          0x000000000801256c       0x2c /Applications/ARM/bin/../lib/gcc/arm-none-eabi/10.3.1/thumb/v7e-m+fp/hard/libgcc.a(_arm_unorddf2.o)
                0x000000000801256c                __aeabi_dcmpun
                0x000000000801256c                __unorddf2
 .text          0x0000000008012598       0x50 /Applications/ARM/bin/../lib/gcc/arm-none-eabi/10.3.1/thumb/v7e-m+fp/hard/libgcc.a(_arm_fixdfsi.o)
                0x0000000008012598                __fixdfsi
                0x0000000008012598                __aeabi_d2iz
 .text          0x00000000080125e8       0x40 /Applications/ARM/bin/../lib/gcc/arm-none-eabi/10.3.1/thumb/v7e-m+fp/hard/libgcc.a(_arm_fixunsdfsi.o)
                0x00000000080125e8                __fixunsdfsi
                0x00000000080125e8                __aeabi_d2uiz
 .text          0x0000000008012628       0xa0 /Applications/ARM/bin/../lib/gcc/arm-none-eabi/10.3.1/thumb/v7e-m+fp/hard/libgcc.a(_arm_truncdfsf2.o)
                0x0000000008012628                __aeabi_d2f
                0x0000000008012628                __truncdfsf2
 .text          0x00000000080126c8       0x30 /Applications/ARM/bin/../lib/gcc/arm-none-eabi/10.3.1/thumb/v7e-m+fp/hard/libgcc.a(_aeabi_uldivmod.o)
                0x00000000080126c8                __aeabi_uldivmod
 .text          0x00000000080126f8       0x30 /Applications/ARM/bin/../lib/gcc/arm-none-eabi/10.3.1/thumb/v7e-m+fp/hard/libgcc.a(_fixdfdi.o)
                0x00000000080126f8                __aeabi_d2lz
                0x00000000080126f8                __fixdfdi
 .text          0x0000000008012728       0x3c /Applications/ARM/bin/../lib/gcc/arm-none-eabi/10.3.1/thumb/v7e-m+fp/hard/libgcc.a(_fixunsdfdi.o)
                0x0000000008012728                __aeabi_d2ulz
                0x0000000008012728                __fixunsdfdi
 .text          0x0000000008012764      0x2d0 /Applications/ARM/bin/../lib/gcc/arm-none-eabi/10.3.1/thumb/v7e-m+fp/hard/libgcc.a(_udivmoddi4.o)
                0x0000000008012764                __udivmoddi4
 .text          0x0000000008012a34        0x4 /Applications/ARM/bin/../lib/gcc/arm-none-eabi/10.3.1/thumb/v7e-m+fp/hard/libgcc.a(_dvmd_tls.o)
                0x0000000008012a34                __aeabi_ldiv0
                0x0000000008012a34                __aeabi_idiv0
 *(.init)
 .init          0x0000000008012a38        0x4 /Applications/ARM/bin/../lib/gcc/arm-none-eabi/10.3.1/thumb/v7e-m+fp/hard/crti.o
                0x0000000008012a38                _init
 .init          0x0000000008012a3c        0x8 /Applications/ARM/bin/../lib/gcc/arm-none-eabi/10.3.1/thumb/v7e-m+fp/hard/crtn.o
 *(.fini)
 .fini          0x0000000008012a44        0x4 /Applications/ARM/bin/../lib/gcc/arm-none-eabi/10.3.1/thumb/v7e-m+fp/hard/crti.o
                0x0000000008012a44                _fini
 .fini          0x0000000008012a48        0x8 /Applications/ARM/bin/../lib/gcc/arm-none-eabi/10.3.1/thumb/v7e-m+fp/hard/crtn.o
 *crtbegin.o(.ctors)
 *crtbegin?.o(.ctors)
 *(EXCLUDE_FILE(*crtend.o *crtend?.o) .ctors)
 *(SORT_BY_NAME(.ctors.*))
 *(.ctors)
 *crtbegin.o(.dtors)
 *crtbegin?.o(.dtors)
 *(EXCLUDE_FILE(*crtend.o *crtend?.o) .dtors)
 *(SORT_BY_NAME(.dtors.*))
 *(.dtors)
 *(.rodata*)
 .rodata        0x0000000008012a50      0x28f obj/Lab8A-Main-c.o
 *fill*         0x0000000008012cdf        0x1 
 .rodata.functname
                0x0000000008012ce0        0xc obj/Lab8A-Main-c.o
 .rodata.functions
                0x0000000008012cec        0xc obj/Lab8A-Main-c.o
 .rodata.label  0x0000000008012cf8        0xc obj/Lab8A-Main-c.o
 .rodata.months
                0x0000000008012d04       0x30 obj/Lab8A-Main-c.o
 .rodata.weekday
                0x0000000008012d34       0x1c obj/Lab8A-Main-c.o
 .rodata.DisplayHeader.str1.1
                0x0000000008012d50       0x27 library.a(initialize.o)
 .rodata._write.str1.1
                0x0000000008012d77       0x27 library.a(initialize.o)
                                          0x1 (size before relaxing)
 .rodata.Font12_Table
                0x0000000008012d77      0x474 library.a(stm32f429i_discovery_lcd.o)
                0x0000000008012d77                Font12_Table
 .rodata.Font16_Table
                0x00000000080131eb      0xbe0 library.a(stm32f429i_discovery_lcd.o)
                0x00000000080131eb                Font16_Table
 .rodata.Font20_Table
                0x0000000008013dcb      0xed8 library.a(stm32f429i_discovery_lcd.o)
                0x0000000008013dcb                Font20_Table
 .rodata.Font24_Table
                0x0000000008014ca3     0x1ab8 library.a(stm32f429i_discovery_lcd.o)
                0x0000000008014ca3                Font24_Table
 .rodata.APBAHBPrescTable
                0x000000000801675b       0x10 library.a(stm32f4xx_hal_rcc.o)
                0x000000000801675b                APBAHBPrescTable
 .rodata.SVC_Label.str1.1
                0x000000000801676b        0xe library.a(svcHandler.o)
 .rodata._MemManageHandler.str1.1
                0x0000000008016779       0x10 library.a(svcHandler.o)
 .rodata._BusFault_Handler.str1.1
                0x0000000008016789        0xb library.a(svcHandler.o)
 .rodata._HardFault_Handler.str1.1
                0x0000000008016794        0xc library.a(svcHandler.o)
 .rodata._UsageFault_Handler.str1.1
                0x00000000080167a0       0x3f library.a(svcHandler.o)
 .rodata.SVC_Exception.str1.1
                0x00000000080167df       0x15 library.a(svcHandler.o)
 .rodata.str1.1
                0x00000000080167f4      0x2b6 library.a(svcHandler.o)
 *fill*         0x0000000008016aaa        0x2 
 .rodata._global_impure_ptr
                0x0000000008016aac        0x4 /Applications/ARM/bin/../lib/gcc/arm-none-eabi/10.3.1/../../../../arm-none-eabi/lib/thumb/v7e-m+fp/hard/libc.a(lib_a-impure.o)
                0x0000000008016aac                _global_impure_ptr
 .rodata.DAYS_IN_MONTH
                0x0000000008016ab0       0x30 /Applications/ARM/bin/../lib/gcc/arm-none-eabi/10.3.1/../../../../arm-none-eabi/lib/thumb/v7e-m+fp/hard/libc.a(lib_a-mktime.o)
 .rodata._DAYS_BEFORE_MONTH
                0x0000000008016ae0       0x30 /Applications/ARM/bin/../lib/gcc/arm-none-eabi/10.3.1/../../../../arm-none-eabi/lib/thumb/v7e-m+fp/hard/libc.a(lib_a-mktime.o)
 .rodata._svfprintf_r.str1.4
                0x0000000008016b10       0x42 /Applications/ARM/bin/../lib/gcc/arm-none-eabi/10.3.1/../../../../arm-none-eabi/lib/thumb/v7e-m+fp/hard/libc.a(lib_a-svfprintf.o)
 *fill*         0x0000000008016b52        0x2 
 .rodata.blanks.1
                0x0000000008016b54       0x10 /Applications/ARM/bin/../lib/gcc/arm-none-eabi/10.3.1/../../../../arm-none-eabi/lib/thumb/v7e-m+fp/hard/libc.a(lib_a-svfprintf.o)
 .rodata.zeroes.0
                0x0000000008016b64       0x10 /Applications/ARM/bin/../lib/gcc/arm-none-eabi/10.3.1/../../../../arm-none-eabi/lib/thumb/v7e-m+fp/hard/libc.a(lib_a-svfprintf.o)
 .rodata.__ssvfscanf_r.str1.4
                0x0000000008016b74        0x5 /Applications/ARM/bin/../lib/gcc/arm-none-eabi/10.3.1/../../../../arm-none-eabi/lib/thumb/v7e-m+fp/hard/libc.a(lib_a-svfscanf.o)
                                          0x9 (size before relaxing)
 *fill*         0x0000000008016b79        0x3 
 .rodata.basefix.0
                0x0000000008016b7c       0x22 /Applications/ARM/bin/../lib/gcc/arm-none-eabi/10.3.1/../../../../arm-none-eabi/lib/thumb/v7e-m+fp/hard/libc.a(lib_a-svfscanf.o)
 *fill*         0x0000000008016b9e        0x2 
 .rodata._tzset_unlocked_r.str1.4
                0x0000000008016ba0       0x53 /Applications/ARM/bin/../lib/gcc/arm-none-eabi/10.3.1/../../../../arm-none-eabi/lib/thumb/v7e-m+fp/hard/libc.a(lib_a-tzset_r.o)
 .rodata.str1.4
                0x0000000008016bf3        0x4 /Applications/ARM/bin/../lib/gcc/arm-none-eabi/10.3.1/../../../../arm-none-eabi/lib/thumb/v7e-m+fp/hard/libc.a(lib_a-tzvars.o)
 *fill*         0x0000000008016bf3        0x1 
 .rodata._ctype_
                0x0000000008016bf4      0x101 /Applications/ARM/bin/../lib/gcc/arm-none-eabi/10.3.1/../../../../arm-none-eabi/lib/thumb/v7e-m+fp/hard/libc.a(lib_a-ctype_.o)
                0x0000000008016bf4                _ctype_
 *fill*         0x0000000008016cf5        0x3 
 .rodata._dtoa_r.str1.4
                0x0000000008016cf8       0x7e /Applications/ARM/bin/../lib/gcc/arm-none-eabi/10.3.1/../../../../arm-none-eabi/lib/thumb/v7e-m+fp/hard/libc.a(lib_a-dtoa.o)
                                         0x82 (size before relaxing)
 *fill*         0x0000000008016d76        0x2 
 .rodata._setlocale_r.str1.4
                0x0000000008016d78        0xa /Applications/ARM/bin/../lib/gcc/arm-none-eabi/10.3.1/../../../../arm-none-eabi/lib/thumb/v7e-m+fp/hard/libc.a(lib_a-locale.o)
                                          0xd (size before relaxing)
 *fill*         0x0000000008016d82        0x2 
 .rodata.str1.4
                0x0000000008016d84        0x2 /Applications/ARM/bin/../lib/gcc/arm-none-eabi/10.3.1/../../../../arm-none-eabi/lib/thumb/v7e-m+fp/hard/libc.a(lib_a-locale.o)
 .rodata._mbrtowc_r.str1.4
                0x0000000008016d86        0x1 /Applications/ARM/bin/../lib/gcc/arm-none-eabi/10.3.1/../../../../arm-none-eabi/lib/thumb/v7e-m+fp/hard/libc.a(lib_a-mbrtowc.o)
 *fill*         0x0000000008016d86        0x2 
 .rodata.__month_lengths
                0x0000000008016d88       0x60 /Applications/ARM/bin/../lib/gcc/arm-none-eabi/10.3.1/../../../../arm-none-eabi/lib/thumb/v7e-m+fp/hard/libc.a(lib_a-month_lengths.o)
                0x0000000008016d88                __month_lengths
 .rodata.__multadd.str1.4
                0x0000000008016de8       0x5b /Applications/ARM/bin/../lib/gcc/arm-none-eabi/10.3.1/../../../../arm-none-eabi/lib/thumb/v7e-m+fp/hard/libc.a(lib_a-mprec.o)
                                         0x6f (size before relaxing)
 *fill*         0x0000000008016e43        0x5 
 .rodata.__mprec_bigtens
                0x0000000008016e48       0x28 /Applications/ARM/bin/../lib/gcc/arm-none-eabi/10.3.1/../../../../arm-none-eabi/lib/thumb/v7e-m+fp/hard/libc.a(lib_a-mprec.o)
                0x0000000008016e48                __mprec_bigtens
 .rodata.__mprec_tens
                0x0000000008016e70       0xc8 /Applications/ARM/bin/../lib/gcc/arm-none-eabi/10.3.1/../../../../arm-none-eabi/lib/thumb/v7e-m+fp/hard/libc.a(lib_a-mprec.o)
                0x0000000008016e70                __mprec_tens
 .rodata.p05.0  0x0000000008016f38        0xc /Applications/ARM/bin/../lib/gcc/arm-none-eabi/10.3.1/../../../../arm-none-eabi/lib/thumb/v7e-m+fp/hard/libc.a(lib_a-mprec.o)
 .rodata._strtod_l.str1.4
                0x0000000008016f44        0xf /Applications/ARM/bin/../lib/gcc/arm-none-eabi/10.3.1/../../../../arm-none-eabi/lib/thumb/v7e-m+fp/hard/libc.a(lib_a-strtod.o)
                                         0x11 (size before relaxing)
 *fill*         0x0000000008016f53        0x1 
 .rodata.fpi.1  0x0000000008016f54       0x14 /Applications/ARM/bin/../lib/gcc/arm-none-eabi/10.3.1/../../../../arm-none-eabi/lib/thumb/v7e-m+fp/hard/libc.a(lib_a-strtod.o)
 .rodata.fpinan.0
                0x0000000008016f68       0x14 /Applications/ARM/bin/../lib/gcc/arm-none-eabi/10.3.1/../../../../arm-none-eabi/lib/thumb/v7e-m+fp/hard/libc.a(lib_a-strtod.o)
 *fill*         0x0000000008016f7c        0x4 
 .rodata.tinytens
                0x0000000008016f80       0x28 /Applications/ARM/bin/../lib/gcc/arm-none-eabi/10.3.1/../../../../arm-none-eabi/lib/thumb/v7e-m+fp/hard/libc.a(lib_a-strtod.o)
 .rodata.basefix.0
                0x0000000008016fa8       0x22 /Applications/ARM/bin/../lib/gcc/arm-none-eabi/10.3.1/../../../../arm-none-eabi/lib/thumb/v7e-m+fp/hard/libc.a(lib_a-svfiscanf.o)
 .rodata._vfiprintf_r.str1.4
                0x0000000008016fca       0x2f /Applications/ARM/bin/../lib/gcc/arm-none-eabi/10.3.1/../../../../arm-none-eabi/lib/thumb/v7e-m+fp/hard/libc.a(lib_a-vfiprintf.o)
 *fill*         0x0000000008016fca        0x2 
 .rodata.blanks.1
                0x0000000008016fcc       0x10 /Applications/ARM/bin/../lib/gcc/arm-none-eabi/10.3.1/../../../../arm-none-eabi/lib/thumb/v7e-m+fp/hard/libc.a(lib_a-vfiprintf.o)
 .rodata.zeroes.0
                0x0000000008016fdc       0x10 /Applications/ARM/bin/../lib/gcc/arm-none-eabi/10.3.1/../../../../arm-none-eabi/lib/thumb/v7e-m+fp/hard/libc.a(lib_a-vfiprintf.o)
 .rodata.__assert_func.str1.4
                0x0000000008016fec       0x3f /Applications/ARM/bin/../lib/gcc/arm-none-eabi/10.3.1/../../../../arm-none-eabi/lib/thumb/v7e-m+fp/hard/libc.a(lib_a-assert.o)
                                         0x43 (size before relaxing)
 *fill*         0x000000000801702b        0x1 
 .rodata.__gethex.str1.4
                0x000000000801702c       0x62 /Applications/ARM/bin/../lib/gcc/arm-none-eabi/10.3.1/../../../../arm-none-eabi/lib/thumb/v7e-m+fp/hard/libc.a(lib_a-gdtoa-gethex.o)
                                         0x76 (size before relaxing)
 *fill*         0x000000000801708e        0x2 
 .rodata.__hexdig
                0x0000000008017090      0x100 /Applications/ARM/bin/../lib/gcc/arm-none-eabi/10.3.1/../../../../arm-none-eabi/lib/thumb/v7e-m+fp/hard/libc.a(lib_a-gdtoa-gethex.o)
                0x0000000008017090                __hexdig
 .rodata.str1.4
                0x0000000008017190        0x5 /Applications/ARM/bin/../lib/gcc/arm-none-eabi/10.3.1/../../../../arm-none-eabi/lib/thumb/v7e-m+fp/hard/libc.a(lib_a-lnumeric.o)
 .rodata._C_numeric_locale
                0x0000000008017190        0xc /Applications/ARM/bin/../lib/gcc/arm-none-eabi/10.3.1/../../../../arm-none-eabi/lib/thumb/v7e-m+fp/hard/libc.a(lib_a-lnumeric.o)
                0x0000000008017190                _C_numeric_locale
 *(.eh_frame*)
 .eh_frame      0x000000000801719c        0x0 /Applications/ARM/bin/../lib/gcc/arm-none-eabi/10.3.1/thumb/v7e-m+fp/hard/crtbegin.o
 .eh_frame      0x000000000801719c        0x4 /Applications/ARM/bin/../lib/gcc/arm-none-eabi/10.3.1/thumb/v7e-m+fp/hard/crtend.o

.glue_7         0x00000000080171a0        0x0
 .glue_7        0x00000000080171a0        0x0 linker stubs

.glue_7t        0x00000000080171a0        0x0
 .glue_7t       0x00000000080171a0        0x0 linker stubs

.vfp11_veneer   0x00000000080171a0        0x0
 .vfp11_veneer  0x00000000080171a0        0x0 linker stubs

.v4_bx          0x00000000080171a0        0x0
 .v4_bx         0x00000000080171a0        0x0 linker stubs

.iplt           0x00000000080171a0        0x0
 .iplt          0x00000000080171a0        0x0 /Applications/ARM/bin/../lib/gcc/arm-none-eabi/10.3.1/thumb/v7e-m+fp/hard/crtbegin.o

.ARM.extab
 *(.ARM.extab* .gnu.linkonce.armextab.*)
                0x00000000080171a0                __exidx_start = .

.ARM.exidx      0x00000000080171a0        0x8
 *(.ARM.exidx* .gnu.linkonce.armexidx.*)
 .ARM.exidx     0x00000000080171a0        0x8 /Applications/ARM/bin/../lib/gcc/arm-none-eabi/10.3.1/../../../../arm-none-eabi/lib/thumb/v7e-m+fp/hard/crt0.o
                                         0x10 (size before relaxing)
 .ARM.exidx     0x00000000080171a8        0x0 /Applications/ARM/bin/../lib/gcc/arm-none-eabi/10.3.1/thumb/v7e-m+fp/hard/libgcc.a(_udivmoddi4.o)
                                          0x8 (size before relaxing)
                0x00000000080171a8                __exidx_end = .
                0x00000000080171a8                __etext = .

.rel.dyn        0x00000000080171a8        0x0
 .rel.iplt      0x00000000080171a8        0x0 /Applications/ARM/bin/../lib/gcc/arm-none-eabi/10.3.1/thumb/v7e-m+fp/hard/crtbegin.o

.data           0x0000000020000000      0xcf8 load address 0x00000000080171a8
                0x0000000020000000                __data_start__ = .
 *(vtable)
 *(.data*)
 .data.adjusts  0x0000000020000000       0x60 obj/Lab8A-Main-c.o
 .data.days.1   0x0000000020000060       0x30 obj/Lab8A-Main-c.o
 .data.initial.0
                0x0000000020000090        0x1 obj/Lab8A-Main-c.o
 *fill*         0x0000000020000091        0x3 
 .data.message.3
                0x0000000020000094       0x2c obj/Lab8A-Main-c.o
 .data.BUTTON_PORT
                0x00000000200000c0        0x4 library.a(stm32f429i_discovery.o)
                0x00000000200000c0                BUTTON_PORT
 .data.I2cxTimeout
                0x00000000200000c4        0x4 library.a(stm32f429i_discovery.o)
                0x00000000200000c4                I2cxTimeout
 .data.SpixTimeout
                0x00000000200000c8        0x4 library.a(stm32f429i_discovery.o)
                0x00000000200000c8                SpixTimeout
 .data.Font12   0x00000000200000cc        0x8 library.a(stm32f429i_discovery_lcd.o)
                0x00000000200000cc                Font12
 .data.Font16   0x00000000200000d4        0x8 library.a(stm32f429i_discovery_lcd.o)
                0x00000000200000d4                Font16
 .data.Font20   0x00000000200000dc        0x8 library.a(stm32f429i_discovery_lcd.o)
                0x00000000200000dc                Font20
 .data.Font24   0x00000000200000e4        0x8 library.a(stm32f429i_discovery_lcd.o)
                0x00000000200000e4                Font24
 .data.context.0
                0x00000000200000ec       0x20 library.a(svcHandler.o)
 .data.context.2
                0x000000002000010c       0x20 library.a(svcHandler.o)
 .data.context.4
                0x000000002000012c       0x20 library.a(svcHandler.o)
 .data.context.7
                0x000000002000014c       0x20 library.a(svcHandler.o)
 .data.lines.1  0x000000002000016c       0x80 library.a(svcHandler.o)
 .data.lines.3  0x00000000200001ec       0x30 library.a(svcHandler.o)
 .data.lines.6  0x000000002000021c       0x40 library.a(svcHandler.o)
 .data.SystemCoreClock
                0x000000002000025c        0x4 library.a(system_stm32f4xx.o)
                0x000000002000025c                SystemCoreClock
 .data.x        0x0000000020000260        0x4 library.a(touch.o)
 .data.y        0x0000000020000264        0x4 library.a(touch.o)
 .data.ili9341_drv
                0x0000000020000268       0x38 library.a(ili9341.o)
                0x0000000020000268                ili9341_drv
 .data.stmpe811_ts_drv
                0x00000000200002a0       0x28 library.a(stmpe811.o)
                0x00000000200002a0                stmpe811_ts_drv
 .data._impure_ptr
                0x00000000200002c8        0x4 /Applications/ARM/bin/../lib/gcc/arm-none-eabi/10.3.1/../../../../arm-none-eabi/lib/thumb/v7e-m+fp/hard/libc.a(lib_a-impure.o)
                0x00000000200002c8                _impure_ptr
 *fill*         0x00000000200002cc        0x4 
 .data.impure_data
                0x00000000200002d0      0x428 /Applications/ARM/bin/../lib/gcc/arm-none-eabi/10.3.1/../../../../arm-none-eabi/lib/thumb/v7e-m+fp/hard/libc.a(lib_a-impure.o)
 .data._tzname  0x00000000200006f8        0x8 /Applications/ARM/bin/../lib/gcc/arm-none-eabi/10.3.1/../../../../arm-none-eabi/lib/thumb/v7e-m+fp/hard/libc.a(lib_a-tzvars.o)
                0x00000000200006f8                _tzname
 .data.__atexit_recursive_mutex
                0x0000000020000700        0x4 /Applications/ARM/bin/../lib/gcc/arm-none-eabi/10.3.1/../../../../arm-none-eabi/lib/thumb/v7e-m+fp/hard/libc.a(lib_a-__call_atexit.o)
                0x0000000020000700                __atexit_recursive_mutex
 *fill*         0x0000000020000704        0x4 
 .data.tzinfo   0x0000000020000708       0x58 /Applications/ARM/bin/../lib/gcc/arm-none-eabi/10.3.1/../../../../arm-none-eabi/lib/thumb/v7e-m+fp/hard/libc.a(lib_a-gettzinfo.o)
 .data.__global_locale
                0x0000000020000760      0x16c /Applications/ARM/bin/../lib/gcc/arm-none-eabi/10.3.1/../../../../arm-none-eabi/lib/thumb/v7e-m+fp/hard/libc.a(lib_a-locale.o)
                0x0000000020000760                __global_locale
 .data.__malloc_av_
                0x00000000200008cc      0x408 /Applications/ARM/bin/../lib/gcc/arm-none-eabi/10.3.1/../../../../arm-none-eabi/lib/thumb/v7e-m+fp/hard/libc.a(lib_a-mallocr.o)
                0x00000000200008cc                __malloc_av_
 .data.__malloc_sbrk_base